docs/plans/active/p2-owner-review.md 41ms (unchanged)
docs/plans/active/p2r1-repair.md 7ms (unchanged)
docs/plans/evidence/p2r1/accepted-skill-parity.json 11ms (unchanged)
docs/plans/evidence/p2r1/boundaries.json 1ms
docs/plans/evidence/p2r1/callback-origin-matrix.json 38ms
docs/plans/evidence/p2r1/changes.md 172ms (unchanged)
docs/plans/evidence/p2r1/counterexamples.json 27ms
docs/plans/evidence/p2r1/diff-from-publication-main.json 19ms (unchanged)
docs/plans/evidence/p2r1/diff-from-rejected.json 15ms (unchanged)
docs/plans/evidence/p2r1/full-scope-ledger.json 71ms
docs/plans/evidence/p2r1/missing-records.md 11ms (unchanged)
docs/plans/evidence/p2r1/README.md 5ms (unchanged)
docs/plans/evidence/p2r1/rejected-old-seeds.json 4ms
docs/plans/evidence/p2r1/repaired-old-seeds.json 3ms
docs/plans/evidence/p2r1/role-checks.json 8ms
docs/plans/evidence/p2r1/rows/001.json 1ms (unchanged)
docs/plans/evidence/p2r1/rows/002.json 1ms (unchanged)
docs/plans/evidence/p2r1/rows/003.json 1ms (unchanged)
docs/plans/evidence/p2r1/rows/004.json 1ms (unchanged)
docs/plans/evidence/p2r1/rows/005.json 1ms (unchanged)
docs/plans/evidence/p2r1/rows/006.json 1ms (unchanged)
docs/plans/evidence/p2r1/rows/007.json 1ms (unchanged)
docs/plans/evidence/p2r1/rows/008.json 1ms (unchanged)
docs/plans/evidence/p2r1/rows/009.json 1ms (unchanged)
docs/plans/evidence/p2r1/rows/010.json 1ms (unchanged)
docs/plans/evidence/p2r1/rows/011.json 1ms (unchanged)
docs/plans/evidence/p2r1/rows/012.json 1ms (unchanged)
docs/plans/evidence/p2r1/rows/013.json 1ms (unchanged)
docs/plans/evidence/p2r1/rows/014.json 1ms (unchanged)
docs/plans/evidence/p2r1/rows/015.json 1ms (unchanged)
docs/plans/evidence/p2r1/rows/016.json 1ms (unchanged)
docs/plans/evidence/p2r1/rows/017.json 1ms (unchanged)
docs/plans/evidence/p2r1/rows/018.json 1ms (unchanged)
docs/plans/evidence/p2r1/rows/019.json 1ms (unchanged)
docs/plans/evidence/p2r1/rows/020.json 1ms (unchanged)
docs/plans/evidence/p2r1/rows/021.json 1ms (unchanged)
docs/plans/evidence/p2r1/rows/022.json 1ms (unchanged)
docs/plans/evidence/p2r1/rows/023.json 1ms (unchanged)
docs/plans/evidence/p2r1/rows/024.json 1ms (unchanged)
docs/plans/evidence/p2r1/rows/025.json 0ms (unchanged)
docs/plans/evidence/p2r1/rows/026.json 0ms (unchanged)
docs/plans/evidence/p2r1/rows/027.json 0ms (unchanged)
docs/plans/evidence/p2r1/rows/028.json 0ms (unchanged)
docs/plans/evidence/p2r1/rows/029.json 0ms (unchanged)
docs/plans/evidence/p2r1/rows/030.json 0ms (unchanged)
docs/plans/evidence/p2r1/rows/031.json 0ms (unchanged)
docs/plans/evidence/p2r1/rows/032.json 0ms (unchanged)
docs/plans/evidence/p2r1/rows/033.json 0ms (unchanged)
docs/plans/evidence/p2r1/rows/034.json 0ms (unchanged)
docs/plans/evidence/p2r1/rows/035.json 0ms (unchanged)
docs/plans/evidence/p2r1/rows/036.json 0ms (unchanged)
docs/plans/evidence/p2r1/rows/037.json 0ms (unchanged)
docs/plans/evidence/p2r1/rows/038.json 0ms (unchanged)
docs/plans/evidence/p2r1/rows/039.json 0ms (unchanged)
docs/plans/evidence/p2r1/rows/040.json 0ms (unchanged)
docs/plans/evidence/p2r1/rows/041.json 0ms (unchanged)
docs/plans/evidence/p2r1/rows/042.json 0ms (unchanged)
docs/plans/evidence/p2r1/rows/043.json 0ms (unchanged)
docs/plans/evidence/p2r1/rows/044.json 0ms (unchanged)
docs/plans/evidence/p2r1/rows/045.json 0ms (unchanged)
docs/plans/evidence/p2r1/rows/046.json 0ms (unchanged)
docs/plans/evidence/p2r1/rows/047.json 0ms (unchanged)
docs/plans/evidence/p2r1/rows/048.json 0ms (unchanged)
docs/plans/evidence/p2r1/rows/049.json 0ms (unchanged)
docs/plans/evidence/p2r1/rows/050.json 0ms (unchanged)
docs/plans/evidence/p2r1/rows/051.json 0ms (unchanged)
docs/plans/evidence/p2r1/rows/052.json 0ms (unchanged)
docs/plans/evidence/p2r1/rows/053.json 0ms (unchanged)
docs/plans/evidence/p2r1/rows/054.json 0ms (unchanged)
docs/plans/evidence/p2r1/rows/055.json 0ms (unchanged)
docs/plans/evidence/p2r1/rows/056.json 0ms (unchanged)
docs/plans/evidence/p2r1/rows/057.json 0ms (unchanged)
docs/plans/evidence/p2r1/rows/058.json 0ms (unchanged)
docs/plans/evidence/p2r1/rows/059.json 0ms (unchanged)
docs/plans/evidence/p2r1/rows/060.json 0ms (unchanged)
docs/plans/evidence/p2r1/rows/061.json 0ms (unchanged)
docs/plans/evidence/p2r1/rows/062.json 0ms (unchanged)
docs/plans/evidence/p2r1/rows/063.json 0ms (unchanged)
docs/plans/evidence/p2r1/rows/064.json 0ms (unchanged)
docs/plans/evidence/p2r1/rows/065.json 0ms (unchanged)
docs/plans/evidence/p2r1/rows/066.json 0ms (unchanged)
docs/plans/evidence/p2r1/rows/067.json 0ms (unchanged)
docs/plans/evidence/p2r1/rows/068.json 0ms (unchanged)
docs/plans/evidence/p2r1/rows/069.json 0ms (unchanged)
docs/plans/evidence/p2r1/rows/070.json 0ms (unchanged)
docs/plans/evidence/p2r1/rows/071.json 0ms (unchanged)
docs/plans/evidence/p2r1/rows/072.json 0ms (unchanged)
docs/plans/evidence/p2r1/rows/073.json 0ms (unchanged)
docs/plans/evidence/p2r1/rows/074.json 0ms (unchanged)
docs/plans/evidence/p2r1/rows/075.json 0ms (unchanged)
docs/plans/evidence/p2r1/rows/076.json 0ms (unchanged)
docs/plans/evidence/p2r1/rows/077.json 0ms (unchanged)
docs/plans/evidence/p2r1/rows/078.json 0ms (unchanged)
docs/plans/evidence/p2r1/rows/079.json 0ms (unchanged)
docs/plans/evidence/p2r1/rows/080.json 0ms (unchanged)
docs/plans/evidence/p2r1/rows/081.json 0ms (unchanged)
docs/plans/evidence/p2r1/rows/082.json 0ms (unchanged)
docs/plans/evidence/p2r1/rows/083.json 0ms (unchanged)
docs/plans/evidence/p2r1/rows/084.json 0ms (unchanged)
docs/plans/evidence/p2r1/rows/085.json 0ms (unchanged)
docs/plans/evidence/p2r1/rows/086.json 0ms (unchanged)
docs/plans/evidence/p2r1/rows/087.json 0ms (unchanged)
docs/plans/evidence/p2r1/rows/088.json 0ms (unchanged)
docs/plans/evidence/p2r1/rows/089.json 0ms (unchanged)
docs/plans/evidence/p2r1/rows/090.json 0ms (unchanged)
docs/plans/evidence/p2r1/rows/091.json 0ms (unchanged)
docs/plans/evidence/p2r1/rows/092.json 0ms (unchanged)
docs/plans/evidence/p2r1/rows/093.json 0ms (unchanged)
docs/plans/evidence/p2r1/rows/094.json 0ms (unchanged)
docs/plans/evidence/p2r1/rows/095.json 0ms (unchanged)
docs/plans/evidence/p2r1/rows/096.json 0ms (unchanged)
docs/plans/evidence/p2r1/rows/097.json 0ms (unchanged)
docs/plans/evidence/p2r1/rows/098.json 0ms (unchanged)
docs/plans/evidence/p2r1/rows/099.json 0ms (unchanged)
docs/plans/evidence/p2r1/rows/100.json 0ms (unchanged)
docs/plans/evidence/p2r1/rows/101.json 0ms (unchanged)
docs/plans/evidence/p2r1/rows/102.json 0ms (unchanged)
docs/plans/evidence/p2r1/rows/103.json 0ms (unchanged)
docs/plans/evidence/p2r1/rows/104.json 0ms (unchanged)
docs/plans/evidence/p2r1/rows/105.json 0ms (unchanged)
docs/plans/evidence/p2r1/rows/106.json 0ms (unchanged)
docs/plans/evidence/p2r1/rows/107.json 0ms (unchanged)
docs/plans/evidence/p2r1/rows/108.json 0ms (unchanged)
docs/plans/evidence/p2r1/rows/109.json 0ms (unchanged)
docs/plans/evidence/p2r1/rows/110.json 0ms (unchanged)
docs/plans/evidence/p2r1/rows/111.json 0ms (unchanged)
docs/plans/evidence/p2r1/rows/112.json 0ms (unchanged)
docs/plans/evidence/p2r1/rows/113.json 0ms (unchanged)
docs/plans/evidence/p2r1/rows/114.json 0ms (unchanged)
docs/plans/evidence/p2r1/rows/115.json 0ms (unchanged)
docs/plans/evidence/p2r1/rows/116.json 0ms (unchanged)
docs/plans/evidence/p2r1/rows/117.json 0ms (unchanged)
docs/plans/evidence/p2r1/rows/118.json 0ms (unchanged)
docs/plans/evidence/p2r1/rows/119.json 0ms (unchanged)
docs/plans/evidence/p2r1/rows/120.json 0ms (unchanged)
docs/plans/evidence/p2r1/rows/121.json 0ms (unchanged)
docs/plans/evidence/p2r1/rows/122.json 0ms (unchanged)
docs/plans/evidence/p2r1/rows/123.json 0ms (unchanged)
docs/plans/evidence/p2r1/rows/124.json 0ms (unchanged)
docs/plans/evidence/p2r1/rows/125.json 0ms (unchanged)
docs/plans/evidence/p2r1/rows/126.json 0ms (unchanged)
docs/plans/evidence/p2r1/rows/127.json 0ms (unchanged)
docs/plans/evidence/p2r1/rows/128.json 0ms (unchanged)
docs/plans/evidence/p2r1/rows/129.json 0ms (unchanged)
docs/plans/evidence/p2r1/rows/130.json 0ms (unchanged)
docs/plans/evidence/p2r1/rows/131.json 0ms (unchanged)
docs/plans/evidence/p2r1/rows/132.json 0ms (unchanged)
docs/plans/evidence/p2r1/rows/133.json 0ms (unchanged)
docs/plans/evidence/p2r1/scoped-metrics.json 1ms
