[WebServer] (node:18238) Warning: The 'NO_COLOR' env is ignored due to the 'FORCE_COLOR' env being set.
[WebServer] (Use `node --trace-warnings ...` to show where the warning was created)


Running 15 tests using 1 worker

(node:18263) Warning: The 'NO_COLOR' env is ignored due to the 'FORCE_COLOR' env being set.
(Use `node --trace-warnings ...` to show where the warning was created)


[1/15] [chromium] › tests/e2e/legislation.spec.ts:40:3 › Moving a bill through a legislature › Kentucky: the Senate changes the bill, so the House has to agree
[2/15] [chromium] › tests/e2e/legislation.spec.ts:150:3 › Moving a bill through a legislature › Nebraska: one chamber, three floor votes on three different days
[3/15] [chromium] › tests/e2e/legislation.spec.ts:225:3 › Moving a bill through a legislature › Alaska: a whole-bill veto goes to both houses sitting together
[4/15] [chromium] › tests/e2e/legislation.spec.ts:295:3 › Moving a bill through a legislature › a bill survives two saves and reloads with several amendments
[5/15] [chromium] › tests/e2e/legislation.spec.ts:339:3 › Moving a bill through a legislature › the player surface speaks plainly
[6/15] [chromium] › tests/e2e/legislation.spec.ts:373:5 › Moving a bill through a legislature › says on the page that the bill is written, not sourced: /?view=legislation&place=kentucky
[7/15] [chromium] › tests/e2e/legislation.spec.ts:373:5 › Moving a bill through a legislature › says on the page that the bill is written, not sourced: /?view=legislation&place=nebraska
[8/15] [chromium] › tests/e2e/legislation.spec.ts:373:5 › Moving a bill through a legislature › says on the page that the bill is written, not sourced: /?view=legislation&place=alaska
[9/15] [chromium] › tests/e2e/legislation.spec.ts:373:5 › Moving a bill through a legislature › says on the page that the bill is written, not sourced: /?view=legislation&place=kentucky-signage
[10/15] [chromium] › tests/e2e/legislation.spec.ts:373:5 › Moving a bill through a legislature › says on the page that the bill is written, not sourced: /?view=legislation&place=nebraska-credentials
[11/15] [chromium] › tests/e2e/legislation.spec.ts:373:5 › Moving a bill through a legislature › says on the page that the bill is written, not sourced: /?view=legislation&place=alaska-ferry-notice
[12/15] [chromium] › tests/e2e/legislation.spec.ts:383:3 › Moving a bill through a legislature › the office shell offers a way in
[13/15] [chromium] › tests/e2e/municipal-public-work.spec.ts:16:5 › municipal feature pointer, keyboard and saved state › citizen 5114968: attend, reload, refuse duplicate without writes
[14/15] [chromium] › tests/e2e/municipal-public-work.spec.ts:16:5 › municipal feature pointer, keyboard and saved state › citizen 3209700: attend, reload, refuse duplicate without writes
[15/15] [chromium] › tests/e2e/municipal-public-work.spec.ts:80:3 › municipal feature pointer, keyboard and saved state › current member can prepare canonical work with keyboard; duplicate is no-write
  15 passed (48.2s)
