[storage-guard] e2e-capture: reserved 2.0 GiB; reserve 25 GiB kept free.
[WebServer] (node:43523) Warning: The 'NO_COLOR' env is ignored due to the 'FORCE_COLOR' env being set.
[WebServer] (Use `node --trace-warnings ...` to show where the warning was created)

[WebServer] (!) Your Vite config uses features that are unsupported by `configLoader: 'native'`, which is planned to become the default in a future major version of Vite:
[WebServer]   - import "./scripts/dev-lab/runtime-art-build" without a file extension (vite.config.ts:1:33). Add the file extension
[WebServer]   - import "./scripts/dev-lab/runtime-content-origin" without a file extension (vite.config.ts:2:38). Add the file extension
[WebServer]   - import "./scripts/dev-lab/vite-identity" without a file extension (vite.config.ts:19:33). Add the file extension
[WebServer]   - import "./scripts/dev-lab/art-desk-bridge" without a file extension (vite.config.ts:20:31). Add the file extension
[WebServer]   - import "./scripts/dev-lab/artbench-bridge" without a file extension (vite.config.ts:21:32). Add the file extension
[WebServer]   - import "./scripts/dev-lab/round-robin-sequencer" without a file extension (vite.config.ts:22:37). Add the file extension
[WebServer]   - import "../../src/authoring/artbench" without a file extension (scripts/dev-lab/artbench-bridge.ts:19:8). Add the file extension
[WebServer]   - import "./identity" without a file extension (scripts/dev-lab/vite-identity.ts:3:32). Add the file extension
[WebServer]   - import "./art-desk-inputs" without a file extension (scripts/dev-lab/art-desk-bridge.ts:33:8). Add the file extension
[WebServer]   - import "../../src/authoring/art-desk-cards" without a file extension (scripts/dev-lab/artbench-bridge.ts:26:8). Add the file extension
[WebServer]   - import "./raster-decode" without a file extension (scripts/dev-lab/art-desk-bridge.ts:34:30). Add the file extension
[WebServer]   - import "../../src/authoring/art-desk-request-code" without a file extension (scripts/dev-lab/artbench-bridge.ts:27:36). Add the file extension
[WebServer]   - import "./art-desk-inputs" without a file extension (scripts/dev-lab/art-desk-bridge.ts:36:43). Add the file extension
[WebServer]   - import "./art-desk-bridge" without a file extension (scripts/dev-lab/artbench-bridge.ts:28:50). Add the file extension
[WebServer]   - import "./artbench-store" without a file extension (scripts/dev-lab/artbench-bridge.ts:36:8). Add the file extension
[WebServer]   - import "./artbench-thumbnails" without a file extension (scripts/dev-lab/artbench-bridge.ts:37:32). Add the file extension
[WebServer]   - import "./raster-decode" without a file extension (scripts/dev-lab/art-desk-inputs.ts:14:30). Add the file extension
[WebServer]   - import "./asset-request" without a file extension (src/authoring/art-desk-cards.ts:1:35). Add the file extension
[WebServer]   - import "./asset-request" without a file extension (src/authoring/art-desk-request-code.ts:1:35). Add the file extension
[WebServer]   - import "../../src/authoring/artbench" without a file extension (scripts/dev-lab/artbench-store.ts:63:8). Add the file extension
[WebServer]   - import "./art-desk-usage" without a file extension (src/authoring/art-desk-cards.ts:2:55). Add the file extension
[WebServer]   - import "./artbench" without a file extension (src/authoring/art-desk-request-code.ts:2:41). Add the file extension
[WebServer]   - import "../../src/authoring/asset-request" without a file extension (scripts/dev-lab/artbench-store.ts:64:35). Add the file extension
[WebServer]   - import "./art-desk-request-code" without a file extension (src/authoring/art-desk-cards.ts:6:8). Add the file extension
[WebServer]   - import "../../src/authoring/art-desk-request-code" without a file extension (scripts/dev-lab/artbench-store.ts:68:8). Add the file extension
[WebServer]   - import "./artbench" without a file extension (src/authoring/art-desk-cards.ts:15:8). Add the file extension
[WebServer]   - import "../../src/authoring/art-desk-cards" without a file extension (scripts/dev-lab/artbench-store.ts:69:40). Add the file extension
[WebServer]   - import "./artbench" without a file extension (src/authoring/art-desk-cards.ts:16:34). Add the file extension
[WebServer]   - import "../../src/authoring/asset-review" without a file extension (scripts/dev-lab/artbench-store.ts:70:42). Add the file extension
[WebServer]   - import "../../src/authoring/art-desk-notifications" without a file extension (scripts/dev-lab/artbench-store.ts:71:38). Add the file extension
[WebServer]   - import "./art-desk-inputs" without a file extension (scripts/dev-lab/artbench-store.ts:72:27). Add the file extension
[WebServer]   - import "./raster-decode" without a file extension (scripts/dev-lab/artbench-store.ts:73:50). Add the file extension
[WebServer]   - import "./asset-request" without a file extension (src/authoring/artbench.ts:18:35). Add the file extension
[WebServer]   - import "./artbench" without a file extension (src/authoring/art-desk-usage.ts:1:61). Add the file extension
[WebServer]   - import "./asset-review" without a file extension (src/authoring/artbench.ts:19:42). Add the file extension
[WebServer]   - import "./artbench" without a file extension (src/authoring/art-desk-notifications.ts:1:59). Add the file extension
[WebServer]   - import "./art-desk-cards" without a file extension (src/authoring/art-desk-notifications.ts:7:8). Add the file extension
[WebServer] Set `VITE_CONFIG_NATIVE_IGNORE_WARNING=true` to suppress this warning.


Running 1 test using 1 worker

(node:43710) Warning: The 'NO_COLOR' env is ignored due to the 'FORCE_COLOR' env being set.
(Use `node --trace-warnings ...` to show where the warning was created)


[1/1] [chromium] › test-results/session2/creator-confirmation-baseline.spec.ts:9:1 › measures the remaining Creator questions confirmation
[chromium] › test-results/session2/creator-confirmation-baseline.spec.ts:9:1 › measures the remaining Creator questions confirmation
{"seed":"session2-creator-confirmation-baseline","place":"Valle Crucis, North Carolina","placeKey":"3769600","remainingConfirmation":"CONTINUE TO QUESTIONS"}

  1 passed (58.4s)
