[WebServer] (node:48679) Warning: The 'NO_COLOR' env is ignored due to the 'FORCE_COLOR' env being set.
[WebServer] (Use `node --trace-warnings ...` to show where the warning was created)

[WebServer] (node:48683) Warning: The 'NO_COLOR' env is ignored due to the 'FORCE_COLOR' env being set.
[WebServer] (Use `node --trace-warnings ...` to show where the warning was created)

[WebServer] (!) Your Vite config uses features that are unsupported by `configLoader: 'native'`, which is planned to become the default in a future major version of Vite:
[WebServer]   - import "./scripts/dev-lab/vite-identity" without a file extension (vite.config.ts:17:33). Add the file extension
[WebServer]   - import "./identity" without a file extension (scripts/dev-lab/vite-identity.ts:3:32). Add the file extension
[WebServer] Set `VITE_CONFIG_NATIVE_IGNORE_WARNING=true` to suppress this warning.


Running 1 test using 1 worker

(node:48905) Warning: The 'NO_COLOR' env is ignored due to the 'FORCE_COLOR' env being set.
(Use `node --trace-warnings ...` to show where the warning was created)


[1/1] [chromium] › tests/acceptance/municipal-load.browser.ts:4:1 › the original twelve-navigation authored-bill workload
[WebServer]   vite:transform 10.14ms /src/main.tsx +0ms

[WebServer]   vite:transform 26.98ms /@react-refresh +39ms

[WebServer]   vite:transform 45.88ms /test-results/cache/muni-load6-after-complete/deps/react.js?v=aad7b922 +15ms

[WebServer]   vite:transform 47.03ms /test-results/cache/muni-load6-after-complete/deps/react_jsx-dev-runtime.js?v=aad7b922 +4ms

[WebServer]   vite:transform 40.99ms /src/styles.css +2ms

[WebServer]   vite:transform 42.23ms /src/player/player.css +1ms

[WebServer]   vite:transform 65.68ms /test-results/cache/muni-load6-after-complete/deps/react-dom_client.js?v=06532664 +19ms

[WebServer]   vite:transform 77.23ms /src/App.tsx +16ms

[WebServer]   vite:transform 4.72ms [skipped] /test-results/cache/muni-load6-after-complete/deps/rolldown-runtime-BvCyGRYZ.js?v=dcc55f43 +4ms

[WebServer]   vite:transform 5.69ms /test-results/cache/muni-load6-after-complete/deps/react-dom.js?v=aad7b922 +2ms

[WebServer]   vite:transform 13.56ms /@vite/client +8ms

[WebServer]   vite:transform 22.30ms /src/player/MeasureFloorView.tsx +14ms

[WebServer]   vite:transform 23.08ms /src/player/PlayerOffice.tsx +1ms

[WebServer]   vite:transform 23.73ms /src/ui/CausalTraceView.tsx +0ms

[WebServer]   vite:transform 24.57ms /src/ui/CharacterProofView.tsx +1ms

[WebServer]   vite:transform 25.64ms /src/ui/DeveloperViewer.tsx +2ms

[WebServer]   vite:transform 25.62ms /src/ui/ContentBrowserView.tsx +0ms

[WebServer]   vite:transform 25.76ms /src/ui/SceneAuthoringProofView.tsx +0ms

[WebServer]   vite:transform 25.82ms /src/ui/ProductionOfficeProofView.tsx +1ms

[WebServer]   vite:transform 25.84ms /src/ui/ScenePresentationProofView.tsx +0ms

[WebServer]   vite:transform 25.94ms /src/player/LegislationWorkspace.tsx +0ms

[WebServer]   vite:transform 29.48ms /src/player/PlayerGame.tsx +4ms

[WebServer]   vite:transform 42.10ms /src/ui/SceneGalleryView.tsx +12ms

[WebServer]   vite:transform 12.86ms [skipped] /docs/agent/evidence/office-clipping-after-1440x900.png +6ms

[WebServer]   vite:transform 12.97ms [skipped] /docs/agent/evidence/office-clipping-before-1440x900.png +0ms

[WebServer]   vite:transform 16.29ms ../../../Users/lamontae/Documents/Political Game/node_modules/vite/dist/client/env.mjs +7ms

[WebServer]   vite:transform 25.77ms /src/presentation/run-a-learning.ts +19ms

[WebServer]   vite:transform 26.14ms /src/presentation/run-c-document-state.ts +1ms

[WebServer]   vite:transform 26.04ms /src/presentation/run-b-conversation-state.ts +0ms

[WebServer]   vite:transform 26.00ms /src/presentation/run-b-conversation-progress.ts +1ms

[WebServer]   vite:transform 25.99ms /src/presentation/run-d-lite-state.ts +0ms

[WebServer]   vite:transform 27.32ms /src/ui/causal-trace.css +2ms

[WebServer]   vite:transform 27.37ms /art/manifest/provenance.json +0ms

[WebServer]   vite:transform 27.26ms [skipped] /art/generated/candidates/ocd-p71/bodies/ocd_body_adult_fem_seated_conversational_left_v1.png?url +0ms

[WebServer]   vite:transform 27.27ms [skipped] /art/generated/candidates/ocd-p71/bodies/ocd_body_adult_fem_seated_gesture_forward_v1.png?url +0ms
[WebServer]   vite:transform 27.27ms [skipped] /art/generated/candidates/ocd-p71/bodies/ocd_body_adult_fem_seated_guest_front_v1.png?url +0ms
[WebServer]   vite:transform 27.27ms [skipped] /art/generated/candidates/ocd-p71/bodies/ocd_body_adult_fem_seated_guest_three_quarter_v1.png?url +0ms

[WebServer]   vite:transform 27.28ms [skipped] /art/generated/candidates/ocd-p71/bodies/ocd_body_adult_fem_standing_conversational_a_v1.png?url +0ms
[WebServer]   vite:transform 27.28ms [skipped] /art/generated/candidates/ocd-p71/bodies/ocd_body_adult_fem_standing_conversational_b_v1.png?url +0ms

[WebServer]   vite:transform 27.18ms [skipped] /art/generated/candidates/ocd-p71/bodies/ocd_body_adult_fem_standing_neutral_a_v1.png?url +0ms

[WebServer]   vite:transform 27.17ms [skipped] /art/generated/candidates/ocd-p71/bodies/ocd_body_adult_fem_standing_neutral_b_v1.png?url +0ms

[WebServer]   vite:transform 27.17ms [skipped] /art/generated/candidates/ocd-p71/footwear/ocd_footwear_black_cap_toe_oxford_v1.png?url +0ms

[WebServer]   vite:transform 27.17ms [skipped] /art/generated/candidates/ocd-p71/footwear/ocd_footwear_blue_running_shoe_v1.png?url +1ms

[WebServer]   vite:transform 27.18ms [skipped] /art/generated/candidates/ocd-p71/footwear/ocd_footwear_brown_penny_loafer_v1.png?url +0ms

[WebServer]   vite:transform 27.19ms [skipped] /art/generated/candidates/ocd-p71/footwear/ocd_footwear_brown_strap_sandal_v1.png?url +0ms

[WebServer]   vite:transform 27.18ms [skipped] /art/generated/candidates/ocd-p71/footwear/ocd_footwear_green_ballet_flat_v1.png?url +0ms

[WebServer]   vite:transform 27.19ms [skipped] /art/generated/candidates/ocd-p71/footwear/ocd_footwear_grey_court_sneaker_v1.png?url +0ms

[WebServer]   vite:transform 27.19ms [skipped] /art/generated/candidates/ocd-p71/footwear/ocd_footwear_grey_low_block_heel_v1.png?url +0ms

[WebServer]   vite:transform 27.20ms [skipped] /art/generated/candidates/ocd-p71/footwear/ocd_footwear_navy_canvas_plimsoll_v1.png?url +0ms
[WebServer]   vite:transform 27.20ms [skipped] /art/generated/candidates/ocd-p71/footwear/ocd_footwear_olive_hiking_boot_v1.png?url +0ms

[WebServer]   vite:transform 27.21ms [skipped] /art/generated/candidates/ocd-p71/footwear/ocd_footwear_plum_mid_block_heel_v1.png?url +0ms

[WebServer]   vite:transform 27.22ms [skipped] /art/generated/candidates/ocd-p71/footwear/ocd_footwear_tan_work_boot_v1.png?url +0ms

[WebServer]   vite:transform 27.22ms [skipped] /art/generated/candidates/ocd-p71/footwear/ocd_footwear_taupe_chukka_boot_v1.png?url +0ms

[WebServer]   vite:transform 27.23ms [skipped] /art/generated/candidates/ocd-p71/heads/ocd_head_adult_deep_oval_adult_v1.png?url +0ms

[WebServer]   vite:transform 27.23ms [skipped] /art/generated/candidates/ocd-p71/heads/ocd_head_adult_deep_round_young_v1.png?url +0ms

[WebServer]   vite:transform 27.24ms [skipped] /art/generated/candidates/ocd-p71/heads/ocd_head_adult_deep_square_adult_masc_v1.png?url +0ms

[WebServer]   vite:transform 27.24ms [skipped] /art/generated/candidates/ocd-p71/heads/ocd_head_adult_light_long_older_v1.png?url +0ms

[WebServer]   vite:transform 27.25ms [skipped] /art/generated/candidates/ocd-p71/heads/ocd_head_adult_light_oval_young_fem_v1.png?url +0ms
[WebServer]   vite:transform 27.25ms [skipped] /art/generated/candidates/ocd-p71/heads/ocd_head_adult_light_oval_young_v1.png?url +0ms

[WebServer]   vite:transform 27.26ms [skipped] /art/generated/candidates/ocd-p71/heads/ocd_head_adult_light_square_older_lined_v1.png?url +0ms
[WebServer]   vite:transform 27.27ms [skipped] /art/generated/candidates/ocd-p71/heads/ocd_head_adult_light_square_older_masc_v1.png?url +0ms
[WebServer]   vite:transform 27.27ms [skipped] /art/generated/candidates/ocd-p71/heads/ocd_head_adult_olive_oval_adult_v1.png?url +0ms
[WebServer]   vite:transform 27.28ms [skipped] /art/generated/candidates/ocd-p71/heads/ocd_head_adult_tan_oval_adult_fem_v1.png?url +0ms
[WebServer]   vite:transform 27.28ms [skipped] /art/generated/candidates/ocd-p71/heads/ocd_head_adult_tan_round_young_v1.png?url +0ms

[WebServer]   vite:transform 27.28ms [skipped] /art/generated/candidates/ocd-p71/heads/ocd_head_adult_tan_square_adult_masc_v1.png?url +0ms
[WebServer]   vite:transform 27.29ms [skipped] /art/generated/candidates/ocd-p76/bodies-despilled/ocd_body_adult_fem_seated_conversational_left_v1.png?url +0ms

[WebServer]   vite:transform 27.30ms [skipped] /art/generated/candidates/ocd-p76/bodies-despilled/ocd_body_adult_fem_seated_gesture_forward_v1.png?url +0ms
[WebServer]   vite:transform 27.31ms [skipped] /art/generated/candidates/ocd-p76/bodies-despilled/ocd_body_adult_fem_seated_guest_front_v1.png?url +0ms

[WebServer]   vite:transform 27.36ms [skipped] /art/generated/candidates/ocd-p76/bodies-despilled/ocd_body_adult_fem_seated_guest_three_quarter_v1.png?url +0ms
[WebServer]   vite:transform 27.36ms [skipped] /art/generated/candidates/ocd-p76/bodies-despilled/ocd_body_adult_fem_standing_conversational_a_v1.png?url +0ms
[WebServer]   vite:transform 27.37ms [skipped] /art/generated/candidates/ocd-p76/bodies-despilled/ocd_body_adult_fem_standing_conversational_b_v1.png?url +0ms
[WebServer]   vite:transform 27.37ms [skipped] /art/generated/candidates/ocd-p76/bodies-despilled/ocd_body_adult_fem_standing_neutral_a_v1.png?url +0ms
[WebServer]   vite:transform 27.38ms [skipped] /art/generated/candidates/ocd-p76/bodies-despilled/ocd_body_adult_fem_standing_neutral_b_v1.png?url +0ms
[WebServer]   vite:transform 27.38ms [skipped] /art/generated/candidates/recent-drive-sweep/fat-man/wave_a_fat_man_seated_conversational_open_hand_v1.png?url +0ms
[WebServer]   vite:transform 27.39ms [skipped] /art/generated/candidates/recent-drive-sweep/fat-man/wave_a_fat_man_seated_front_chair_v1.png?url +0ms
[WebServer]   vite:transform 27.40ms [skipped] /art/generated/candidates/recent-drive-sweep/fat-man/wave_a_fat_man_seated_interaction_surface_v1.png?url +0ms

[WebServer]   vite:transform 27.41ms [skipped] /art/generated/candidates/recent-drive-sweep/fat-man/wave_a_fat_man_standing_conversational_open_hand_v1.png?url +0ms
[WebServer]   vite:transform 27.42ms [skipped] /art/generated/candidates/recent-drive-sweep/fat-man/wave_a_fat_man_standing_lectern_interaction_v1.png?url +0ms
[WebServer]   vite:transform 27.42ms [skipped] /art/generated/candidates/recent-drive-sweep/fat-man/wave_a_fat_man_standing_neutral_back_v1.png?url +0ms
[WebServer]   vite:transform 27.43ms [skipped] /art/generated/candidates/recent-drive-sweep/fat-man/wave_a_fat_man_standing_neutral_front_a_v1.png?url +0ms
[WebServer]   vite:transform 27.44ms [skipped] /art/generated/candidates/recent-drive-sweep/fat-man/wave_a_fat_man_standing_neutral_profile_v1.png?url +0ms

[WebServer]   vite:transform 27.44ms [skipped] /art/generated/candidates/recent-drive-sweep/female-tops/wave_a_female_top_brown_fur_hood_parka_v1.png?url +0ms
[WebServer]   vite:transform 27.45ms [skipped] /art/generated/candidates/recent-drive-sweep/female-tops/wave_a_female_top_burgundy_short_sleeve_polo_v1.png?url +0ms
[WebServer]   vite:transform 27.45ms [skipped] /art/generated/candidates/recent-drive-sweep/female-tops/wave_a_female_top_charcoal_blazer_v1.png?url +0ms
[WebServer]   vite:transform 27.45ms [skipped] /art/generated/candidates/recent-drive-sweep/female-tops/wave_a_female_top_cream_cardigan_v1.png?url +0ms

[WebServer]   vite:transform 27.46ms [skipped] /art/generated/candidates/recent-drive-sweep/female-tops/wave_a_female_top_gray_short_sleeve_tee_v1.png?url +0ms
[WebServer]   vite:transform 27.47ms [skipped] /art/generated/candidates/recent-drive-sweep/female-tops/wave_a_female_top_mustard_cable_sweater_v1.png?url +0ms
[WebServer]   vite:transform 27.47ms [skipped] /art/generated/candidates/recent-drive-sweep/female-tops/wave_a_female_top_navy_zip_hoodie_v1.png?url +0ms

[WebServer]   vite:transform 27.48ms [skipped] /art/generated/candidates/recent-drive-sweep/female-tops/wave_a_female_top_olive_button_up_shirt_v1.png?url +0ms
[WebServer]   vite:transform 27.48ms [skipped] /art/generated/candidates/recent-drive-sweep/female-tops/wave_a_female_top_olive_puffer_vest_layered_v1.png?url +0ms
[WebServer]   vite:transform 27.49ms [skipped] /art/generated/candidates/recent-drive-sweep/female-tops/wave_a_female_top_plaid_overshirt_v1.png?url +0ms

[WebServer]   vite:transform 27.50ms [skipped] /art/generated/candidates/recent-drive-sweep/female-tops/wave_a_female_top_tan_utility_shirt_v1.png?url +0ms
[WebServer]   vite:transform 27.50ms [skipped] /art/generated/candidates/recent-drive-sweep/female-tops/wave_a_female_top_teal_shell_jacket_v1.png?url +0ms
[WebServer]   vite:transform 27.51ms [skipped] /art/generated/candidates/recent-drive-sweep/front-facing-footwear/wave_a_footwear_athletic_sneaker_blue_v1.png?url +0ms
[WebServer]   vite:transform 27.51ms [skipped] /art/generated/candidates/recent-drive-sweep/front-facing-footwear/wave_a_footwear_canvas_sneaker_navy_v1.png?url +0ms

[WebServer]   vite:transform 27.52ms [skipped] /art/generated/candidates/recent-drive-sweep/front-facing-footwear/wave_a_footwear_chukka_taupe_v1.png?url +0ms
[WebServer]   vite:transform 27.53ms [skipped] /art/generated/candidates/recent-drive-sweep/front-facing-footwear/wave_a_footwear_combat_boot_olive_v1.png?url +0ms
[WebServer]   vite:transform 27.53ms [skipped] /art/generated/candidates/recent-drive-sweep/front-facing-footwear/wave_a_footwear_flat_green_v1.png?url +0ms
[WebServer]   vite:transform 27.54ms [skipped] /art/generated/candidates/recent-drive-sweep/front-facing-footwear/wave_a_footwear_loafer_brown_v1.png?url +0ms

[WebServer]   vite:transform 27.54ms [skipped] /art/generated/candidates/recent-drive-sweep/front-facing-footwear/wave_a_footwear_low_top_sneaker_gray_v1.png?url +0ms

[WebServer]   vite:transform 27.54ms [skipped] /art/generated/candidates/recent-drive-sweep/front-facing-footwear/wave_a_footwear_oxford_black_v1.png?url +0ms
[WebServer]   vite:transform 27.55ms [skipped] /art/generated/candidates/recent-drive-sweep/front-facing-footwear/wave_a_footwear_pump_burgundy_v1.png?url +0ms

[WebServer]   vite:transform 27.55ms [skipped] /art/generated/candidates/recent-drive-sweep/front-facing-footwear/wave_a_footwear_pump_gray_v1.png?url +1ms

[WebServer]   vite:transform 27.55ms [skipped] /art/generated/candidates/recent-drive-sweep/front-facing-footwear/wave_a_footwear_sandal_brown_v1.png?url +0ms
[WebServer]   vite:transform 27.56ms [skipped] /art/generated/candidates/recent-drive-sweep/front-facing-footwear/wave_a_footwear_work_boot_tan_v1.png?url +0ms

[WebServer]   vite:transform 27.56ms [skipped] /art/generated/candidates/recent-drive-sweep/male-bottoms/wave_a_male_bottom_black_joggers_v1.png?url +0ms

[WebServer]   vite:transform 27.56ms [skipped] /art/generated/candidates/recent-drive-sweep/male-bottoms/wave_a_male_bottom_blue_straight_jeans_v1.png?url +0ms

[WebServer]   vite:transform 27.56ms [skipped] /art/generated/candidates/recent-drive-sweep/male-bottoms/wave_a_male_bottom_brown_corduroy_trousers_v1.png?url +0ms
[WebServer]   vite:transform 27.57ms [skipped] /art/generated/candidates/recent-drive-sweep/male-bottoms/wave_a_male_bottom_charcoal_dress_trousers_v1.png?url +0ms

[WebServer]   vite:transform 27.57ms [skipped] /art/generated/candidates/recent-drive-sweep/male-bottoms/wave_a_male_bottom_dark_blue_slim_jeans_v1.png?url +0ms

[WebServer]   vite:transform 27.58ms [skipped] /art/generated/candidates/recent-drive-sweep/male-bottoms/wave_a_male_bottom_khaki_chinos_v1.png?url +0ms

[WebServer]   vite:transform 27.57ms [skipped] /art/generated/candidates/recent-drive-sweep/male-bottoms/wave_a_male_bottom_khaki_shorts_v1.png?url +0ms

[WebServer]   vite:transform 27.58ms [skipped] /art/generated/candidates/recent-drive-sweep/male-bottoms/wave_a_male_bottom_light_blue_dress_trousers_v1.png?url +0ms
[WebServer]   vite:transform 27.58ms [skipped] /art/generated/candidates/recent-drive-sweep/male-bottoms/wave_a_male_bottom_light_gray_dress_trousers_v1.png?url +0ms

[WebServer]   vite:transform 27.58ms [skipped] /art/generated/candidates/recent-drive-sweep/male-bottoms/wave_a_male_bottom_navy_work_trousers_v1.png?url +0ms

[WebServer]   vite:transform 27.59ms [skipped] /art/generated/candidates/recent-drive-sweep/male-bottoms/wave_a_male_bottom_olive_cargo_trousers_v1.png?url +0ms
[WebServer]   vite:transform 27.59ms [skipped] /art/generated/candidates/recent-drive-sweep/male-bottoms/wave_a_male_bottom_tan_cargo_trousers_v1.png?url +0ms

[WebServer]   vite:transform 27.59ms [skipped] /art/generated/candidates/recent-drive-sweep/male-tops/wave_a_male_top_brown_fur_hood_parka_v1.png?url +0ms

[WebServer]   vite:transform 27.59ms [skipped] /art/generated/candidates/recent-drive-sweep/male-tops/wave_a_male_top_burgundy_long_sleeve_polo_v1.png?url +0ms

[WebServer]   vite:transform 27.60ms [skipped] /art/generated/candidates/recent-drive-sweep/male-tops/wave_a_male_top_charcoal_blazer_v1.png?url +0ms
[WebServer]   vite:transform 27.60ms [skipped] /art/generated/candidates/recent-drive-sweep/male-tops/wave_a_male_top_charcoal_puffer_vest_layered_v1.png?url +0ms

[WebServer]   vite:transform 27.60ms [skipped] /art/generated/candidates/recent-drive-sweep/male-tops/wave_a_male_top_cream_cardigan_v1.png?url +0ms

[WebServer]   vite:transform 27.61ms [skipped] /art/generated/candidates/recent-drive-sweep/male-tops/wave_a_male_top_gray_long_sleeve_tee_v1.png?url +0ms
[WebServer]   vite:transform 27.61ms [skipped] /art/generated/candidates/recent-drive-sweep/male-tops/wave_a_male_top_green_cable_sweater_v1.png?url +0ms

[WebServer]   vite:transform 27.61ms [skipped] /art/generated/candidates/recent-drive-sweep/male-tops/wave_a_male_top_navy_zip_hoodie_v1.png?url +0ms

[WebServer]   vite:transform 27.61ms [skipped] /art/generated/candidates/recent-drive-sweep/male-tops/wave_a_male_top_olive_shell_jacket_v1.png?url +0ms

[WebServer]   vite:transform 27.62ms [skipped] /art/generated/candidates/recent-drive-sweep/male-tops/wave_a_male_top_plaid_overshirt_v1.png?url +0ms
[WebServer]   vite:transform 27.62ms [skipped] /art/generated/candidates/recent-drive-sweep/male-tops/wave_a_male_top_tan_utility_shirt_v1.png?url +0ms

[WebServer]   vite:transform 27.62ms [skipped] /art/generated/candidates/recent-drive-sweep/male-tops/wave_a_male_top_white_button_up_shirt_v1.png?url +0ms

[WebServer]   vite:transform 27.63ms [skipped] /art/generated/candidates/recent-drive-sweep/skinny-man/wave_a_skinny_man_seated_conversational_open_hand_v1.png?url +0ms

[WebServer]   vite:transform 27.63ms [skipped] /art/generated/candidates/recent-drive-sweep/skinny-man/wave_a_skinny_man_seated_front_chair_v1.png?url +0ms

[WebServer]   vite:transform 27.64ms [skipped] /art/generated/candidates/recent-drive-sweep/skinny-man/wave_a_skinny_man_seated_interaction_surface_v1.png?url +0ms

[WebServer]   vite:transform 27.64ms [skipped] /art/generated/candidates/recent-drive-sweep/skinny-man/wave_a_skinny_man_standing_conversational_open_hand_v1.png?url +0ms

[WebServer]   vite:transform 27.65ms [skipped] /art/generated/candidates/recent-drive-sweep/skinny-man/wave_a_skinny_man_standing_lectern_interaction_v1.png?url +0ms

[WebServer]   vite:transform 27.65ms [skipped] /art/generated/candidates/recent-drive-sweep/skinny-man/wave_a_skinny_man_standing_neutral_back_v1.png?url +0ms
[WebServer]   vite:transform 27.65ms [skipped] /art/generated/candidates/recent-drive-sweep/skinny-man/wave_a_skinny_man_standing_neutral_front_a_v1.png?url +0ms

[WebServer]   vite:transform 27.65ms [skipped] /art/generated/candidates/recent-drive-sweep/skinny-man/wave_a_skinny_man_standing_neutral_three_quarter_v1.png?url +0ms

[WebServer]   vite:transform 27.66ms [skipped] /art/generated/candidates/recent-drive-sweep/supplies-coarse-regions/wave_a_supplies_R1C1_single_phone_v1.png?url +0ms

[WebServer]   vite:transform 27.66ms [skipped] /art/generated/candidates/recent-drive-sweep/supplies-coarse-regions/wave_a_supplies_R1C2_multiple_notebook_clipboard_lanyard_v1.png?url +0ms

[WebServer]   vite:transform 27.66ms [skipped] /art/generated/candidates/recent-drive-sweep/supplies-coarse-regions/wave_a_supplies_R1C3_single_earbud_case_v1.png?url +0ms
[WebServer]   vite:transform 27.67ms [skipped] /art/generated/candidates/recent-drive-sweep/supplies-coarse-regions/wave_a_supplies_R1C4_single_usb_cable_v1.png?url +0ms

[WebServer]   vite:transform 27.67ms [skipped] /art/generated/candidates/recent-drive-sweep/supplies-coarse-regions/wave_a_supplies_R2C1_single_legal_pad_v1.png?url +0ms

[WebServer]   vite:transform 27.67ms [skipped] /art/generated/candidates/recent-drive-sweep/supplies-coarse-regions/wave_a_supplies_R2C2_multiple_binder_folder_document_wallet_v1.png?url +0ms

[WebServer]   vite:transform 27.68ms [skipped] /art/generated/candidates/recent-drive-sweep/supplies-coarse-regions/wave_a_supplies_R2C3_single_stapler_v1.png?url +0ms

[WebServer]   vite:transform 27.68ms [skipped] /art/generated/candidates/recent-drive-sweep/supplies-coarse-regions/wave_a_supplies_R2C4_single_sticky_notes_v1.png?url +0ms

[WebServer]   vite:transform 27.69ms [skipped] /art/generated/candidates/recent-drive-sweep/supplies-coarse-regions/wave_a_supplies_R3C1_multiple_bottle_note_envelope_v1.png?url +0ms

[WebServer]   vite:transform 27.70ms [skipped] /art/generated/candidates/recent-drive-sweep/supplies-coarse-regions/wave_a_supplies_R3C2_multiple_coffee_mug_keys_writing_news_v1.png?url +0ms

[WebServer]   vite:transform 27.70ms [skipped] /art/generated/candidates/recent-drive-sweep/supplies-coarse-regions/wave_a_supplies_R3C3_multiple_cards_umbrella_backpack_v1.png?url +0ms

[WebServer]   vite:transform 27.71ms [skipped] /art/generated/candidates/recent-drive-sweep/supplies-coarse-regions/wave_a_supplies_R3C4_multiple_pencil_briefcase_v1.png?url +0ms

[WebServer]   vite:transform 27.71ms [skipped] /art/generated/candidates/wave-a-morphology/additional-fat-female-pose/wave_a_additional_fat_female_seated_interaction_surface_v1.png?url +0ms

[WebServer]   vite:transform 27.72ms [skipped] /art/generated/candidates/wave-a-morphology/additional-fat-female-pose/wave_a_additional_fat_female_standing_conversational_hands_clasped_v1.png?url +0ms
[WebServer]   vite:transform 27.72ms [skipped] /art/generated/candidates/wave-a-morphology/additional-fat-female-pose/wave_a_additional_fat_female_standing_lectern_interaction_v1.png?url +0ms

[WebServer]   vite:transform 27.72ms [skipped] /art/generated/candidates/wave-a-morphology/average-man/wave_a_average_man_seated_conversational_open_hand_v1.png?url +0ms

[WebServer]   vite:transform 27.72ms [skipped] /art/generated/candidates/wave-a-morphology/average-man/wave_a_average_man_seated_front_neutral_v1.png?url +0ms

[WebServer]   vite:transform 27.72ms [skipped] /art/generated/candidates/wave-a-morphology/average-man/wave_a_average_man_seated_interaction_surface_v1.png?url +0ms

[WebServer]   vite:transform 27.72ms [skipped] /art/generated/candidates/wave-a-morphology/average-man/wave_a_average_man_standing_conversational_open_hand_v1.png?url +0ms
[WebServer]   vite:transform 27.73ms [skipped] /art/generated/candidates/wave-a-morphology/average-man/wave_a_average_man_standing_interaction_surface_v1.png?url +0ms

[WebServer]   vite:transform 27.73ms [skipped] /art/generated/candidates/wave-a-morphology/average-man/wave_a_average_man_standing_neutral_front_a_v1.png?url +0ms

[WebServer]   vite:transform 27.73ms [skipped] /art/generated/candidates/wave-a-morphology/average-man/wave_a_average_man_standing_neutral_front_b_v1.png?url +0ms

[WebServer]   vite:transform 27.74ms [skipped] /art/generated/candidates/wave-a-morphology/average-man/wave_a_average_man_standing_neutral_three_quarter_v1.png?url +0ms

[WebServer]   vite:transform 27.74ms [skipped] /art/generated/candidates/wave-a-morphology/average-woman/wave_a_average_woman_seated_conversational_open_hand_v1.png?url +0ms

[WebServer]   vite:transform 27.74ms [skipped] /art/generated/candidates/wave-a-morphology/average-woman/wave_a_average_woman_seated_front_neutral_v1.png?url +0ms
[WebServer]   vite:transform 27.75ms [skipped] /art/generated/candidates/wave-a-morphology/average-woman/wave_a_average_woman_seated_interaction_surface_v1.png?url +0ms

[WebServer]   vite:transform 27.75ms [skipped] /art/generated/candidates/wave-a-morphology/average-woman/wave_a_average_woman_standing_conversational_open_hand_v1.png?url +0ms

[WebServer]   vite:transform 27.75ms [skipped] /art/generated/candidates/wave-a-morphology/average-woman/wave_a_average_woman_standing_interaction_surface_v1.png?url +0ms
[WebServer]   vite:transform 27.76ms [skipped] /art/generated/candidates/wave-a-morphology/average-woman/wave_a_average_woman_standing_neutral_front_a_v1.png?url +0ms

[WebServer]   vite:transform 27.76ms [skipped] /art/generated/candidates/wave-a-morphology/average-woman/wave_a_average_woman_standing_neutral_front_b_v1.png?url +0ms

[WebServer]   vite:transform 27.76ms [skipped] /art/generated/candidates/wave-a-morphology/average-woman/wave_a_average_woman_standing_neutral_three_quarter_v1.png?url +0ms

[WebServer]   vite:transform 27.76ms [skipped] /art/generated/candidates/wave-a-morphology/older-woman/wave_a_older_woman_seated_conversational_open_hand_v1.png?url +0ms

[WebServer]   vite:transform 27.77ms [skipped] /art/generated/candidates/wave-a-morphology/older-woman/wave_a_older_woman_seated_front_neutral_v1.png?url +0ms

[WebServer]   vite:transform 27.77ms [skipped] /art/generated/candidates/wave-a-morphology/older-woman/wave_a_older_woman_seated_interaction_surface_v1.png?url +0ms
[WebServer]   vite:transform 27.78ms [skipped] /art/generated/candidates/wave-a-morphology/older-woman/wave_a_older_woman_standing_conversational_open_hand_v1.png?url +0ms

[WebServer]   vite:transform 27.78ms [skipped] /art/generated/candidates/wave-a-morphology/older-woman/wave_a_older_woman_standing_interaction_surface_v1.png?url +0ms

[WebServer]   vite:transform 27.78ms [skipped] /art/generated/candidates/wave-a-morphology/older-woman/wave_a_older_woman_standing_neutral_front_a_v1.png?url +0ms

[WebServer]   vite:transform 27.79ms [skipped] /art/generated/candidates/wave-a-morphology/older-woman/wave_a_older_woman_standing_neutral_front_b_v1.png?url +0ms

[WebServer]   vite:transform 27.79ms [skipped] /art/generated/candidates/wave-a-morphology/older-woman/wave_a_older_woman_standing_neutral_three_quarter_v1.png?url +0ms

[WebServer]   vite:transform 27.79ms [skipped] /art/generated/candidates/wave-a-morphology/skinny-woman/wave_a_skinny_woman_seated_conversational_open_hand_v1.png?url +1ms
[WebServer]   vite:transform 27.79ms [skipped] /art/generated/candidates/wave-a-morphology/skinny-woman/wave_a_skinny_woman_seated_front_neutral_v1.png?url +0ms

[WebServer]   vite:transform 27.80ms [skipped] /art/generated/candidates/wave-a-morphology/skinny-woman/wave_a_skinny_woman_seated_interaction_surface_v1.png?url +0ms

[WebServer]   vite:transform 27.80ms [skipped] /art/generated/candidates/wave-a-morphology/skinny-woman/wave_a_skinny_woman_standing_conversational_open_hand_v1.png?url +0ms

[WebServer]   vite:transform 27.80ms [skipped] /art/generated/candidates/wave-a-morphology/skinny-woman/wave_a_skinny_woman_standing_interaction_surface_v1.png?url +0ms

[WebServer]   vite:transform 27.81ms [skipped] /art/generated/candidates/wave-a-morphology/skinny-woman/wave_a_skinny_woman_standing_neutral_front_a_v1.png?url +0ms
[WebServer]   vite:transform 27.81ms [skipped] /art/generated/candidates/wave-a-morphology/skinny-woman/wave_a_skinny_woman_standing_neutral_front_b_v1.png?url +0ms

[WebServer]   vite:transform 27.81ms [skipped] /art/generated/candidates/wave-a-morphology/skinny-woman/wave_a_skinny_woman_standing_neutral_three_quarter_v1.png?url +0ms

[WebServer]   vite:transform 30.24ms /src/presentation/raster-tiers.ts +3ms

[WebServer]   vite:transform 31.22ms /src/ui/content-browser.css +1ms

[WebServer]   vite:transform 30.99ms /src/presentation/unsaved-work-guard.ts +2ms

[WebServer]   vite:transform 31.33ms /src/presentation/session-seed.ts +1ms

[WebServer]   vite:transform 40.89ms /src/ui/review-context.tsx +1ms

[WebServer]   vite:transform 46.78ms /src/simulation/serialization.ts +6ms

[WebServer]   vite:transform 47.18ms /src/presentation/run-a-fixture.ts +1ms

[WebServer]   vite:transform 47.79ms /src/presentation/legislative-bargaining-fixture.ts +0ms

[WebServer]   vite:transform 48.08ms /src/presentation/run-a-state.ts +1ms

[WebServer]   vite:transform 48.11ms /src/presentation/run-a-projection.ts +0ms

[WebServer]   vite:transform 48.59ms /src/player/MeasureFloorSurface.tsx +0ms

[WebServer]   vite:transform 48.76ms /src/presentation/run-b-conversation.ts +1ms

[WebServer]   vite:transform 48.54ms /src/presentation/run-c-working-document.ts +0ms

[WebServer]   vite:transform 48.41ms /src/presentation/run-d-lite.ts +0ms

[WebServer]   vite:transform 48.37ms /src/player/ConversationStrip.tsx +0ms

[WebServer]   vite:transform 48.39ms /src/player/CalendarWorkspace.tsx +0ms

[WebServer]   vite:transform 48.40ms /src/presentation/surface-projection.ts +0ms

[WebServer]   vite:transform 48.44ms /src/player/OfficeScene.tsx +0ms

[WebServer]   vite:transform 48.58ms /src/devtools/index.ts +1ms

[WebServer]   vite:transform 48.56ms /src/player/WorkingDocumentWorkspace.tsx +0ms

[WebServer]   vite:transform 48.56ms /src/player/WorkPendingWorkspace.tsx +0ms

[WebServer]   vite:transform 48.62ms /src/presentation/character-proof.ts +0ms

[WebServer]   vite:transform 48.63ms /src/player/ModularCharacter.tsx +0ms

[WebServer]   vite:transform 48.64ms /src/player/useSceneTransform.ts +0ms

[WebServer]   vite:transform 48.57ms /src/presentation/run-b-fixture.ts +0ms

[WebServer]   vite:transform 49.66ms /src/devtools/review-session.ts +4ms

[WebServer]   vite:transform 50.99ms /src/simulation/index.ts +1ms

[WebServer]   vite:transform 51.04ms /src/ui/PeopleList.tsx +0ms
[WebServer]   vite:transform 51.07ms /src/ui/WorldSummary.tsx +0ms

[WebServer]   vite:transform 51.17ms /src/content/index.ts +0ms

[WebServer]   vite:transform 51.20ms /src/ui/EventHistory.tsx +1ms

[WebServer]   vite:transform 51.23ms /src/ui/WorldControls.tsx +0ms

[WebServer]   vite:transform 51.29ms /src/ui/PersonInspector.tsx +0ms

[WebServer]   vite:transform 51.32ms /src/authoring/authoring-capture.ts +0ms

[WebServer]   vite:transform 51.33ms /src/player/useRasterTier.ts +0ms

[WebServer]   vite:transform 51.47ms /src/presentation/scene-registry.ts +0ms

[WebServer]   vite:transform 51.53ms /src/presentation/scene-proof.ts +0ms

[WebServer]   vite:transform 51.56ms /src/ui/PoseContactProof.tsx +0ms

[WebServer]   vite:transform 51.58ms /src/ui/SceneDebugOverlay.tsx +0ms

[WebServer]   vite:transform 51.61ms /src/simulation/legislation-scenarios.ts +0ms
[WebServer]   vite:transform 51.70ms /src/presentation/production-office.ts +0ms

[WebServer]   vite:transform 51.71ms /src/presentation/legislation-projection.ts +0ms

[WebServer]   vite:transform 51.75ms /src/presentation/legislation-session.ts +1ms

[WebServer]   vite:transform 51.77ms /src/presentation/legislation-world.ts +0ms

[WebServer]   vite:transform 55.32ms /src/player/PermanentShell.tsx +0ms

[WebServer]   vite:transform 31.67ms /art/requests/asset-requests.json +7ms

[WebServer]   vite:transform 31.71ms /art/qa/p71/source_intake_dispositions.json +0ms

[WebServer]   vite:transform 56.99ms /src/presentation/life-record.ts +0ms

[WebServer]   vite:transform 57.01ms /src/presentation/setup-questionnaire-flow.ts +0ms

[WebServer]   vite:transform 57.05ms /src/presentation/new-game.ts +0ms

[WebServer]   vite:transform 57.05ms /src/presentation/ordinary-life.ts +0ms

[WebServer]   vite:transform 57.07ms /src/presentation/player-capabilities.ts +0ms

[WebServer]   vite:transform 57.11ms /src/presentation/life-scene.ts +0ms

[WebServer]   vite:transform 57.12ms /src/presentation/life-introduction.ts +0ms

[WebServer]   vite:transform 57.16ms /src/presentation/life-scene-people.ts +0ms

[WebServer]   vite:transform 57.22ms /src/player/SceneBackdrop.tsx +0ms

[WebServer]   vite:transform 57.30ms /src/player/TitleScreen.tsx +1ms

[WebServer]   vite:transform 57.31ms /src/presentation/new-game-identity.ts +0ms

[WebServer]   vite:transform 57.38ms /src/presentation/legislative-bargaining-world.ts +0ms

[WebServer]   vite:transform 57.40ms /src/presentation/life-story.ts +0ms

[WebServer]   vite:transform 57.42ms /src/player/CampaignWorkspace.tsx +0ms

[WebServer]   vite:transform 57.47ms /src/player/PersonPortrait.tsx +0ms

[WebServer]   vite:transform 57.53ms /src/player/PlayerConversation.tsx +0ms

[WebServer]   vite:transform 57.55ms /src/presentation/browser-world-repository.ts +0ms

[WebServer]   vite:transform 35.00ms /src/authoring/asset-request.ts +7ms

[WebServer]   vite:transform 95.05ms /src/presentation/visual-integration.ts +24ms

[WebServer]   vite:transform 60.02ms /src/presentation/surface-review.ts +1ms

[WebServer]   vite:transform 60.19ms /src/presentation/surface-binding.ts +1ms

[WebServer]   vite:transform 60.22ms /src/presentation/scene-consumers.ts +0ms

[WebServer]   vite:transform 81.34ms /src/simulation/canonical-json.ts +89ms

[WebServer]   vite:transform 81.34ms /src/simulation/ids.ts +0ms

[WebServer]   vite:transform 81.92ms /src/presentation/scene-transform.ts +1ms

[WebServer]   vite:transform 82.22ms /src/devtools/observer-trace.ts +1ms

[WebServer]   vite:transform 82.47ms /src/devtools/trace-model.ts +1ms

[WebServer]   vite:transform 82.49ms /src/devtools/trace-sources.ts +0ms

[WebServer]   vite:transform 82.51ms /src/devtools/trace-walk.ts +0ms

[WebServer]   vite:transform 80.45ms /src/simulation/dates.ts +3ms

[WebServer]   vite:transform 80.67ms /src/simulation/legislature-rules.ts +4ms

[WebServer]   vite:transform 81.10ms /src/simulation/person-identity.ts +1ms

[WebServer]   vite:transform 81.20ms /src/simulation/voice-bands.ts +0ms

[WebServer]   vite:transform 81.63ms /src/simulation/quantity.ts +1ms

[WebServer]   vite:transform 81.90ms /src/simulation/rng.ts +1ms

[WebServer]   vite:transform 81.98ms /src/simulation/sha256.ts +0ms

[WebServer]   vite:transform 82.05ms /src/simulation/player-model.ts +0ms

[WebServer]   vite:transform 82.19ms /src/simulation/names-data.ts +1ms

[WebServer]   vite:transform 82.41ms /src/simulation/taxonomy.ts +1ms

[WebServer]   vite:transform 82.95ms /src/authoring/canonical-json.ts +1ms

[WebServer]   vite:transform 83.18ms /src/environment/environment-scene-spec.ts +0ms

[WebServer]   vite:transform 83.21ms /src/environment/scenes/civic-community-meeting-title-production.ts +0ms

[WebServer]   vite:transform 83.26ms /src/environment/scenes/civic-hearing-room-production.ts +0ms

[WebServer]   vite:transform 83.30ms /src/environment/scenes/legislative-chamber-production.ts +0ms

[WebServer]   vite:transform 83.34ms /src/environment/scenes/committee-room-fixture.ts +1ms

[WebServer]   vite:transform 83.39ms /src/environment/scenes/residence-apartment-living-production.ts +0ms

[WebServer]   vite:transform 83.47ms /src/environment/scenes/shared-workroom-office-production.ts +0ms

[WebServer]   vite:transform 83.52ms /src/presentation/scene-placement.ts +0ms

[WebServer]   vite:transform 83.74ms /src/environment/scenes/office-council-staff-fixture.ts +1ms

[WebServer]   vite:transform 83.84ms /src/simulation/setup-opening-bank.ts +0ms

[WebServer]   vite:transform 83.70ms /art/manifest/character_catalog.json +0ms

[WebServer]   vite:transform 83.75ms /art/manifest/asset_manifest.json +0ms

[WebServer]   vite:transform 83.21ms [skipped] /art/families/apartment-ordinary/env_residence_apartment_living_canonical_03_v1.png?url +1ms

[WebServer]   vite:transform 83.23ms [skipped] /art/families/apartment-ordinary/env_residence_apartment_living_ordinary_02_v1.png?url +0ms

[WebServer]   vite:transform 83.23ms [skipped] /art/families/civic-community-meeting/title_bg_civic_community_meeting_hero_slot_runtime_2048_v1.png?url +0ms

[WebServer]   vite:transform 83.24ms [skipped] /art/families/civic-community-meeting/title_bg_civic_community_meeting_hero_slot_v1.png?url +0ms

[WebServer]   vite:transform 83.24ms [skipped] /art/families/civic-hearing-room/env_civic_hearing_room_runtime_2x_v1.png?url +0ms

[WebServer]   vite:transform 83.24ms [skipped] /art/families/civic-hearing-room/env_civic_hearing_room_v1.png?url +0ms
[WebServer]   vite:transform 83.22ms [skipped] /art/families/council-staff-office/env_lexington_council_staff_office_prompt30_foreground_mask_2x_v1.png?url +0ms

[WebServer]   vite:transform 83.23ms [skipped] /art/families/council-staff-office/env_lexington_council_staff_office_prompt30_runtime_2x_v1.png?url +0ms
[WebServer]   vite:transform 83.23ms [skipped] /art/families/council-staff-office/env_lexington_council_staff_office_prompt30_v1.png?url +0ms

[WebServer]   vite:transform 83.23ms [skipped] /art/families/legislative-chamber/env_legislative_chamber_floor_runtime_2x_v1.png?url +0ms

[WebServer]   vite:transform 83.23ms [skipped] /art/families/legislative-chamber/env_legislative_chamber_floor_v1.png?url +0ms

[WebServer]   vite:transform 83.23ms [skipped] /art/families/shared-workroom-office/env_shared_workroom_office_runtime_2x_v1.png?url +0ms

[WebServer]   vite:transform 83.23ms [skipped] /art/families/shared-workroom-office/env_shared_workroom_office_v1.png?url +0ms
[WebServer]   vite:transform 83.23ms [skipped] /art/fixtures/garment-fit/fit_accessory_badge_v1.png?url +0ms

[WebServer]   vite:transform 83.24ms [skipped] /art/fixtures/garment-fit/fit_body_adult_average_standing_v1.png?url +0ms

[WebServer]   vite:transform 83.24ms [skipped] /art/fixtures/garment-fit/fit_body_adult_heavy_standing_v1.png?url +0ms

[WebServer]   vite:transform 83.24ms [skipped] /art/fixtures/garment-fit/fit_body_adult_lean_standing_v1.png?url +0ms
[WebServer]   vite:transform 83.24ms [skipped] /art/fixtures/garment-fit/fit_bottom_trousers_average_standing_v1.png?url +0ms

[WebServer]   vite:transform 83.24ms [skipped] /art/fixtures/garment-fit/fit_footwear_derby_standing_v1.png?url +0ms
[WebServer]   vite:transform 83.24ms [skipped] /art/fixtures/garment-fit/fit_top_knit_average_standing_v1.png?url +0ms
[WebServer]   vite:transform 83.25ms [skipped] /art/generated/approved/dev-modular-g2/dev_g2_accessory_lanyard_v1.png?url +0ms
[WebServer]   vite:transform 83.25ms [skipped] /art/generated/approved/dev-modular-g2/dev_g2_body_broad_deep_rich_seated_v1.png?url +0ms
[WebServer]   vite:transform 83.25ms [skipped] /art/generated/approved/dev-modular-g2/dev_g2_body_broad_deep_rich_standing_v1.png?url +0ms
[WebServer]   vite:transform 83.25ms [skipped] /art/generated/approved/dev-modular-g2/dev_g2_body_broad_light_seated_v1.png?url +0ms

[WebServer]   vite:transform 83.25ms [skipped] /art/generated/approved/dev-modular-g2/dev_g2_body_broad_light_standing_v1.png?url +0ms
[WebServer]   vite:transform 83.26ms [skipped] /art/generated/approved/dev-modular-g2/dev_g2_body_broad_medium_warm_seated_v1.png?url +0ms

[WebServer]   vite:transform 83.26ms [skipped] /art/generated/approved/dev-modular-g2/dev_g2_body_broad_medium_warm_standing_v1.png?url +0ms

[WebServer]   vite:transform 83.26ms [skipped] /art/generated/approved/dev-modular-g2/dev_g2_body_slim_deep_rich_seated_v1.png?url +0ms
[WebServer]   vite:transform 83.27ms [skipped] /art/generated/approved/dev-modular-g2/dev_g2_body_slim_deep_rich_standing_v1.png?url +0ms

[WebServer]   vite:transform 83.27ms [skipped] /art/generated/approved/dev-modular-g2/dev_g2_body_slim_light_seated_v1.png?url +0ms

[WebServer]   vite:transform 83.27ms [skipped] /art/generated/approved/dev-modular-g2/dev_g2_body_slim_light_standing_v1.png?url +0ms

[WebServer]   vite:transform 83.27ms [skipped] /art/generated/approved/dev-modular-g2/dev_g2_body_slim_medium_warm_seated_v1.png?url +0ms
[WebServer]   vite:transform 83.27ms [skipped] /art/generated/approved/dev-modular-g2/dev_g2_body_slim_medium_warm_standing_v1.png?url +0ms

[WebServer]   vite:transform 83.27ms [skipped] /art/generated/approved/dev-modular-g2/dev_g2_bottom_trousers_seated_v1.png?url +1ms

[WebServer]   vite:transform 83.28ms [skipped] /art/generated/approved/dev-modular-g2/dev_g2_bottom_trousers_standing_v1.png?url +0ms

[WebServer]   vite:transform 83.28ms [skipped] /art/generated/approved/dev-modular-g2/dev_g2_eyewear_thin_frames_v1.png?url +0ms

[WebServer]   vite:transform 83.28ms [skipped] /art/generated/approved/dev-modular-g2/dev_g2_footwear_derby_seated_v1.png?url +0ms
[WebServer]   vite:transform 83.28ms [skipped] /art/generated/approved/dev-modular-g2/dev_g2_footwear_derby_standing_v1.png?url +0ms

[WebServer]   vite:transform 83.28ms [skipped] /art/generated/approved/dev-modular-g2/dev_g2_hair_coils_front_v1.png?url +0ms

[WebServer]   vite:transform 83.29ms [skipped] /art/generated/approved/dev-modular-g2/dev_g2_hair_crop_front_v1.png?url +0ms
[WebServer]   vite:transform 83.29ms [skipped] /art/generated/approved/dev-modular-g2/dev_g2_hair_long_back_v1.png?url +0ms

[WebServer]   vite:transform 83.29ms [skipped] /art/generated/approved/dev-modular-g2/dev_g2_hair_long_front_v1.png?url +0ms

[WebServer]   vite:transform 83.29ms [skipped] /art/generated/approved/dev-modular-g2/dev_g2_head_deep_oval_v1.png?url +0ms

[WebServer]   vite:transform 83.28ms [skipped] /art/generated/approved/dev-modular-g2/dev_g2_head_light_square_v1.png?url +0ms
[WebServer]   vite:transform 83.29ms [skipped] /art/generated/approved/dev-modular-g2/dev_g2_head_warm_long_v1.png?url +0ms

[WebServer]   vite:transform 83.29ms [skipped] /art/generated/approved/dev-modular-g2/dev_g2_head_warm_round_v1.png?url +0ms

[WebServer]   vite:transform 83.29ms [skipped] /art/generated/approved/dev-modular-g2/dev_g2_top_knit_olive_seated_v1.png?url +0ms

[WebServer]   vite:transform 83.29ms [skipped] /art/generated/approved/dev-modular-g2/dev_g2_top_knit_olive_standing_v1.png?url +0ms
[WebServer]   vite:transform 83.29ms [skipped] /art/generated/approved/dev-modular-g2/dev_g2_top_suit_charcoal_seated_v1.png?url +0ms

[WebServer]   vite:transform 83.29ms [skipped] /art/generated/approved/dev-modular-g2/dev_g2_top_suit_charcoal_standing_v1.png?url +0ms

[WebServer]   vite:transform 83.29ms [skipped] /art/generated/approved/dev-modular/dev_accessory_lapel_pin_v1.png?url +0ms
[WebServer]   vite:transform 83.29ms [skipped] /art/generated/approved/dev-modular/dev_body_adult_seated_v1.png?url +0ms

[WebServer]   vite:transform 83.29ms [skipped] /art/generated/approved/dev-modular/dev_body_adult_standing_v1.png?url +0ms

[WebServer]   vite:transform 83.29ms [skipped] /art/generated/approved/dev-modular/dev_bottom_slacks_charcoal_seated_v1.png?url +0ms

[WebServer]   vite:transform 83.29ms [skipped] /art/generated/approved/dev-modular/dev_bottom_slacks_charcoal_standing_v1.png?url +0ms

[WebServer]   vite:transform 83.29ms [skipped] /art/generated/approved/dev-modular/dev_eyewear_round_glasses_v1.png?url +0ms
[WebServer]   vite:transform 83.29ms [skipped] /art/generated/approved/dev-modular/dev_footwear_oxford_black_v1.png?url +0ms

[WebServer]   vite:transform 83.29ms [skipped] /art/generated/approved/dev-modular/dev_hair_crop_front_v1.png?url +0ms

[WebServer]   vite:transform 83.27ms [skipped] /art/generated/approved/dev-modular/dev_hair_long_back_v1.png?url +0ms
[WebServer]   vite:transform 83.27ms [skipped] /art/generated/approved/dev-modular/dev_hair_long_front_v1.png?url +0ms

[WebServer]   vite:transform 83.27ms [skipped] /art/generated/approved/dev-modular/dev_head_oval_v1.png?url +0ms

[WebServer]   vite:transform 83.27ms [skipped] /art/generated/approved/dev-modular/dev_head_round_v1.png?url +0ms

[WebServer]   vite:transform 83.27ms [skipped] /art/generated/approved/dev-modular/dev_top_blazer_navy_seated_v1.png?url +0ms
[WebServer]   vite:transform 83.27ms [skipped] /art/generated/approved/dev-modular/dev_top_blazer_navy_standing_v1.png?url +0ms

[WebServer]   vite:transform 83.28ms [skipped] /art/generated/approved/dev-modular/dev_top_tee_teal_seated_v1.png?url +0ms

[WebServer]   vite:transform 83.27ms [skipped] /art/generated/approved/dev-modular/dev_top_tee_teal_standing_v1.png?url +0ms
[WebServer]   vite:transform 83.28ms [skipped] /art/generated/approved/human_candidate_A01_primary_desk_seated_v1.png?url +0ms

[WebServer]   vite:transform 83.28ms [skipped] /art/generated/approved/human_candidate_B01_left_guest_seated_v1.png?url +0ms

[WebServer]   vite:transform 83.28ms [skipped] /art/generated/approved/pg-modular/pg_body_fl_standing_v1.png?url +0ms

[WebServer]   vite:transform 83.28ms [skipped] /art/generated/approved/pg-modular/pg_body_ml_standing_v1.png?url +0ms
[WebServer]   vite:transform 83.28ms [skipped] /art/generated/approved/pg-modular/pg_bottom_001_straight_leg_blue_jeans_fl_v1.png?url +0ms

[WebServer]   vite:transform 83.28ms [skipped] /art/generated/approved/pg-modular/pg_bottom_001_straight_leg_blue_jeans_ml_v1.png?url +0ms
[WebServer]   vite:transform 83.28ms [skipped] /art/generated/approved/pg-modular/pg_bottom_005_dress_trousers_fl_v1.png?url +0ms

[WebServer]   vite:transform 83.28ms [skipped] /art/generated/approved/pg-modular/pg_bottom_005_dress_trousers_ml_v1.png?url +0ms

[WebServer]   vite:transform 83.28ms [skipped] /art/generated/approved/pg-modular/pg_bottom_010_a_line_knee_skirt_fl_v1.png?url +0ms
[WebServer]   vite:transform 83.29ms [skipped] /art/generated/approved/pg-modular/pg_bottom_010_a_line_knee_skirt_ml_v1.png?url +0ms

[WebServer]   vite:transform 83.29ms [skipped] /art/generated/approved/pg-modular/pg_hair_f_black_001_short_tapered_afro_v1.png?url +0ms

[WebServer]   vite:transform 83.28ms [skipped] /art/generated/approved/pg-modular/pg_hair_f_black_002_rounded_medium_afro_v1.png?url +0ms

[WebServer]   vite:transform 83.28ms [skipped] /art/generated/approved/pg-modular/pg_hair_f_black_004_shoulder_natural_curls_v1.png?url +0ms
[WebServer]   vite:transform 83.29ms [skipped] /art/generated/approved/pg-modular/pg_hair_f_black_005_high_puff_v1.png?url +0ms

[WebServer]   vite:transform 83.29ms [skipped] /art/generated/approved/pg-modular/pg_hair_f_black_007_shoulder_box_braids_v1.png?url +0ms

[WebServer]   vite:transform 83.29ms [skipped] /art/generated/approved/pg-modular/pg_hair_f_black_008_long_box_braids_v1.png?url +0ms

[WebServer]   vite:transform 83.29ms [skipped] /art/generated/approved/pg-modular/pg_hair_f_black_010_cornrows_low_bun_v1.png?url +0ms
[WebServer]   vite:transform 83.29ms [skipped] /art/generated/approved/pg-modular/pg_hair_f_black_012_shoulder_locs_v1.png?url +0ms

[WebServer]   vite:transform 83.29ms [skipped] /art/generated/approved/pg-modular/pg_head_f_01_bald_neutral_v1.png?url +0ms

[WebServer]   vite:transform 83.30ms [skipped] /art/generated/approved/pg-modular/pg_head_m_001_black_young_adult_v1.png?url +0ms
[WebServer]   vite:transform 83.30ms [skipped] /art/generated/approved/pg-modular/pg_head_m_002_white_adult_v1.png?url +0ms

[WebServer]   vite:transform 83.30ms [skipped] /art/generated/approved/pg-modular/pg_head_m_004_east_asian_young_adult_v1.png?url +0ms

[WebServer]   vite:transform 83.30ms [skipped] /art/generated/approved/pg-modular/pg_head_m_005_black_older_adult_v1.png?url +0ms

[WebServer]   vite:transform 83.30ms [skipped] /art/generated/approved/pg-modular/pg_shoe_001_low_top_sneakers_fl_v1.png?url +0ms
[WebServer]   vite:transform 83.30ms [skipped] /art/generated/approved/pg-modular/pg_shoe_001_low_top_sneakers_ml_v1.png?url +0ms

[WebServer]   vite:transform 83.31ms [skipped] /art/generated/approved/pg-modular/pg_shoe_004_leather_loafers_fl_v1.png?url +0ms

[WebServer]   vite:transform 83.31ms [skipped] /art/generated/approved/pg-modular/pg_shoe_004_leather_loafers_ml_v1.png?url +0ms

[WebServer]   vite:transform 83.31ms [skipped] /art/generated/approved/pg-modular/pg_shoe_009_low_practical_flats_fl_v1.png?url +0ms
[WebServer]   vite:transform 83.31ms [skipped] /art/generated/approved/pg-modular/pg_shoe_009_low_practical_flats_ml_v1.png?url +0ms

[WebServer]   vite:transform 83.32ms [skipped] /art/generated/approved/pg-modular/pg_top_001_short_sleeve_crew_tee_fl_v1.png?url +0ms

[WebServer]   vite:transform 83.32ms [skipped] /art/generated/approved/pg-modular/pg_top_001_short_sleeve_crew_tee_ml_v1.png?url +0ms

[WebServer]   vite:transform 83.32ms [skipped] /art/generated/approved/pg-modular/pg_top_005_long_sleeve_button_shirt_fl_v1.png?url +0ms
[WebServer]   vite:transform 83.32ms [skipped] /art/generated/approved/pg-modular/pg_top_005_long_sleeve_button_shirt_ml_v1.png?url +0ms

[WebServer]   vite:transform 83.32ms [skipped] /art/generated/approved/pg-modular/pg_top_006_pullover_sweater_fl_v1.png?url +0ms

[WebServer]   vite:transform 83.32ms [skipped] /art/generated/approved/pg-modular/pg_top_006_pullover_sweater_ml_v1.png?url +0ms

[WebServer]   vite:transform 83.33ms [skipped] /art/generated/approved/pg-modular/pg_top_011_structured_blazer_fl_v1.png?url +0ms
[WebServer]   vite:transform 83.33ms [skipped] /art/generated/approved/pg-modular/pg_top_011_structured_blazer_ml_v1.png?url +0ms

[WebServer]   vite:transform 83.33ms [skipped] /art/qa/p95-recent-drive-sweep/drive-visual-review/page-01.png?url +0ms

[WebServer]   vite:transform 83.33ms [skipped] /art/qa/p95-recent-drive-sweep/drive-visual-review/page-02.png?url +0ms
[WebServer]   vite:transform 83.33ms [skipped] /art/qa/p95-recent-drive-sweep/drive-visual-review/page-03.png?url +0ms

[WebServer]   vite:transform 83.34ms [skipped] /art/qa/p95-recent-drive-sweep/drive-visual-review/page-04.png?url +0ms

[WebServer]   vite:transform 83.34ms [skipped] /art/qa/p95-recent-drive-sweep/drive-visual-review/page-05.png?url +0ms
[WebServer]   vite:transform 83.34ms [skipped] /art/qa/p95-recent-drive-sweep/drive-visual-review/page-06.png?url +0ms

[WebServer]   vite:transform 83.35ms [skipped] /art/qa/p95-recent-drive-sweep/drive-visual-review/page-07.png?url +0ms

[WebServer]   vite:transform 83.35ms [skipped] /art/qa/p95-recent-drive-sweep/drive-visual-review/page-08.png?url +0ms
[WebServer]   vite:transform 83.35ms [skipped] /art/qa/p95-recent-drive-sweep/drive-visual-review/page-09.png?url +0ms

[WebServer]   vite:transform 83.35ms [skipped] /art/qa/p95-recent-drive-sweep/drive-visual-review/page-10.png?url +0ms

[WebServer]   vite:transform 83.36ms [skipped] /art/qa/p95-recent-drive-sweep/drive-visual-review/page-11.png?url +0ms

[WebServer]   vite:transform 83.36ms [skipped] /art/qa/p95-recent-drive-sweep/drive-visual-review/page-12.png?url +0ms
[WebServer]   vite:transform 83.36ms [skipped] /art/qa/p95-recent-drive-sweep/drive-visual-review/page-13.png?url +0ms

[WebServer]   vite:transform 83.37ms [skipped] /art/qa/p95-recent-drive-sweep/drive-visual-review/page-14.png?url +0ms

[WebServer]   vite:transform 83.37ms [skipped] /art/qa/p95-recent-drive-sweep/drive-visual-review/page-15.png?url +0ms

[WebServer]   vite:transform 83.37ms [skipped] /art/references/approved/packet76/GEMINI_OUTPUT_31_PROMPT34_human_candidate_A01_primary_desk_seated_base_APPROVED_v1.png?url +0ms
[WebServer]   vite:transform 83.37ms [skipped] /art/references/approved/packet76/GEMINI_OUTPUT_32_PROMPT35_human_candidate_B01_left_guest_seated_base_APPROVED_v1.png?url +1ms

[WebServer]   vite:transform 83.38ms [skipped] /art/references/candidates/recent-drive-sweep/source-images/fat man.png?url +0ms

[WebServer]   vite:transform 83.39ms [skipped] /art/references/candidates/recent-drive-sweep/source-images/female top.png?url +0ms

[WebServer]   vite:transform 83.39ms [skipped] /art/references/candidates/recent-drive-sweep/source-images/male bottom.png?url +0ms

[WebServer]   vite:transform 83.38ms [skipped] /art/references/candidates/recent-drive-sweep/source-images/male tops.png?url +0ms
[WebServer]   vite:transform 83.38ms [skipped] /art/references/candidates/recent-drive-sweep/source-images/shoes.png?url +0ms

[WebServer]   vite:transform 83.38ms [skipped] /art/references/candidates/recent-drive-sweep/source-images/skinny man.png?url +0ms

[WebServer]   vite:transform 83.38ms [skipped] /art/references/candidates/recent-drive-sweep/source-images/supplies.png?url +0ms

[WebServer]   vite:transform 83.38ms [skipped] /art/references/candidates/wave-a-morphology/source-sheets/additional fat female pose.png?url +0ms
[WebServer]   vite:transform 83.38ms [skipped] /art/references/candidates/wave-a-morphology/source-sheets/average man.png?url +0ms

[WebServer]   vite:transform 83.38ms [skipped] /art/references/candidates/wave-a-morphology/source-sheets/average woman.png?url +0ms

[WebServer]   vite:transform 83.38ms [skipped] /art/references/candidates/wave-a-morphology/source-sheets/older woman.png?url +0ms

[WebServer]   vite:transform 83.38ms [skipped] /art/references/candidates/wave-a-morphology/source-sheets/skinny woman.png?url +0ms
[WebServer]   vite:transform 83.38ms [skipped] /art/references/plans/texas_senate/normalized/habs_tx3326_00013a_normalized.jpg?url +0ms

[WebServer]   vite:transform 84.96ms /src/presentation/title-ambient.ts +3ms

[WebServer]   vite:transform 85.37ms /src/presentation/prior-work-evidence.ts +1ms

[WebServer]   vite:transform 85.42ms /src/presentation/browser-world-repository-protocol.ts +0ms

[WebServer]   vite:transform 117.37ms /src/simulation/world.ts +11ms

[WebServer]   vite:transform 117.33ms /src/presentation/legislative-bargaining.ts +1ms

[WebServer]   vite:transform 117.33ms /src/presentation/legislative-bargaining-brief.ts +0ms

[WebServer]   vite:transform 117.34ms /src/presentation/legislative-bargaining-actions.ts +0ms

[WebServer]   vite:transform 117.35ms /src/player/MeasurePaperWorkspace.tsx +0ms

[WebServer]   vite:transform 117.37ms /src/presentation/conversation-consequences.ts +0ms

[WebServer]   vite:transform 117.29ms /src/presentation/conversation-subjects.ts +0ms

[WebServer]   vite:transform 117.30ms /src/player/QuickDossier.tsx +0ms

[WebServer]   vite:transform 117.24ms /src/simulation/legislation.ts +0ms

[WebServer]   vite:transform 117.26ms /src/devtools/seed-comparison.ts +0ms

[WebServer]   vite:transform 117.25ms /src/devtools/trace-export.ts +0ms

[WebServer]   vite:transform 117.17ms /src/devtools/trace-adapters.ts +0ms

[WebServer]   vite:transform 117.20ms /src/devtools/trace-fixture.ts +1ms

[WebServer]   vite:transform 117.20ms /src/player/SceneSurfaceLayer.tsx +0ms

[WebServer]   vite:transform 117.22ms /src/devtools/trace-index.ts +0ms

[WebServer]   vite:transform 117.14ms /src/simulation/people.ts +0ms

[WebServer]   vite:transform 117.14ms /src/presentation/character-render-plan.ts +0ms

[WebServer]   vite:transform 117.15ms /src/player/PinRail.tsx +0ms

[WebServer]   vite:transform 117.01ms /src/simulation/demo.ts +0ms

[WebServer]   vite:transform 116.28ms /src/simulation/candidacy-packs.ts +4ms

[WebServer]   vite:transform 116.34ms /src/simulation/candidacy.ts +0ms

[WebServer]   vite:transform 115.93ms /src/simulation/character-history.ts +0ms

[WebServer]   vite:transform 115.93ms /src/simulation/causal-effects.ts +1ms

[WebServer]   vite:transform 115.93ms /src/simulation/campaign-queries.ts +0ms

[WebServer]   vite:transform 115.90ms /src/simulation/history.ts +0ms

[WebServer]   vite:transform 115.89ms /src/simulation/campaign-integrity.ts +0ms

[WebServer]   vite:transform 115.95ms /src/simulation/campaigns.ts +0ms

[WebServer]   vite:transform 115.84ms /src/simulation/incident-catalog.ts +0ms

[WebServer]   vite:transform 115.80ms /src/simulation/future-transitions.ts +0ms

[WebServer]   vite:transform 115.80ms /src/simulation/life-eligibility.ts +0ms

[WebServer]   vite:transform 115.54ms /src/simulation/incidents.ts +0ms

[WebServer]   vite:transform 115.60ms /src/simulation/decisions.ts +0ms

[WebServer]   vite:transform 115.64ms /src/simulation/life-places.ts +1ms

[WebServer]   vite:transform 115.56ms /src/simulation/life.ts +0ms

[WebServer]   vite:transform 115.51ms /src/simulation/economy.ts +0ms

[WebServer]   vite:transform 115.45ms /src/simulation/life-sources.ts +0ms

[WebServer]   vite:transform 115.43ms /src/simulation/life-queries.ts +0ms

[WebServer]   vite:transform 115.45ms /src/simulation/election-contests.ts +0ms

[WebServer]   vite:transform 115.43ms /src/simulation/executive-authority-rules.ts +0ms

[WebServer]   vite:transform 115.39ms /src/simulation/legislative-politics.ts +0ms

[WebServer]   vite:transform 115.30ms /src/simulation/legislative-member-decisions.ts +0ms

[WebServer]   vite:transform 115.31ms /src/simulation/mind.ts +0ms

[WebServer]   vite:transform 115.12ms /src/simulation/legislature-rule-packs.ts +0ms

[WebServer]   vite:transform 115.15ms /src/simulation/mind-catalog.ts +1ms

[WebServer]   vite:transform 115.12ms /src/simulation/life-episodes.ts +0ms

[WebServer]   vite:transform 114.99ms /src/simulation/episode-bank.ts +0ms

[WebServer]   vite:transform 114.96ms /src/simulation/executive-authority-rule-packs.ts +0ms

[WebServer]   vite:transform 114.98ms /src/simulation/person-context.ts +0ms

[WebServer]   vite:transform 114.98ms /src/simulation/person-appearance.ts +0ms

[WebServer]   vite:transform 115.02ms /src/simulation/person-stress-harness.ts +0ms

[WebServer]   vite:transform 115.05ms /src/simulation/portability-fixture.ts +0ms

[WebServer]   vite:transform 115.03ms /src/simulation/perception.ts +0ms

[WebServer]   vite:transform 115.07ms /src/simulation/evidence.ts +0ms

[WebServer]   vite:transform 115.06ms /src/simulation/policy.ts +0ms

[WebServer]   vite:transform 115.11ms /src/simulation/production-catalog.ts +1ms

[WebServer]   vite:transform 115.09ms /src/simulation/policy-semantics.ts +0ms

[WebServer]   vite:transform 115.11ms /src/simulation/politics.ts +0ms

[WebServer]   vite:transform 115.09ms /src/simulation/political-belief-formation.ts +0ms

[WebServer]   vite:transform 115.07ms /src/simulation/queries.ts +0ms

[WebServer]   vite:transform 115.09ms /src/simulation/records.ts +0ms

[WebServer]   vite:transform 115.07ms /src/simulation/narrative-threads.ts +0ms

[WebServer]   vite:transform 115.06ms /src/simulation/resource-queries.ts +0ms

[WebServer]   vite:transform 115.10ms /src/simulation/resource-pressure.ts +0ms

[WebServer]   vite:transform 115.12ms /src/simulation/relationship-integration.ts +0ms

[WebServer]   vite:transform 115.13ms /src/simulation/setup-generation-inputs.ts +0ms

[WebServer]   vite:transform 115.12ms /src/simulation/setup-priors.ts +0ms

[WebServer]   vite:transform 115.04ms /src/simulation/resources.ts +0ms

[WebServer]   vite:transform 114.87ms /src/simulation/setup-questionnaire-bank.ts +1ms

[WebServer]   vite:transform 114.90ms /src/simulation/situation-selection.ts +0ms

[WebServer]   vite:transform 114.90ms /src/simulation/situation-profiles.ts +0ms

[WebServer]   vite:transform 114.78ms /src/simulation/adult-situations.ts +0ms

[WebServer]   vite:transform 114.83ms /src/simulation/life-callbacks.ts +0ms

[WebServer]   vite:transform 114.86ms /src/simulation/life-choice-evidence.ts +0ms

[WebServer]   vite:transform 114.87ms /src/simulation/commitment-seam.ts +0ms

[WebServer]   vite:transform 114.80ms /src/simulation/time-work.ts +0ms

[WebServer]   vite:transform 114.84ms /src/simulation/vitality.ts +0ms

[WebServer]   vite:transform 114.86ms /src/simulation/relationship-leverage.ts +0ms

[WebServer]   vite:transform 114.86ms /src/content/content-bank.ts +0ms

[WebServer]   vite:transform 114.87ms /src/content/content-registry.ts +0ms

[WebServer]   vite:transform 114.88ms /src/content/content-export.ts +1ms

[WebServer]   vite:transform 115.00ms /src/content/adapters/index.ts +0ms

[WebServer]   vite:transform 115.01ms /src/ui/MindProfile.tsx +0ms

[WebServer]   vite:transform 115.04ms /src/ui/PoliticalProfile.tsx +0ms

[WebServer]   vite:transform 115.07ms /src/simulation/world-metrics.ts +0ms

[WebServer]   vite:transform 114.76ms /src/presentation/scene-composition.ts +0ms

[WebServer]   vite:transform 114.71ms /src/presentation/pose-proof.ts +0ms

[WebServer]   vite:transform 114.70ms /src/simulation/setup-questionnaire.ts +0ms

[WebServer]   vite:transform 114.71ms /src/simulation/policy-decision.ts +0ms

[WebServer]   vite:transform 114.59ms /src/presentation/character-components.ts +0ms

[WebServer]   vite:transform 114.61ms /src/simulation/vitality-catalog.ts +0ms

[WebServer]   vite:transform 114.17ms /src/simulation/life-opportunities.ts +1ms

[WebServer]   vite:transform 44.69ms [skipped] /art/pose-control-plates/standing-conversational__front.svg?url +1ms
[WebServer]   vite:transform 44.68ms [skipped] /art/pose-control-plates/standing-listening__front.svg?url +0ms
[WebServer]   vite:transform 44.68ms [skipped] /art/pose-control-plates/seated-guest-neutral__front.svg?url +0ms

[WebServer]   vite:transform 44.70ms [skipped] /art/pose-control-plates/standing-podium-or-lectern__front.svg?url +0ms
[WebServer]   vite:transform 44.65ms [skipped] /art/pose-control-plates/standing-neutral__front.svg?url +0ms
[WebServer]   vite:transform 44.65ms [skipped] /art/pose-control-plates/seated-at-desk__front.svg?url +0ms
[WebServer]   vite:transform 111.28ms /src/presentation/life-narration.ts +0ms

[WebServer]   vite:transform 111.22ms /src/presentation/production-world.ts +1ms
[WebServer]   vite:transform 111.20ms /src/presentation/title-hero.ts +0ms
[WebServer]   vite:transform 111.20ms /src/presentation/title-tableau.ts +0ms

[WebServer]   vite:transform 111.24ms /src/player/TitleTableau.tsx +0ms

[WebServer]   vite:transform 111.25ms /src/presentation/legislative-member-seat.ts +0ms

[WebServer]   vite:transform 111.24ms /src/presentation/adult-life.ts +0ms

[WebServer]   vite:transform 111.30ms /src/presentation/player-conversation.ts +0ms

[WebServer]   vite:transform 111.31ms /src/presentation/formative-play.ts +0ms

[WebServer]   vite:transform 111.29ms /src/presentation/campaign-projection.ts +0ms

[WebServer]   vite:transform 29.14ms /src/presentation/garment-fit.ts +2ms

[WebServer]   vite:transform 29.39ms /src/presentation/pose-families.ts +0ms

[WebServer]   vite:transform 29.41ms /art/manifest/garment_fit_profiles.json +0ms

[WebServer]   vite:transform 29.41ms /art/manifest/pose_families.json +0ms

[WebServer]   vite:transform 30.98ms /src/simulation/life-content-92c.ts +41ms

[WebServer]   vite:transform 31.17ms /src/simulation/setup-young-life-bank.ts +0ms

[WebServer]   vite:transform 31.30ms /src/presentation/pose-control-plate.ts +1ms

[WebServer]   vite:transform 29.04ms /src/simulation/national-places.generated.ts +7ms

[WebServer]   vite:transform 43.62ms /src/simulation/evidence-integrity.ts +2ms

[WebServer]   vite:transform 43.57ms /src/simulation/incident-integrity.ts +0ms

[WebServer]   vite:transform 43.51ms /src/simulation/life-integrity.ts +0ms

[WebServer]   vite:transform 43.50ms /src/simulation/resource-integrity.ts +0ms

[WebServer]   vite:transform 43.51ms /src/simulation/mind-integrity.ts +1ms

[WebServer]   vite:transform 43.50ms /src/simulation/vitality-integrity.ts +0ms

[WebServer]   vite:transform 43.49ms /src/presentation/legislative-dialogue-motifs.ts +0ms

[WebServer]   vite:transform 43.41ms /src/simulation/demo-jurisdiction-context.ts +0ms

[WebServer]   vite:transform 43.41ms /src/simulation/legislative-politics-integrity.ts +0ms

[WebServer]   vite:transform 43.42ms /src/simulation/legislation-integrity.ts +0ms

[WebServer]   vite:transform 43.03ms /src/simulation/municipal-rule-registry.ts +1ms

[WebServer]   vite:transform 43.03ms /src/content/adapters/legislative-blueprints.ts +0ms

[WebServer]   vite:transform 43.11ms /src/content/adapters/conversation-subjects.ts +0ms

[WebServer]   vite:transform 43.12ms /src/content/adapters/legislative-rule-packs.ts +1ms

[WebServer]   vite:transform 43.17ms /src/content/adapters/life-situations.ts +0ms

[WebServer]   vite:transform 43.20ms /src/content/adapters/life-episodes.ts +0ms

[WebServer]   vite:transform 43.20ms /src/content/adapters/setup-questionnaire.ts +0ms

[WebServer]   vite:transform 43.19ms /src/content/adapters/simulation-catalogs.ts +0ms

[WebServer]   vite:transform 43.22ms /src/content/adapters/ordinary-life.ts +0ms

[WebServer]   vite:transform 42.55ms /src/presentation/formative-context.ts +1ms

[WebServer]   vite:transform 42.58ms /src/presentation/conversation-continuity.ts +0ms

[WebServer]   vite:transform 26.24ms /src/simulation/municipal-rule-registry.generated.ts +41ms

  1 passed (9.5s)
