[WebServer] (node:48109) Warning: The 'NO_COLOR' env is ignored due to the 'FORCE_COLOR' env being set.
[WebServer] (Use `node --trace-warnings ...` to show where the warning was created)

[WebServer] (node:48112) Warning: The 'NO_COLOR' env is ignored due to the 'FORCE_COLOR' env being set.
[WebServer] (Use `node --trace-warnings ...` to show where the warning was created)

[WebServer] (!) Your Vite config uses features that are unsupported by `configLoader: 'native'`, which is planned to become the default in a future major version of Vite:
[WebServer]   - import "./scripts/dev-lab/vite-identity" without a file extension (vite.config.ts:17:33). Add the file extension
[WebServer]   - import "./identity" without a file extension (scripts/dev-lab/vite-identity.ts:3:32). Add the file extension
[WebServer] Set `VITE_CONFIG_NATIVE_IGNORE_WARNING=true` to suppress this warning.


Running 1 test using 1 worker

(node:48346) Warning: The 'NO_COLOR' env is ignored due to the 'FORCE_COLOR' env being set.
(Use `node --trace-warnings ...` to show where the warning was created)


[1/1] [chromium] › tests/acceptance/municipal-load.browser.ts:4:1 › the original twelve-navigation authored-bill workload
[WebServer]   vite:transform 9.37ms /src/main.tsx +0ms

[WebServer]   vite:transform 41.39ms /test-results/cache/muni-load6-before-complete/deps/react.js?v=389fc123 +47ms

[WebServer]   vite:transform 35.09ms /@react-refresh +2ms

[WebServer]   vite:transform 46.14ms /test-results/cache/muni-load6-before-complete/deps/react_jsx-dev-runtime.js?v=389fc123 +5ms

[WebServer]   vite:transform 39.79ms /src/styles.css +2ms

[WebServer]   vite:transform 41.03ms /src/player/player.css +2ms

[WebServer]   vite:transform 66.39ms /test-results/cache/muni-load6-before-complete/deps/react-dom_client.js?v=a39a34f9 +20ms

[WebServer]   vite:transform 78.88ms /src/App.tsx +17ms

[WebServer]   vite:transform 3.55ms [skipped] /test-results/cache/muni-load6-before-complete/deps/rolldown-runtime-BvCyGRYZ.js?v=dfda250d +3ms

[WebServer]   vite:transform 6.13ms /test-results/cache/muni-load6-before-complete/deps/react-dom.js?v=389fc123 +4ms

[WebServer]   vite:transform 22.16ms /@vite/client +17ms

[WebServer]   vite:transform 22.15ms /src/player/LegislationWorkspace.tsx +3ms

[WebServer]   vite:transform 22.61ms /src/player/MeasureFloorView.tsx +1ms

[WebServer]   vite:transform 23.61ms /src/player/PlayerOffice.tsx +1ms

[WebServer]   vite:transform 24.07ms /src/ui/ContentBrowserView.tsx +0ms

[WebServer]   vite:transform 24.33ms /src/ui/CharacterProofView.tsx +1ms

[WebServer]   vite:transform 24.46ms /src/ui/CausalTraceView.tsx +0ms

[WebServer]   vite:transform 25.24ms /src/ui/SceneAuthoringProofView.tsx +1ms

[WebServer]   vite:transform 25.43ms /src/ui/ProductionOfficeProofView.tsx +0ms

[WebServer]   vite:transform 25.78ms /src/ui/DeveloperViewer.tsx +0ms

[WebServer]   vite:transform 26.06ms /src/player/PlayerGame.tsx +1ms

[WebServer]   vite:transform 27.14ms /src/ui/ScenePresentationProofView.tsx +2ms

[WebServer]   vite:transform 41.30ms /src/ui/SceneGalleryView.tsx +14ms

[WebServer]   vite:transform 12.67ms [skipped] /docs/agent/evidence/office-clipping-after-1440x900.png +5ms

[WebServer]   vite:transform 12.77ms [skipped] /docs/agent/evidence/office-clipping-before-1440x900.png +1ms

[WebServer]   vite:transform 26.52ms ../../../Users/lamontae/Documents/Political Game/node_modules/vite/dist/client/env.mjs +25ms

[WebServer]   vite:transform 26.02ms /src/presentation/run-b-conversation-state.ts +2ms

[WebServer]   vite:transform 26.06ms /src/presentation/run-a-learning.ts +0ms

[WebServer]   vite:transform 25.92ms /src/presentation/run-c-document-state.ts +0ms

[WebServer]   vite:transform 25.93ms /src/presentation/run-d-lite-state.ts +0ms

[WebServer]   vite:transform 26.00ms /src/presentation/run-b-conversation-progress.ts +1ms

[WebServer]   vite:transform 27.64ms /src/presentation/raster-tiers.ts +2ms

[WebServer]   vite:transform 28.64ms /src/presentation/unsaved-work-guard.ts +1ms

[WebServer]   vite:transform 29.05ms /src/presentation/session-seed.ts +1ms

[WebServer]   vite:transform 29.72ms /src/ui/causal-trace.css +1ms

[WebServer]   vite:transform 29.81ms /src/ui/content-browser.css +0ms

[WebServer]   vite:transform 29.84ms /art/manifest/provenance.json +0ms

[WebServer]   vite:transform 29.83ms [skipped] /art/generated/candidates/ocd-p71/bodies/ocd_body_adult_fem_seated_conversational_left_v1.png?url +1ms

[WebServer]   vite:transform 29.84ms [skipped] /art/generated/candidates/ocd-p71/bodies/ocd_body_adult_fem_seated_gesture_forward_v1.png?url +0ms
[WebServer]   vite:transform 29.84ms [skipped] /art/generated/candidates/ocd-p71/bodies/ocd_body_adult_fem_seated_guest_front_v1.png?url +0ms
[WebServer]   vite:transform 29.85ms [skipped] /art/generated/candidates/ocd-p71/bodies/ocd_body_adult_fem_seated_guest_three_quarter_v1.png?url +0ms

[WebServer]   vite:transform 29.85ms [skipped] /art/generated/candidates/ocd-p71/bodies/ocd_body_adult_fem_standing_conversational_a_v1.png?url +0ms
[WebServer]   vite:transform 29.86ms [skipped] /art/generated/candidates/ocd-p71/bodies/ocd_body_adult_fem_standing_conversational_b_v1.png?url +0ms
[WebServer]   vite:transform 29.75ms [skipped] /art/generated/candidates/ocd-p71/bodies/ocd_body_adult_fem_standing_neutral_a_v1.png?url +0ms

[WebServer]   vite:transform 29.80ms [skipped] /art/generated/candidates/ocd-p71/bodies/ocd_body_adult_fem_standing_neutral_b_v1.png?url +0ms
[WebServer]   vite:transform 29.82ms [skipped] /art/generated/candidates/ocd-p71/footwear/ocd_footwear_black_cap_toe_oxford_v1.png?url +0ms
[WebServer]   vite:transform 29.82ms [skipped] /art/generated/candidates/ocd-p71/footwear/ocd_footwear_blue_running_shoe_v1.png?url +0ms
[WebServer]   vite:transform 29.82ms [skipped] /art/generated/candidates/ocd-p71/footwear/ocd_footwear_brown_penny_loafer_v1.png?url +0ms
[WebServer]   vite:transform 29.83ms [skipped] /art/generated/candidates/ocd-p71/footwear/ocd_footwear_brown_strap_sandal_v1.png?url +0ms

[WebServer]   vite:transform 29.83ms [skipped] /art/generated/candidates/ocd-p71/footwear/ocd_footwear_green_ballet_flat_v1.png?url +0ms

[WebServer]   vite:transform 29.92ms [skipped] /art/generated/candidates/ocd-p71/footwear/ocd_footwear_grey_court_sneaker_v1.png?url +0ms

[WebServer]   vite:transform 29.98ms [skipped] /art/generated/candidates/ocd-p71/footwear/ocd_footwear_grey_low_block_heel_v1.png?url +0ms

[WebServer]   vite:transform 30.01ms [skipped] /art/generated/candidates/ocd-p71/footwear/ocd_footwear_navy_canvas_plimsoll_v1.png?url +0ms

[WebServer]   vite:transform 30.04ms [skipped] /art/generated/candidates/ocd-p71/footwear/ocd_footwear_olive_hiking_boot_v1.png?url +0ms

[WebServer]   vite:transform 30.06ms [skipped] /art/generated/candidates/ocd-p71/footwear/ocd_footwear_plum_mid_block_heel_v1.png?url +0ms

[WebServer]   vite:transform 30.09ms [skipped] /art/generated/candidates/ocd-p71/footwear/ocd_footwear_tan_work_boot_v1.png?url +0ms

[WebServer]   vite:transform 30.12ms [skipped] /art/generated/candidates/ocd-p71/footwear/ocd_footwear_taupe_chukka_boot_v1.png?url +0ms

[WebServer]   vite:transform 30.14ms [skipped] /art/generated/candidates/ocd-p71/heads/ocd_head_adult_deep_oval_adult_v1.png?url +0ms

[WebServer]   vite:transform 30.17ms [skipped] /art/generated/candidates/ocd-p71/heads/ocd_head_adult_deep_round_young_v1.png?url +0ms

[WebServer]   vite:transform 30.19ms [skipped] /art/generated/candidates/ocd-p71/heads/ocd_head_adult_deep_square_adult_masc_v1.png?url +0ms
[WebServer]   vite:transform 30.21ms [skipped] /art/generated/candidates/ocd-p71/heads/ocd_head_adult_light_long_older_v1.png?url +0ms

[WebServer]   vite:transform 30.24ms [skipped] /art/generated/candidates/ocd-p71/heads/ocd_head_adult_light_oval_young_fem_v1.png?url +0ms

[WebServer]   vite:transform 30.26ms [skipped] /art/generated/candidates/ocd-p71/heads/ocd_head_adult_light_oval_young_v1.png?url +1ms

[WebServer]   vite:transform 30.28ms [skipped] /art/generated/candidates/ocd-p71/heads/ocd_head_adult_light_square_older_lined_v1.png?url +0ms

[WebServer]   vite:transform 30.30ms [skipped] /art/generated/candidates/ocd-p71/heads/ocd_head_adult_light_square_older_masc_v1.png?url +0ms

[WebServer]   vite:transform 30.33ms [skipped] /art/generated/candidates/ocd-p71/heads/ocd_head_adult_olive_oval_adult_v1.png?url +0ms
[WebServer]   vite:transform 30.36ms [skipped] /art/generated/candidates/ocd-p71/heads/ocd_head_adult_tan_oval_adult_fem_v1.png?url +0ms

[WebServer]   vite:transform 30.38ms [skipped] /art/generated/candidates/ocd-p71/heads/ocd_head_adult_tan_round_young_v1.png?url +0ms

[WebServer]   vite:transform 30.41ms [skipped] /art/generated/candidates/ocd-p71/heads/ocd_head_adult_tan_square_adult_masc_v1.png?url +0ms

[WebServer]   vite:transform 30.43ms [skipped] /art/generated/candidates/ocd-p76/bodies-despilled/ocd_body_adult_fem_seated_conversational_left_v1.png?url +0ms

[WebServer]   vite:transform 30.47ms [skipped] /art/generated/candidates/ocd-p76/bodies-despilled/ocd_body_adult_fem_seated_gesture_forward_v1.png?url +0ms

[WebServer]   vite:transform 30.49ms [skipped] /art/generated/candidates/ocd-p76/bodies-despilled/ocd_body_adult_fem_seated_guest_front_v1.png?url +0ms
[WebServer]   vite:transform 30.51ms [skipped] /art/generated/candidates/ocd-p76/bodies-despilled/ocd_body_adult_fem_seated_guest_three_quarter_v1.png?url +0ms
[WebServer]   vite:transform 30.53ms [skipped] /art/generated/candidates/ocd-p76/bodies-despilled/ocd_body_adult_fem_standing_conversational_a_v1.png?url +0ms

[WebServer]   vite:transform 30.55ms [skipped] /art/generated/candidates/ocd-p76/bodies-despilled/ocd_body_adult_fem_standing_conversational_b_v1.png?url +0ms
[WebServer]   vite:transform 30.57ms [skipped] /art/generated/candidates/ocd-p76/bodies-despilled/ocd_body_adult_fem_standing_neutral_a_v1.png?url +0ms

[WebServer]   vite:transform 30.58ms [skipped] /art/generated/candidates/ocd-p76/bodies-despilled/ocd_body_adult_fem_standing_neutral_b_v1.png?url +0ms

[WebServer]   vite:transform 30.60ms [skipped] /art/generated/candidates/recent-drive-sweep/fat-man/wave_a_fat_man_seated_conversational_open_hand_v1.png?url +0ms

[WebServer]   vite:transform 30.62ms [skipped] /art/generated/candidates/recent-drive-sweep/fat-man/wave_a_fat_man_seated_front_chair_v1.png?url +0ms

[WebServer]   vite:transform 30.67ms [skipped] /art/generated/candidates/recent-drive-sweep/fat-man/wave_a_fat_man_seated_interaction_surface_v1.png?url +0ms
[WebServer]   vite:transform 30.68ms [skipped] /art/generated/candidates/recent-drive-sweep/fat-man/wave_a_fat_man_standing_conversational_open_hand_v1.png?url +0ms

[WebServer]   vite:transform 30.69ms [skipped] /art/generated/candidates/recent-drive-sweep/fat-man/wave_a_fat_man_standing_lectern_interaction_v1.png?url +0ms
[WebServer]   vite:transform 30.69ms [skipped] /art/generated/candidates/recent-drive-sweep/fat-man/wave_a_fat_man_standing_neutral_back_v1.png?url +0ms
[WebServer]   vite:transform 30.70ms [skipped] /art/generated/candidates/recent-drive-sweep/fat-man/wave_a_fat_man_standing_neutral_front_a_v1.png?url +0ms

[WebServer]   vite:transform 30.70ms [skipped] /art/generated/candidates/recent-drive-sweep/fat-man/wave_a_fat_man_standing_neutral_profile_v1.png?url +0ms
[WebServer]   vite:transform 30.71ms [skipped] /art/generated/candidates/recent-drive-sweep/female-tops/wave_a_female_top_brown_fur_hood_parka_v1.png?url +0ms
[WebServer]   vite:transform 30.73ms [skipped] /art/generated/candidates/recent-drive-sweep/female-tops/wave_a_female_top_burgundy_short_sleeve_polo_v1.png?url +0ms

[WebServer]   vite:transform 30.76ms [skipped] /art/generated/candidates/recent-drive-sweep/female-tops/wave_a_female_top_charcoal_blazer_v1.png?url +0ms

[WebServer]   vite:transform 30.78ms [skipped] /art/generated/candidates/recent-drive-sweep/female-tops/wave_a_female_top_cream_cardigan_v1.png?url +0ms
[WebServer]   vite:transform 30.78ms [skipped] /art/generated/candidates/recent-drive-sweep/female-tops/wave_a_female_top_gray_short_sleeve_tee_v1.png?url +0ms
[WebServer]   vite:transform 30.79ms [skipped] /art/generated/candidates/recent-drive-sweep/female-tops/wave_a_female_top_mustard_cable_sweater_v1.png?url +0ms

[WebServer]   vite:transform 30.81ms [skipped] /art/generated/candidates/recent-drive-sweep/female-tops/wave_a_female_top_navy_zip_hoodie_v1.png?url +0ms
[WebServer]   vite:transform 30.82ms [skipped] /art/generated/candidates/recent-drive-sweep/female-tops/wave_a_female_top_olive_button_up_shirt_v1.png?url +0ms
[WebServer]   vite:transform 30.82ms [skipped] /art/generated/candidates/recent-drive-sweep/female-tops/wave_a_female_top_olive_puffer_vest_layered_v1.png?url +0ms
[WebServer]   vite:transform 30.83ms [skipped] /art/generated/candidates/recent-drive-sweep/female-tops/wave_a_female_top_plaid_overshirt_v1.png?url +0ms

[WebServer]   vite:transform 30.83ms [skipped] /art/generated/candidates/recent-drive-sweep/female-tops/wave_a_female_top_tan_utility_shirt_v1.png?url +0ms

[WebServer]   vite:transform 30.83ms [skipped] /art/generated/candidates/recent-drive-sweep/female-tops/wave_a_female_top_teal_shell_jacket_v1.png?url +0ms
[WebServer]   vite:transform 30.84ms [skipped] /art/generated/candidates/recent-drive-sweep/front-facing-footwear/wave_a_footwear_athletic_sneaker_blue_v1.png?url +0ms

[WebServer]   vite:transform 30.84ms [skipped] /art/generated/candidates/recent-drive-sweep/front-facing-footwear/wave_a_footwear_canvas_sneaker_navy_v1.png?url +0ms

[WebServer]   vite:transform 30.85ms [skipped] /art/generated/candidates/recent-drive-sweep/front-facing-footwear/wave_a_footwear_chukka_taupe_v1.png?url +0ms
[WebServer]   vite:transform 30.85ms [skipped] /art/generated/candidates/recent-drive-sweep/front-facing-footwear/wave_a_footwear_combat_boot_olive_v1.png?url +1ms

[WebServer]   vite:transform 30.85ms [skipped] /art/generated/candidates/recent-drive-sweep/front-facing-footwear/wave_a_footwear_flat_green_v1.png?url +0ms

[WebServer]   vite:transform 30.86ms [skipped] /art/generated/candidates/recent-drive-sweep/front-facing-footwear/wave_a_footwear_loafer_brown_v1.png?url +0ms

[WebServer]   vite:transform 30.86ms [skipped] /art/generated/candidates/recent-drive-sweep/front-facing-footwear/wave_a_footwear_low_top_sneaker_gray_v1.png?url +0ms

[WebServer]   vite:transform 30.87ms [skipped] /art/generated/candidates/recent-drive-sweep/front-facing-footwear/wave_a_footwear_oxford_black_v1.png?url +0ms

[WebServer]   vite:transform 30.87ms [skipped] /art/generated/candidates/recent-drive-sweep/front-facing-footwear/wave_a_footwear_pump_burgundy_v1.png?url +0ms

[WebServer]   vite:transform 30.88ms [skipped] /art/generated/candidates/recent-drive-sweep/front-facing-footwear/wave_a_footwear_pump_gray_v1.png?url +0ms

[WebServer]   vite:transform 30.88ms [skipped] /art/generated/candidates/recent-drive-sweep/front-facing-footwear/wave_a_footwear_sandal_brown_v1.png?url +0ms

[WebServer]   vite:transform 30.89ms [skipped] /art/generated/candidates/recent-drive-sweep/front-facing-footwear/wave_a_footwear_work_boot_tan_v1.png?url +0ms
[WebServer]   vite:transform 30.89ms [skipped] /art/generated/candidates/recent-drive-sweep/male-bottoms/wave_a_male_bottom_black_joggers_v1.png?url +0ms

[WebServer]   vite:transform 30.90ms [skipped] /art/generated/candidates/recent-drive-sweep/male-bottoms/wave_a_male_bottom_blue_straight_jeans_v1.png?url +0ms

[WebServer]   vite:transform 30.90ms [skipped] /art/generated/candidates/recent-drive-sweep/male-bottoms/wave_a_male_bottom_brown_corduroy_trousers_v1.png?url +0ms

[WebServer]   vite:transform 30.90ms [skipped] /art/generated/candidates/recent-drive-sweep/male-bottoms/wave_a_male_bottom_charcoal_dress_trousers_v1.png?url +0ms

[WebServer]   vite:transform 30.91ms [skipped] /art/generated/candidates/recent-drive-sweep/male-bottoms/wave_a_male_bottom_dark_blue_slim_jeans_v1.png?url +0ms

[WebServer]   vite:transform 30.91ms [skipped] /art/generated/candidates/recent-drive-sweep/male-bottoms/wave_a_male_bottom_khaki_chinos_v1.png?url +0ms

[WebServer]   vite:transform 30.91ms [skipped] /art/generated/candidates/recent-drive-sweep/male-bottoms/wave_a_male_bottom_khaki_shorts_v1.png?url +0ms

[WebServer]   vite:transform 30.91ms [skipped] /art/generated/candidates/recent-drive-sweep/male-bottoms/wave_a_male_bottom_light_blue_dress_trousers_v1.png?url +0ms

[WebServer]   vite:transform 30.92ms [skipped] /art/generated/candidates/recent-drive-sweep/male-bottoms/wave_a_male_bottom_light_gray_dress_trousers_v1.png?url +0ms
[WebServer]   vite:transform 30.92ms [skipped] /art/generated/candidates/recent-drive-sweep/male-bottoms/wave_a_male_bottom_navy_work_trousers_v1.png?url +0ms

[WebServer]   vite:transform 30.93ms [skipped] /art/generated/candidates/recent-drive-sweep/male-bottoms/wave_a_male_bottom_olive_cargo_trousers_v1.png?url +0ms

[WebServer]   vite:transform 30.93ms [skipped] /art/generated/candidates/recent-drive-sweep/male-bottoms/wave_a_male_bottom_tan_cargo_trousers_v1.png?url +0ms

[WebServer]   vite:transform 30.93ms [skipped] /art/generated/candidates/recent-drive-sweep/male-tops/wave_a_male_top_brown_fur_hood_parka_v1.png?url +0ms

[WebServer]   vite:transform 30.94ms [skipped] /art/generated/candidates/recent-drive-sweep/male-tops/wave_a_male_top_burgundy_long_sleeve_polo_v1.png?url +0ms

[WebServer]   vite:transform 30.94ms [skipped] /art/generated/candidates/recent-drive-sweep/male-tops/wave_a_male_top_charcoal_blazer_v1.png?url +0ms

[WebServer]   vite:transform 30.94ms [skipped] /art/generated/candidates/recent-drive-sweep/male-tops/wave_a_male_top_charcoal_puffer_vest_layered_v1.png?url +0ms
[WebServer]   vite:transform 30.95ms [skipped] /art/generated/candidates/recent-drive-sweep/male-tops/wave_a_male_top_cream_cardigan_v1.png?url +0ms

[WebServer]   vite:transform 30.96ms [skipped] /art/generated/candidates/recent-drive-sweep/male-tops/wave_a_male_top_gray_long_sleeve_tee_v1.png?url +0ms

[WebServer]   vite:transform 30.96ms [skipped] /art/generated/candidates/recent-drive-sweep/male-tops/wave_a_male_top_green_cable_sweater_v1.png?url +0ms

[WebServer]   vite:transform 30.97ms [skipped] /art/generated/candidates/recent-drive-sweep/male-tops/wave_a_male_top_navy_zip_hoodie_v1.png?url +0ms

[WebServer]   vite:transform 30.97ms [skipped] /art/generated/candidates/recent-drive-sweep/male-tops/wave_a_male_top_olive_shell_jacket_v1.png?url +0ms

[WebServer]   vite:transform 30.98ms [skipped] /art/generated/candidates/recent-drive-sweep/male-tops/wave_a_male_top_plaid_overshirt_v1.png?url +0ms

[WebServer]   vite:transform 30.98ms [skipped] /art/generated/candidates/recent-drive-sweep/male-tops/wave_a_male_top_tan_utility_shirt_v1.png?url +0ms

[WebServer]   vite:transform 30.98ms [skipped] /art/generated/candidates/recent-drive-sweep/male-tops/wave_a_male_top_white_button_up_shirt_v1.png?url +0ms

[WebServer]   vite:transform 30.99ms [skipped] /art/generated/candidates/recent-drive-sweep/skinny-man/wave_a_skinny_man_seated_conversational_open_hand_v1.png?url +0ms

[WebServer]   vite:transform 31.03ms [skipped] /art/generated/candidates/recent-drive-sweep/skinny-man/wave_a_skinny_man_seated_front_chair_v1.png?url +0ms

[WebServer]   vite:transform 31.04ms [skipped] /art/generated/candidates/recent-drive-sweep/skinny-man/wave_a_skinny_man_seated_interaction_surface_v1.png?url +0ms
[WebServer]   vite:transform 31.05ms [skipped] /art/generated/candidates/recent-drive-sweep/skinny-man/wave_a_skinny_man_standing_conversational_open_hand_v1.png?url +0ms
[WebServer]   vite:transform 31.06ms [skipped] /art/generated/candidates/recent-drive-sweep/skinny-man/wave_a_skinny_man_standing_lectern_interaction_v1.png?url +0ms
[WebServer]   vite:transform 31.06ms [skipped] /art/generated/candidates/recent-drive-sweep/skinny-man/wave_a_skinny_man_standing_neutral_back_v1.png?url +0ms
[WebServer]   vite:transform 31.07ms [skipped] /art/generated/candidates/recent-drive-sweep/skinny-man/wave_a_skinny_man_standing_neutral_front_a_v1.png?url +0ms
[WebServer]   vite:transform 31.07ms [skipped] /art/generated/candidates/recent-drive-sweep/skinny-man/wave_a_skinny_man_standing_neutral_three_quarter_v1.png?url +0ms
[WebServer]   vite:transform 31.07ms [skipped] /art/generated/candidates/recent-drive-sweep/supplies-coarse-regions/wave_a_supplies_R1C1_single_phone_v1.png?url +0ms
[WebServer]   vite:transform 31.07ms [skipped] /art/generated/candidates/recent-drive-sweep/supplies-coarse-regions/wave_a_supplies_R1C2_multiple_notebook_clipboard_lanyard_v1.png?url +0ms
[WebServer]   vite:transform 31.08ms [skipped] /art/generated/candidates/recent-drive-sweep/supplies-coarse-regions/wave_a_supplies_R1C3_single_earbud_case_v1.png?url +0ms
[WebServer]   vite:transform 31.08ms [skipped] /art/generated/candidates/recent-drive-sweep/supplies-coarse-regions/wave_a_supplies_R1C4_single_usb_cable_v1.png?url +0ms
[WebServer]   vite:transform 31.08ms [skipped] /art/generated/candidates/recent-drive-sweep/supplies-coarse-regions/wave_a_supplies_R2C1_single_legal_pad_v1.png?url +0ms

[WebServer]   vite:transform 31.09ms [skipped] /art/generated/candidates/recent-drive-sweep/supplies-coarse-regions/wave_a_supplies_R2C2_multiple_binder_folder_document_wallet_v1.png?url +0ms
[WebServer]   vite:transform 31.09ms [skipped] /art/generated/candidates/recent-drive-sweep/supplies-coarse-regions/wave_a_supplies_R2C3_single_stapler_v1.png?url +0ms
[WebServer]   vite:transform 31.10ms [skipped] /art/generated/candidates/recent-drive-sweep/supplies-coarse-regions/wave_a_supplies_R2C4_single_sticky_notes_v1.png?url +0ms
[WebServer]   vite:transform 31.10ms [skipped] /art/generated/candidates/recent-drive-sweep/supplies-coarse-regions/wave_a_supplies_R3C1_multiple_bottle_note_envelope_v1.png?url +0ms
[WebServer]   vite:transform 31.10ms [skipped] /art/generated/candidates/recent-drive-sweep/supplies-coarse-regions/wave_a_supplies_R3C2_multiple_coffee_mug_keys_writing_news_v1.png?url +0ms
[WebServer]   vite:transform 31.10ms [skipped] /art/generated/candidates/recent-drive-sweep/supplies-coarse-regions/wave_a_supplies_R3C3_multiple_cards_umbrella_backpack_v1.png?url +0ms
[WebServer]   vite:transform 31.11ms [skipped] /art/generated/candidates/recent-drive-sweep/supplies-coarse-regions/wave_a_supplies_R3C4_multiple_pencil_briefcase_v1.png?url +0ms
[WebServer]   vite:transform 31.11ms [skipped] /art/generated/candidates/wave-a-morphology/additional-fat-female-pose/wave_a_additional_fat_female_seated_interaction_surface_v1.png?url +0ms
[WebServer]   vite:transform 31.11ms [skipped] /art/generated/candidates/wave-a-morphology/additional-fat-female-pose/wave_a_additional_fat_female_standing_conversational_hands_clasped_v1.png?url +0ms

[WebServer]   vite:transform 31.11ms [skipped] /art/generated/candidates/wave-a-morphology/additional-fat-female-pose/wave_a_additional_fat_female_standing_lectern_interaction_v1.png?url +0ms
[WebServer]   vite:transform 31.11ms [skipped] /art/generated/candidates/wave-a-morphology/average-man/wave_a_average_man_seated_conversational_open_hand_v1.png?url +0ms
[WebServer]   vite:transform 31.12ms [skipped] /art/generated/candidates/wave-a-morphology/average-man/wave_a_average_man_seated_front_neutral_v1.png?url +0ms
[WebServer]   vite:transform 31.12ms [skipped] /art/generated/candidates/wave-a-morphology/average-man/wave_a_average_man_seated_interaction_surface_v1.png?url +0ms
[WebServer]   vite:transform 31.12ms [skipped] /art/generated/candidates/wave-a-morphology/average-man/wave_a_average_man_standing_conversational_open_hand_v1.png?url +0ms
[WebServer]   vite:transform 31.13ms [skipped] /art/generated/candidates/wave-a-morphology/average-man/wave_a_average_man_standing_interaction_surface_v1.png?url +0ms
[WebServer]   vite:transform 31.13ms [skipped] /art/generated/candidates/wave-a-morphology/average-man/wave_a_average_man_standing_neutral_front_a_v1.png?url +0ms
[WebServer]   vite:transform 31.13ms [skipped] /art/generated/candidates/wave-a-morphology/average-man/wave_a_average_man_standing_neutral_front_b_v1.png?url +0ms

[WebServer]   vite:transform 31.13ms [skipped] /art/generated/candidates/wave-a-morphology/average-man/wave_a_average_man_standing_neutral_three_quarter_v1.png?url +0ms
[WebServer]   vite:transform 31.14ms [skipped] /art/generated/candidates/wave-a-morphology/average-woman/wave_a_average_woman_seated_conversational_open_hand_v1.png?url +0ms
[WebServer]   vite:transform 31.14ms [skipped] /art/generated/candidates/wave-a-morphology/average-woman/wave_a_average_woman_seated_front_neutral_v1.png?url +0ms
[WebServer]   vite:transform 31.14ms [skipped] /art/generated/candidates/wave-a-morphology/average-woman/wave_a_average_woman_seated_interaction_surface_v1.png?url +0ms
[WebServer]   vite:transform 31.15ms [skipped] /art/generated/candidates/wave-a-morphology/average-woman/wave_a_average_woman_standing_conversational_open_hand_v1.png?url +1ms
[WebServer]   vite:transform 31.15ms [skipped] /art/generated/candidates/wave-a-morphology/average-woman/wave_a_average_woman_standing_interaction_surface_v1.png?url +0ms

[WebServer]   vite:transform 31.20ms [skipped] /art/generated/candidates/wave-a-morphology/average-woman/wave_a_average_woman_standing_neutral_front_a_v1.png?url +0ms
[WebServer]   vite:transform 31.21ms [skipped] /art/generated/candidates/wave-a-morphology/average-woman/wave_a_average_woman_standing_neutral_front_b_v1.png?url +0ms
[WebServer]   vite:transform 31.21ms [skipped] /art/generated/candidates/wave-a-morphology/average-woman/wave_a_average_woman_standing_neutral_three_quarter_v1.png?url +0ms
[WebServer]   vite:transform 31.21ms [skipped] /art/generated/candidates/wave-a-morphology/older-woman/wave_a_older_woman_seated_conversational_open_hand_v1.png?url +0ms
[WebServer]   vite:transform 31.22ms [skipped] /art/generated/candidates/wave-a-morphology/older-woman/wave_a_older_woman_seated_front_neutral_v1.png?url +0ms
[WebServer]   vite:transform 31.22ms [skipped] /art/generated/candidates/wave-a-morphology/older-woman/wave_a_older_woman_seated_interaction_surface_v1.png?url +0ms
[WebServer]   vite:transform 31.22ms [skipped] /art/generated/candidates/wave-a-morphology/older-woman/wave_a_older_woman_standing_conversational_open_hand_v1.png?url +0ms
[WebServer]   vite:transform 31.23ms [skipped] /art/generated/candidates/wave-a-morphology/older-woman/wave_a_older_woman_standing_interaction_surface_v1.png?url +0ms

[WebServer]   vite:transform 31.23ms [skipped] /art/generated/candidates/wave-a-morphology/older-woman/wave_a_older_woman_standing_neutral_front_a_v1.png?url +0ms
[WebServer]   vite:transform 31.24ms [skipped] /art/generated/candidates/wave-a-morphology/older-woman/wave_a_older_woman_standing_neutral_front_b_v1.png?url +0ms
[WebServer]   vite:transform 31.23ms [skipped] /art/generated/candidates/wave-a-morphology/older-woman/wave_a_older_woman_standing_neutral_three_quarter_v1.png?url +0ms

[WebServer]   vite:transform 31.24ms [skipped] /art/generated/candidates/wave-a-morphology/skinny-woman/wave_a_skinny_woman_seated_conversational_open_hand_v1.png?url +0ms
[WebServer]   vite:transform 31.24ms [skipped] /art/generated/candidates/wave-a-morphology/skinny-woman/wave_a_skinny_woman_seated_front_neutral_v1.png?url +0ms

[WebServer]   vite:transform 31.24ms [skipped] /art/generated/candidates/wave-a-morphology/skinny-woman/wave_a_skinny_woman_seated_interaction_surface_v1.png?url +0ms
[WebServer]   vite:transform 31.25ms [skipped] /art/generated/candidates/wave-a-morphology/skinny-woman/wave_a_skinny_woman_standing_conversational_open_hand_v1.png?url +0ms

[WebServer]   vite:transform 31.25ms [skipped] /art/generated/candidates/wave-a-morphology/skinny-woman/wave_a_skinny_woman_standing_interaction_surface_v1.png?url +0ms

[WebServer]   vite:transform 31.26ms [skipped] /art/generated/candidates/wave-a-morphology/skinny-woman/wave_a_skinny_woman_standing_neutral_front_a_v1.png?url +0ms

[WebServer]   vite:transform 31.26ms [skipped] /art/generated/candidates/wave-a-morphology/skinny-woman/wave_a_skinny_woman_standing_neutral_front_b_v1.png?url +0ms

[WebServer]   vite:transform 31.26ms [skipped] /art/generated/candidates/wave-a-morphology/skinny-woman/wave_a_skinny_woman_standing_neutral_three_quarter_v1.png?url +0ms

[WebServer]   vite:transform 41.54ms /src/ui/review-context.tsx +4ms

[WebServer]   vite:transform 47.48ms /src/simulation/serialization.ts +6ms

[WebServer]   vite:transform 47.83ms /src/simulation/legislation-scenarios.ts +1ms

[WebServer]   vite:transform 48.46ms /src/presentation/legislation-world.ts +1ms

[WebServer]   vite:transform 48.77ms /src/presentation/legislation-projection.ts +0ms

[WebServer]   vite:transform 49.55ms /src/presentation/legislation-session.ts +1ms

[WebServer]   vite:transform 49.99ms /src/presentation/legislative-bargaining-fixture.ts +0ms

[WebServer]   vite:transform 50.14ms /src/player/MeasureFloorSurface.tsx +1ms

[WebServer]   vite:transform 50.15ms /src/presentation/run-a-projection.ts +0ms

[WebServer]   vite:transform 50.16ms /src/presentation/run-a-state.ts +0ms

[WebServer]   vite:transform 49.98ms /src/presentation/run-b-conversation.ts +0ms

[WebServer]   vite:transform 49.92ms /src/presentation/run-a-fixture.ts +0ms

[WebServer]   vite:transform 49.82ms /src/presentation/run-c-working-document.ts +0ms

[WebServer]   vite:transform 49.77ms /src/player/ConversationStrip.tsx +0ms

[WebServer]   vite:transform 49.75ms /src/player/CalendarWorkspace.tsx +0ms

[WebServer]   vite:transform 49.71ms /src/presentation/run-d-lite.ts +0ms

[WebServer]   vite:transform 49.72ms /src/presentation/surface-projection.ts +0ms

[WebServer]   vite:transform 49.70ms /src/player/PermanentShell.tsx +0ms

[WebServer]   vite:transform 49.80ms /src/player/OfficeScene.tsx +1ms

[WebServer]   vite:transform 49.83ms /src/player/WorkingDocumentWorkspace.tsx +0ms

[WebServer]   vite:transform 49.86ms /src/player/WorkPendingWorkspace.tsx +0ms

[WebServer]   vite:transform 49.96ms /src/content/index.ts +0ms

[WebServer]   vite:transform 50.00ms /src/presentation/character-proof.ts +0ms

[WebServer]   vite:transform 50.02ms /src/presentation/run-b-fixture.ts +0ms

[WebServer]   vite:transform 49.95ms /src/player/ModularCharacter.tsx +0ms

[WebServer]   vite:transform 50.14ms /src/devtools/index.ts +0ms

[WebServer]   vite:transform 50.16ms /src/authoring/authoring-capture.ts +0ms

[WebServer]   vite:transform 50.17ms /src/player/useRasterTier.ts +0ms

[WebServer]   vite:transform 50.18ms /src/player/useSceneTransform.ts +0ms

[WebServer]   vite:transform 50.37ms /src/presentation/scene-registry.ts +1ms

[WebServer]   vite:transform 50.34ms /src/ui/SceneDebugOverlay.tsx +0ms

[WebServer]   vite:transform 50.46ms /src/presentation/production-office.ts +0ms

[WebServer]   vite:transform 50.49ms /src/devtools/review-session.ts +0ms

[WebServer]   vite:transform 52.02ms /src/simulation/index.ts +1ms

[WebServer]   vite:transform 52.08ms /src/ui/PeopleList.tsx +0ms

[WebServer]   vite:transform 52.10ms /src/ui/EventHistory.tsx +0ms

[WebServer]   vite:transform 52.17ms /src/ui/PersonInspector.tsx +1ms

[WebServer]   vite:transform 52.22ms /src/ui/WorldControls.tsx +0ms

[WebServer]   vite:transform 52.24ms /src/ui/WorldSummary.tsx +0ms

[WebServer]   vite:transform 52.23ms /src/presentation/browser-world-repository.ts +0ms

[WebServer]   vite:transform 52.25ms /src/presentation/life-story.ts +0ms

[WebServer]   vite:transform 52.26ms /src/presentation/life-record.ts +0ms

[WebServer]   vite:transform 52.26ms /src/presentation/ordinary-life.ts +0ms

[WebServer]   vite:transform 52.29ms /src/presentation/new-game.ts +0ms

[WebServer]   vite:transform 52.14ms /src/presentation/setup-questionnaire-flow.ts +0ms

[WebServer]   vite:transform 52.14ms /src/presentation/player-capabilities.ts +0ms

[WebServer]   vite:transform 52.15ms /src/presentation/life-introduction.ts +0ms

[WebServer]   vite:transform 52.17ms /src/presentation/life-scene.ts +0ms

[WebServer]   vite:transform 52.22ms /src/presentation/life-scene-people.ts +0ms

[WebServer]   vite:transform 52.31ms /src/player/TitleScreen.tsx +0ms

[WebServer]   vite:transform 52.38ms /src/player/SceneBackdrop.tsx +1ms

[WebServer]   vite:transform 52.39ms /src/presentation/new-game-identity.ts +0ms

[WebServer]   vite:transform 52.44ms /src/presentation/legislative-bargaining-world.ts +0ms

[WebServer]   vite:transform 52.46ms /src/player/CampaignWorkspace.tsx +0ms

[WebServer]   vite:transform 52.50ms /src/player/PlayerConversation.tsx +0ms

[WebServer]   vite:transform 52.55ms /src/player/PersonPortrait.tsx +0ms

[WebServer]   vite:transform 54.28ms /src/ui/PoseContactProof.tsx +5ms

[WebServer]   vite:transform 54.42ms /src/presentation/scene-proof.ts +0ms

[WebServer]   vite:transform 27.67ms /art/requests/asset-requests.json +4ms

[WebServer]   vite:transform 27.70ms /art/qa/p71/source_intake_dispositions.json +0ms

[WebServer]   vite:transform 31.32ms /src/authoring/asset-request.ts +7ms

[WebServer]   vite:transform 91.63ms /src/presentation/visual-integration.ts +22ms

[WebServer]   vite:transform 53.11ms /src/presentation/scene-consumers.ts +0ms

[WebServer]   vite:transform 53.05ms /src/presentation/surface-binding.ts +0ms

[WebServer]   vite:transform 53.09ms /src/presentation/surface-review.ts +0ms

[WebServer]   vite:transform 85.33ms /src/simulation/canonical-json.ts +94ms

[WebServer]   vite:transform 85.48ms /src/simulation/dates.ts +1ms

[WebServer]   vite:transform 85.53ms /src/simulation/ids.ts +0ms

[WebServer]   vite:transform 85.83ms /src/simulation/legislature-rules.ts +2ms

[WebServer]   vite:transform 85.81ms /src/presentation/scene-transform.ts +1ms

[WebServer]   vite:transform 85.68ms /src/devtools/observer-trace.ts +1ms

[WebServer]   vite:transform 85.82ms /src/devtools/trace-sources.ts +0ms

[WebServer]   vite:transform 85.86ms /src/devtools/trace-model.ts +0ms

[WebServer]   vite:transform 85.88ms /src/authoring/canonical-json.ts +0ms

[WebServer]   vite:transform 85.88ms /src/devtools/trace-walk.ts +0ms

[WebServer]   vite:transform 85.83ms /src/environment/scenes/civic-hearing-room-production.ts +1ms

[WebServer]   vite:transform 85.82ms /src/environment/scenes/committee-room-fixture.ts +0ms

[WebServer]   vite:transform 85.85ms /src/environment/scenes/civic-community-meeting-title-production.ts +0ms

[WebServer]   vite:transform 85.91ms /src/environment/scenes/office-council-staff-fixture.ts +0ms

[WebServer]   vite:transform 86.02ms /src/environment/environment-scene-spec.ts +0ms

[WebServer]   vite:transform 86.05ms /src/environment/scenes/legislative-chamber-production.ts +0ms

[WebServer]   vite:transform 86.11ms /src/environment/scenes/residence-apartment-living-production.ts +0ms

[WebServer]   vite:transform 86.14ms /src/environment/scenes/shared-workroom-office-production.ts +0ms

[WebServer]   vite:transform 88.07ms /src/simulation/names-data.ts +5ms

[WebServer]   vite:transform 88.14ms /src/simulation/person-identity.ts +1ms

[WebServer]   vite:transform 88.17ms /src/simulation/voice-bands.ts +0ms

[WebServer]   vite:transform 88.66ms /src/simulation/quantity.ts +1ms

[WebServer]   vite:transform 89.02ms /src/simulation/rng.ts +0ms

[WebServer]   vite:transform 89.06ms /src/simulation/sha256.ts +0ms

[WebServer]   vite:transform 89.13ms /src/simulation/player-model.ts +1ms

[WebServer]   vite:transform 89.23ms /src/simulation/setup-opening-bank.ts +0ms

[WebServer]   vite:transform 89.56ms /src/simulation/taxonomy.ts +1ms

[WebServer]   vite:transform 89.91ms /art/manifest/character_catalog.json +1ms

[WebServer]   vite:transform 90.08ms /src/presentation/browser-world-repository-protocol.ts +0ms

[WebServer]   vite:transform 90.31ms /src/presentation/scene-placement.ts +1ms

[WebServer]   vite:transform 90.35ms /src/presentation/title-ambient.ts +0ms

[WebServer]   vite:transform 90.51ms /src/presentation/prior-work-evidence.ts +0ms

[WebServer]   vite:transform 90.71ms /art/manifest/asset_manifest.json +1ms

[WebServer]   vite:transform 80.54ms [skipped] /art/families/apartment-ordinary/env_residence_apartment_living_canonical_03_v1.png?url +5ms

[WebServer]   vite:transform 80.57ms [skipped] /art/families/apartment-ordinary/env_residence_apartment_living_ordinary_02_v1.png?url +0ms
[WebServer]   vite:transform 80.57ms [skipped] /art/families/civic-community-meeting/title_bg_civic_community_meeting_hero_slot_runtime_2048_v1.png?url +0ms
[WebServer]   vite:transform 80.58ms [skipped] /art/families/civic-community-meeting/title_bg_civic_community_meeting_hero_slot_v1.png?url +0ms
[WebServer]   vite:transform 80.58ms [skipped] /art/families/civic-hearing-room/env_civic_hearing_room_runtime_2x_v1.png?url +0ms
[WebServer]   vite:transform 80.58ms [skipped] /art/families/civic-hearing-room/env_civic_hearing_room_v1.png?url +0ms
[WebServer]   vite:transform 80.59ms [skipped] /art/families/council-staff-office/env_lexington_council_staff_office_prompt30_foreground_mask_2x_v1.png?url +0ms

[WebServer]   vite:transform 80.59ms [skipped] /art/families/council-staff-office/env_lexington_council_staff_office_prompt30_runtime_2x_v1.png?url +0ms
[WebServer]   vite:transform 80.59ms [skipped] /art/families/council-staff-office/env_lexington_council_staff_office_prompt30_v1.png?url +0ms
[WebServer]   vite:transform 80.59ms [skipped] /art/families/legislative-chamber/env_legislative_chamber_floor_runtime_2x_v1.png?url +0ms
[WebServer]   vite:transform 80.60ms [skipped] /art/families/legislative-chamber/env_legislative_chamber_floor_v1.png?url +0ms
[WebServer]   vite:transform 80.60ms [skipped] /art/families/shared-workroom-office/env_shared_workroom_office_runtime_2x_v1.png?url +0ms
[WebServer]   vite:transform 80.60ms [skipped] /art/families/shared-workroom-office/env_shared_workroom_office_v1.png?url +0ms
[WebServer]   vite:transform 80.60ms [skipped] /art/fixtures/garment-fit/fit_accessory_badge_v1.png?url +0ms
[WebServer]   vite:transform 80.61ms [skipped] /art/fixtures/garment-fit/fit_body_adult_average_standing_v1.png?url +0ms

[WebServer]   vite:transform 80.61ms [skipped] /art/fixtures/garment-fit/fit_body_adult_heavy_standing_v1.png?url +1ms
[WebServer]   vite:transform 80.61ms [skipped] /art/fixtures/garment-fit/fit_body_adult_lean_standing_v1.png?url +0ms
[WebServer]   vite:transform 80.61ms [skipped] /art/fixtures/garment-fit/fit_bottom_trousers_average_standing_v1.png?url +0ms

[WebServer]   vite:transform 80.62ms [skipped] /art/fixtures/garment-fit/fit_footwear_derby_standing_v1.png?url +0ms

[WebServer]   vite:transform 80.62ms [skipped] /art/fixtures/garment-fit/fit_top_knit_average_standing_v1.png?url +0ms
[WebServer]   vite:transform 80.62ms [skipped] /art/generated/approved/dev-modular-g2/dev_g2_accessory_lanyard_v1.png?url +0ms

[WebServer]   vite:transform 80.63ms [skipped] /art/generated/approved/dev-modular-g2/dev_g2_body_broad_deep_rich_seated_v1.png?url +0ms

[WebServer]   vite:transform 80.63ms [skipped] /art/generated/approved/dev-modular-g2/dev_g2_body_broad_deep_rich_standing_v1.png?url +0ms

[WebServer]   vite:transform 80.63ms [skipped] /art/generated/approved/dev-modular-g2/dev_g2_body_broad_light_seated_v1.png?url +0ms
[WebServer]   vite:transform 80.63ms [skipped] /art/generated/approved/dev-modular-g2/dev_g2_body_broad_light_standing_v1.png?url +0ms

[WebServer]   vite:transform 80.64ms [skipped] /art/generated/approved/dev-modular-g2/dev_g2_body_broad_medium_warm_seated_v1.png?url +0ms

[WebServer]   vite:transform 80.64ms [skipped] /art/generated/approved/dev-modular-g2/dev_g2_body_broad_medium_warm_standing_v1.png?url +0ms

[WebServer]   vite:transform 80.64ms [skipped] /art/generated/approved/dev-modular-g2/dev_g2_body_slim_deep_rich_seated_v1.png?url +0ms

[WebServer]   vite:transform 80.65ms [skipped] /art/generated/approved/dev-modular-g2/dev_g2_body_slim_deep_rich_standing_v1.png?url +0ms
[WebServer]   vite:transform 80.65ms [skipped] /art/generated/approved/dev-modular-g2/dev_g2_body_slim_light_seated_v1.png?url +0ms

[WebServer]   vite:transform 80.65ms [skipped] /art/generated/approved/dev-modular-g2/dev_g2_body_slim_light_standing_v1.png?url +0ms

[WebServer]   vite:transform 80.66ms [skipped] /art/generated/approved/dev-modular-g2/dev_g2_body_slim_medium_warm_seated_v1.png?url +0ms

[WebServer]   vite:transform 80.66ms [skipped] /art/generated/approved/dev-modular-g2/dev_g2_body_slim_medium_warm_standing_v1.png?url +0ms

[WebServer]   vite:transform 80.66ms [skipped] /art/generated/approved/dev-modular-g2/dev_g2_bottom_trousers_seated_v1.png?url +0ms
[WebServer]   vite:transform 80.67ms [skipped] /art/generated/approved/dev-modular-g2/dev_g2_bottom_trousers_standing_v1.png?url +0ms

[WebServer]   vite:transform 80.67ms [skipped] /art/generated/approved/dev-modular-g2/dev_g2_eyewear_thin_frames_v1.png?url +0ms

[WebServer]   vite:transform 80.67ms [skipped] /art/generated/approved/dev-modular-g2/dev_g2_footwear_derby_seated_v1.png?url +0ms

[WebServer]   vite:transform 80.68ms [skipped] /art/generated/approved/dev-modular-g2/dev_g2_footwear_derby_standing_v1.png?url +0ms
[WebServer]   vite:transform 80.68ms [skipped] /art/generated/approved/dev-modular-g2/dev_g2_hair_coils_front_v1.png?url +0ms

[WebServer]   vite:transform 80.68ms [skipped] /art/generated/approved/dev-modular-g2/dev_g2_hair_crop_front_v1.png?url +0ms

[WebServer]   vite:transform 80.68ms [skipped] /art/generated/approved/dev-modular-g2/dev_g2_hair_long_back_v1.png?url +0ms

[WebServer]   vite:transform 80.69ms [skipped] /art/generated/approved/dev-modular-g2/dev_g2_hair_long_front_v1.png?url +0ms
[WebServer]   vite:transform 80.69ms [skipped] /art/generated/approved/dev-modular-g2/dev_g2_head_deep_oval_v1.png?url +0ms

[WebServer]   vite:transform 80.70ms [skipped] /art/generated/approved/dev-modular-g2/dev_g2_head_light_square_v1.png?url +0ms

[WebServer]   vite:transform 80.70ms [skipped] /art/generated/approved/dev-modular-g2/dev_g2_head_warm_long_v1.png?url +0ms

[WebServer]   vite:transform 80.70ms [skipped] /art/generated/approved/dev-modular-g2/dev_g2_head_warm_round_v1.png?url +0ms

[WebServer]   vite:transform 80.70ms [skipped] /art/generated/approved/dev-modular-g2/dev_g2_top_knit_olive_seated_v1.png?url +0ms
[WebServer]   vite:transform 80.70ms [skipped] /art/generated/approved/dev-modular-g2/dev_g2_top_knit_olive_standing_v1.png?url +0ms

[WebServer]   vite:transform 80.71ms [skipped] /art/generated/approved/dev-modular-g2/dev_g2_top_suit_charcoal_seated_v1.png?url +0ms

[WebServer]   vite:transform 80.71ms [skipped] /art/generated/approved/dev-modular-g2/dev_g2_top_suit_charcoal_standing_v1.png?url +0ms

[WebServer]   vite:transform 80.71ms [skipped] /art/generated/approved/dev-modular/dev_accessory_lapel_pin_v1.png?url +0ms

[WebServer]   vite:transform 80.72ms [skipped] /art/generated/approved/dev-modular/dev_body_adult_seated_v1.png?url +0ms
[WebServer]   vite:transform 80.72ms [skipped] /art/generated/approved/dev-modular/dev_body_adult_standing_v1.png?url +0ms

[WebServer]   vite:transform 80.72ms [skipped] /art/generated/approved/dev-modular/dev_bottom_slacks_charcoal_seated_v1.png?url +0ms

[WebServer]   vite:transform 80.72ms [skipped] /art/generated/approved/dev-modular/dev_bottom_slacks_charcoal_standing_v1.png?url +0ms

[WebServer]   vite:transform 80.73ms [skipped] /art/generated/approved/dev-modular/dev_eyewear_round_glasses_v1.png?url +0ms

[WebServer]   vite:transform 80.73ms [skipped] /art/generated/approved/dev-modular/dev_footwear_oxford_black_v1.png?url +0ms
[WebServer]   vite:transform 80.74ms [skipped] /art/generated/approved/dev-modular/dev_hair_crop_front_v1.png?url +0ms

[WebServer]   vite:transform 80.74ms [skipped] /art/generated/approved/dev-modular/dev_hair_long_back_v1.png?url +0ms

[WebServer]   vite:transform 80.74ms [skipped] /art/generated/approved/dev-modular/dev_hair_long_front_v1.png?url +0ms
[WebServer]   vite:transform 80.75ms [skipped] /art/generated/approved/dev-modular/dev_head_oval_v1.png?url +0ms

[WebServer]   vite:transform 80.75ms [skipped] /art/generated/approved/dev-modular/dev_head_round_v1.png?url +0ms

[WebServer]   vite:transform 80.75ms [skipped] /art/generated/approved/dev-modular/dev_top_blazer_navy_seated_v1.png?url +0ms

[WebServer]   vite:transform 80.75ms [skipped] /art/generated/approved/dev-modular/dev_top_blazer_navy_standing_v1.png?url +0ms

[WebServer]   vite:transform 80.76ms [skipped] /art/generated/approved/dev-modular/dev_top_tee_teal_seated_v1.png?url +0ms
[WebServer]   vite:transform 80.76ms [skipped] /art/generated/approved/dev-modular/dev_top_tee_teal_standing_v1.png?url +0ms

[WebServer]   vite:transform 80.76ms [skipped] /art/generated/approved/human_candidate_A01_primary_desk_seated_v1.png?url +0ms

[WebServer]   vite:transform 80.77ms [skipped] /art/generated/approved/human_candidate_B01_left_guest_seated_v1.png?url +0ms

[WebServer]   vite:transform 80.77ms [skipped] /art/generated/approved/pg-modular/pg_body_fl_standing_v1.png?url +0ms

[WebServer]   vite:transform 80.77ms [skipped] /art/generated/approved/pg-modular/pg_body_ml_standing_v1.png?url +0ms
[WebServer]   vite:transform 80.78ms [skipped] /art/generated/approved/pg-modular/pg_bottom_001_straight_leg_blue_jeans_fl_v1.png?url +0ms

[WebServer]   vite:transform 80.78ms [skipped] /art/generated/approved/pg-modular/pg_bottom_001_straight_leg_blue_jeans_ml_v1.png?url +0ms

[WebServer]   vite:transform 80.78ms [skipped] /art/generated/approved/pg-modular/pg_bottom_005_dress_trousers_fl_v1.png?url +0ms

[WebServer]   vite:transform 80.79ms [skipped] /art/generated/approved/pg-modular/pg_bottom_005_dress_trousers_ml_v1.png?url +0ms
[WebServer]   vite:transform 80.79ms [skipped] /art/generated/approved/pg-modular/pg_bottom_010_a_line_knee_skirt_fl_v1.png?url +0ms

[WebServer]   vite:transform 80.79ms [skipped] /art/generated/approved/pg-modular/pg_bottom_010_a_line_knee_skirt_ml_v1.png?url +0ms

[WebServer]   vite:transform 80.80ms [skipped] /art/generated/approved/pg-modular/pg_hair_f_black_001_short_tapered_afro_v1.png?url +0ms

[WebServer]   vite:transform 80.80ms [skipped] /art/generated/approved/pg-modular/pg_hair_f_black_002_rounded_medium_afro_v1.png?url +0ms

[WebServer]   vite:transform 80.80ms [skipped] /art/generated/approved/pg-modular/pg_hair_f_black_004_shoulder_natural_curls_v1.png?url +0ms

[WebServer]   vite:transform 80.81ms [skipped] /art/generated/approved/pg-modular/pg_hair_f_black_005_high_puff_v1.png?url +0ms
[WebServer]   vite:transform 80.81ms [skipped] /art/generated/approved/pg-modular/pg_hair_f_black_007_shoulder_box_braids_v1.png?url +0ms

[WebServer]   vite:transform 80.81ms [skipped] /art/generated/approved/pg-modular/pg_hair_f_black_008_long_box_braids_v1.png?url +0ms

[WebServer]   vite:transform 80.82ms [skipped] /art/generated/approved/pg-modular/pg_hair_f_black_010_cornrows_low_bun_v1.png?url +0ms

[WebServer]   vite:transform 80.82ms [skipped] /art/generated/approved/pg-modular/pg_hair_f_black_012_shoulder_locs_v1.png?url +0ms

[WebServer]   vite:transform 80.82ms [skipped] /art/generated/approved/pg-modular/pg_head_f_01_bald_neutral_v1.png?url +0ms
[WebServer]   vite:transform 80.83ms [skipped] /art/generated/approved/pg-modular/pg_head_m_001_black_young_adult_v1.png?url +0ms

[WebServer]   vite:transform 80.83ms [skipped] /art/generated/approved/pg-modular/pg_head_m_002_white_adult_v1.png?url +0ms

[WebServer]   vite:transform 80.83ms [skipped] /art/generated/approved/pg-modular/pg_head_m_004_east_asian_young_adult_v1.png?url +0ms

[WebServer]   vite:transform 80.83ms [skipped] /art/generated/approved/pg-modular/pg_head_m_005_black_older_adult_v1.png?url +0ms

[WebServer]   vite:transform 80.84ms [skipped] /art/generated/approved/pg-modular/pg_shoe_001_low_top_sneakers_fl_v1.png?url +0ms
[WebServer]   vite:transform 80.84ms [skipped] /art/generated/approved/pg-modular/pg_shoe_001_low_top_sneakers_ml_v1.png?url +0ms

[WebServer]   vite:transform 80.84ms [skipped] /art/generated/approved/pg-modular/pg_shoe_004_leather_loafers_fl_v1.png?url +0ms

[WebServer]   vite:transform 80.85ms [skipped] /art/generated/approved/pg-modular/pg_shoe_004_leather_loafers_ml_v1.png?url +0ms

[WebServer]   vite:transform 80.85ms [skipped] /art/generated/approved/pg-modular/pg_shoe_009_low_practical_flats_fl_v1.png?url +0ms

[WebServer]   vite:transform 80.85ms [skipped] /art/generated/approved/pg-modular/pg_shoe_009_low_practical_flats_ml_v1.png?url +1ms
[WebServer]   vite:transform 80.85ms [skipped] /art/generated/approved/pg-modular/pg_top_001_short_sleeve_crew_tee_fl_v1.png?url +0ms

[WebServer]   vite:transform 80.86ms [skipped] /art/generated/approved/pg-modular/pg_top_001_short_sleeve_crew_tee_ml_v1.png?url +0ms

[WebServer]   vite:transform 80.86ms [skipped] /art/generated/approved/pg-modular/pg_top_005_long_sleeve_button_shirt_fl_v1.png?url +0ms

[WebServer]   vite:transform 80.86ms [skipped] /art/generated/approved/pg-modular/pg_top_005_long_sleeve_button_shirt_ml_v1.png?url +0ms

[WebServer]   vite:transform 80.87ms [skipped] /art/generated/approved/pg-modular/pg_top_006_pullover_sweater_fl_v1.png?url +0ms

[WebServer]   vite:transform 80.87ms [skipped] /art/generated/approved/pg-modular/pg_top_006_pullover_sweater_ml_v1.png?url +0ms
[WebServer]   vite:transform 80.87ms [skipped] /art/generated/approved/pg-modular/pg_top_011_structured_blazer_fl_v1.png?url +0ms

[WebServer]   vite:transform 80.87ms [skipped] /art/generated/approved/pg-modular/pg_top_011_structured_blazer_ml_v1.png?url +0ms

[WebServer]   vite:transform 80.88ms [skipped] /art/qa/p95-recent-drive-sweep/drive-visual-review/page-01.png?url +0ms
[WebServer]   vite:transform 80.88ms [skipped] /art/qa/p95-recent-drive-sweep/drive-visual-review/page-02.png?url +0ms

[WebServer]   vite:transform 80.88ms [skipped] /art/qa/p95-recent-drive-sweep/drive-visual-review/page-03.png?url +0ms

[WebServer]   vite:transform 80.89ms [skipped] /art/qa/p95-recent-drive-sweep/drive-visual-review/page-04.png?url +0ms

[WebServer]   vite:transform 80.89ms [skipped] /art/qa/p95-recent-drive-sweep/drive-visual-review/page-05.png?url +0ms

[WebServer]   vite:transform 80.89ms [skipped] /art/qa/p95-recent-drive-sweep/drive-visual-review/page-06.png?url +0ms
[WebServer]   vite:transform 80.89ms [skipped] /art/qa/p95-recent-drive-sweep/drive-visual-review/page-07.png?url +0ms

[WebServer]   vite:transform 80.90ms [skipped] /art/qa/p95-recent-drive-sweep/drive-visual-review/page-08.png?url +0ms

[WebServer]   vite:transform 80.90ms [skipped] /art/qa/p95-recent-drive-sweep/drive-visual-review/page-09.png?url +0ms

[WebServer]   vite:transform 80.90ms [skipped] /art/qa/p95-recent-drive-sweep/drive-visual-review/page-10.png?url +0ms
[WebServer]   vite:transform 80.91ms [skipped] /art/qa/p95-recent-drive-sweep/drive-visual-review/page-11.png?url +0ms

[WebServer]   vite:transform 80.91ms [skipped] /art/qa/p95-recent-drive-sweep/drive-visual-review/page-12.png?url +0ms

[WebServer]   vite:transform 80.91ms [skipped] /art/qa/p95-recent-drive-sweep/drive-visual-review/page-13.png?url +0ms

[WebServer]   vite:transform 80.91ms [skipped] /art/qa/p95-recent-drive-sweep/drive-visual-review/page-14.png?url +0ms

[WebServer]   vite:transform 80.92ms [skipped] /art/qa/p95-recent-drive-sweep/drive-visual-review/page-15.png?url +0ms

[WebServer]   vite:transform 80.93ms [skipped] /art/references/approved/packet76/GEMINI_OUTPUT_31_PROMPT34_human_candidate_A01_primary_desk_seated_base_APPROVED_v1.png?url +0ms

[WebServer]   vite:transform 80.93ms [skipped] /art/references/approved/packet76/GEMINI_OUTPUT_32_PROMPT35_human_candidate_B01_left_guest_seated_base_APPROVED_v1.png?url +0ms
[WebServer]   vite:transform 80.93ms [skipped] /art/references/candidates/recent-drive-sweep/source-images/fat man.png?url +0ms

[WebServer]   vite:transform 80.93ms [skipped] /art/references/candidates/recent-drive-sweep/source-images/female top.png?url +0ms

[WebServer]   vite:transform 80.94ms [skipped] /art/references/candidates/recent-drive-sweep/source-images/male bottom.png?url +0ms

[WebServer]   vite:transform 80.94ms [skipped] /art/references/candidates/recent-drive-sweep/source-images/male tops.png?url +0ms

[WebServer]   vite:transform 80.94ms [skipped] /art/references/candidates/recent-drive-sweep/source-images/shoes.png?url +0ms

[WebServer]   vite:transform 80.94ms [skipped] /art/references/candidates/recent-drive-sweep/source-images/skinny man.png?url +0ms
[WebServer]   vite:transform 80.95ms [skipped] /art/references/candidates/recent-drive-sweep/source-images/supplies.png?url +0ms

[WebServer]   vite:transform 80.95ms [skipped] /art/references/candidates/wave-a-morphology/source-sheets/additional fat female pose.png?url +0ms

[WebServer]   vite:transform 80.95ms [skipped] /art/references/candidates/wave-a-morphology/source-sheets/average man.png?url +0ms

[WebServer]   vite:transform 80.95ms [skipped] /art/references/candidates/wave-a-morphology/source-sheets/average woman.png?url +0ms

[WebServer]   vite:transform 80.96ms [skipped] /art/references/candidates/wave-a-morphology/source-sheets/older woman.png?url +0ms
[WebServer]   vite:transform 80.96ms [skipped] /art/references/candidates/wave-a-morphology/source-sheets/skinny woman.png?url +0ms

[WebServer]   vite:transform 80.96ms [skipped] /art/references/plans/texas_senate/normalized/habs_tx3326_00013a_normalized.jpg?url +0ms

[WebServer]   vite:transform 122.23ms /src/simulation/demo.ts +12ms

[WebServer]   vite:transform 122.31ms /src/simulation/people.ts +1ms

[WebServer]   vite:transform 122.47ms /src/simulation/world.ts +0ms

[WebServer]   vite:transform 122.15ms /src/simulation/legislation.ts +0ms

[WebServer]   vite:transform 121.84ms /src/simulation/legislature-rule-packs.ts +1ms

[WebServer]   vite:transform 121.53ms /src/presentation/legislative-bargaining-brief.ts +0ms

[WebServer]   vite:transform 121.42ms /src/presentation/legislative-bargaining.ts +0ms

[WebServer]   vite:transform 121.36ms /src/presentation/legislative-bargaining-actions.ts +0ms

[WebServer]   vite:transform 121.30ms /src/presentation/conversation-consequences.ts +0ms

[WebServer]   vite:transform 121.26ms /src/player/MeasurePaperWorkspace.tsx +0ms

[WebServer]   vite:transform 121.27ms /src/player/PinRail.tsx +0ms

[WebServer]   vite:transform 121.27ms /src/player/SceneSurfaceLayer.tsx +0ms

[WebServer]   vite:transform 121.21ms /src/player/QuickDossier.tsx +0ms

[WebServer]   vite:transform 121.23ms /src/content/content-registry.ts +0ms

[WebServer]   vite:transform 121.19ms /src/content/content-bank.ts +0ms

[WebServer]   vite:transform 121.16ms /src/content/content-export.ts +0ms

[WebServer]   vite:transform 121.14ms /src/presentation/character-render-plan.ts +0ms

[WebServer]   vite:transform 120.98ms /src/presentation/conversation-subjects.ts +1ms

[WebServer]   vite:transform 121.02ms /src/content/adapters/index.ts +0ms

[WebServer]   vite:transform 121.01ms /src/devtools/seed-comparison.ts +0ms

[WebServer]   vite:transform 120.91ms /src/devtools/trace-fixture.ts +0ms

[WebServer]   vite:transform 120.89ms /src/devtools/trace-export.ts +0ms

[WebServer]   vite:transform 120.92ms /src/simulation/future-transitions.ts +0ms

[WebServer]   vite:transform 120.93ms /src/devtools/trace-index.ts +0ms

[WebServer]   vite:transform 120.61ms /src/devtools/trace-adapters.ts +0ms

[WebServer]   vite:transform 120.01ms /src/simulation/person-appearance.ts +0ms

[WebServer]   vite:transform 119.90ms /src/presentation/character-components.ts +0ms

[WebServer]   vite:transform 119.83ms /src/simulation/character-history.ts +0ms

[WebServer]   vite:transform 119.87ms /src/simulation/causal-effects.ts +1ms

[WebServer]   vite:transform 119.88ms /src/simulation/candidacy-packs.ts +0ms

[WebServer]   vite:transform 119.90ms /src/simulation/candidacy.ts +0ms

[WebServer]   vite:transform 119.97ms /src/simulation/campaigns.ts +0ms

[WebServer]   vite:transform 119.99ms /src/simulation/campaign-queries.ts +0ms

[WebServer]   vite:transform 119.97ms /src/simulation/history.ts +0ms

[WebServer]   vite:transform 119.96ms /src/simulation/campaign-integrity.ts +0ms

[WebServer]   vite:transform 119.98ms /src/simulation/incident-catalog.ts +0ms

[WebServer]   vite:transform 120.00ms /src/simulation/life-places.ts +0ms

[WebServer]   vite:transform 120.04ms /src/simulation/incidents.ts +0ms

[WebServer]   vite:transform 120.07ms /src/simulation/life-eligibility.ts +1ms

[WebServer]   vite:transform 120.05ms /src/simulation/life.ts +0ms

[WebServer]   vite:transform 120.04ms /src/simulation/life-sources.ts +0ms

[WebServer]   vite:transform 120.05ms /src/simulation/economy.ts +0ms

[WebServer]   vite:transform 120.03ms /src/simulation/life-queries.ts +0ms

[WebServer]   vite:transform 120.10ms /src/simulation/decisions.ts +0ms

[WebServer]   vite:transform 120.12ms /src/simulation/election-contests.ts +0ms

[WebServer]   vite:transform 120.09ms /src/simulation/legislative-politics.ts +0ms

[WebServer]   vite:transform 120.06ms /src/simulation/legislative-member-decisions.ts +0ms

[WebServer]   vite:transform 120.02ms /src/simulation/executive-authority-rules.ts +0ms

[WebServer]   vite:transform 120.06ms /src/simulation/evidence.ts +0ms

[WebServer]   vite:transform 119.99ms /src/simulation/executive-authority-rule-packs.ts +0ms

[WebServer]   vite:transform 120.02ms /src/simulation/mind.ts +1ms

[WebServer]   vite:transform 120.02ms /src/simulation/mind-catalog.ts +0ms

[WebServer]   vite:transform 120.00ms /src/simulation/narrative-threads.ts +0ms

[WebServer]   vite:transform 119.88ms /src/simulation/episode-bank.ts +0ms

[WebServer]   vite:transform 119.88ms /src/simulation/life-episodes.ts +0ms

[WebServer]   vite:transform 119.74ms /src/simulation/person-context.ts +0ms

[WebServer]   vite:transform 119.77ms /src/simulation/person-stress-harness.ts +0ms

[WebServer]   vite:transform 119.81ms /src/simulation/portability-fixture.ts +0ms

[WebServer]   vite:transform 119.81ms /src/simulation/perception.ts +0ms

[WebServer]   vite:transform 119.86ms /src/simulation/production-catalog.ts +0ms

[WebServer]   vite:transform 119.88ms /src/simulation/policy-decision.ts +0ms

[WebServer]   vite:transform 119.87ms /src/simulation/policy.ts +1ms

[WebServer]   vite:transform 119.88ms /src/simulation/politics.ts +0ms

[WebServer]   vite:transform 119.87ms /src/simulation/policy-semantics.ts +0ms

[WebServer]   vite:transform 119.86ms /src/simulation/political-belief-formation.ts +0ms

[WebServer]   vite:transform 119.84ms /src/simulation/queries.ts +0ms

[WebServer]   vite:transform 119.86ms /src/simulation/records.ts +0ms

[WebServer]   vite:transform 119.90ms /src/simulation/relationship-integration.ts +0ms

[WebServer]   vite:transform 119.94ms /src/simulation/resource-pressure.ts +0ms

[WebServer]   vite:transform 119.94ms /src/simulation/resource-queries.ts +0ms

[WebServer]   vite:transform 119.94ms /src/simulation/resources.ts +0ms

[WebServer]   vite:transform 119.93ms /src/simulation/setup-generation-inputs.ts +0ms

[WebServer]   vite:transform 119.92ms /src/simulation/setup-priors.ts +0ms

[WebServer]   vite:transform 119.77ms /src/simulation/setup-questionnaire-bank.ts +0ms

[WebServer]   vite:transform 119.60ms /src/simulation/setup-questionnaire.ts +1ms

[WebServer]   vite:transform 119.62ms /src/simulation/situation-selection.ts +0ms

[WebServer]   vite:transform 119.51ms /src/simulation/adult-situations.ts +0ms

[WebServer]   vite:transform 119.53ms /src/simulation/situation-profiles.ts +0ms

[WebServer]   vite:transform 119.55ms /src/simulation/life-callbacks.ts +0ms

[WebServer]   vite:transform 119.55ms /src/simulation/life-opportunities.ts +0ms

[WebServer]   vite:transform 119.59ms /src/simulation/life-choice-evidence.ts +0ms

[WebServer]   vite:transform 119.60ms /src/simulation/commitment-seam.ts +0ms

[WebServer]   vite:transform 119.61ms /src/simulation/relationship-leverage.ts +0ms

[WebServer]   vite:transform 119.61ms /src/simulation/vitality.ts +0ms

[WebServer]   vite:transform 119.64ms /src/simulation/vitality-catalog.ts +0ms

[WebServer]   vite:transform 119.60ms /src/simulation/time-work.ts +0ms

[WebServer]   vite:transform 119.61ms /src/simulation/world-metrics.ts +1ms

[WebServer]   vite:transform 119.60ms /src/ui/MindProfile.tsx +0ms

[WebServer]   vite:transform 119.60ms /src/ui/PoliticalProfile.tsx +0ms

[WebServer]   vite:transform 119.61ms /src/presentation/adult-life.ts +0ms

[WebServer]   vite:transform 119.62ms /src/presentation/formative-play.ts +0ms

[WebServer]   vite:transform 119.55ms /src/presentation/production-world.ts +0ms

[WebServer]   vite:transform 119.55ms /src/presentation/scene-composition.ts +0ms

[WebServer]   vite:transform 119.57ms /src/presentation/title-hero.ts +0ms

[WebServer]   vite:transform 119.57ms /src/presentation/life-narration.ts +0ms

[WebServer]   vite:transform 119.60ms /src/player/TitleTableau.tsx +0ms

[WebServer]   vite:transform 119.62ms /src/presentation/legislative-member-seat.ts +0ms

[WebServer]   vite:transform 119.65ms /src/presentation/player-conversation.ts +0ms

[WebServer]   vite:transform 119.64ms /src/presentation/title-tableau.ts +0ms

[WebServer]   vite:transform 119.62ms /src/presentation/campaign-projection.ts +1ms

[WebServer]   vite:transform 111.64ms /src/presentation/pose-proof.ts +3ms

[WebServer]   vite:transform 29.76ms [skipped] /art/pose-control-plates/standing-conversational__front.svg?url +1ms

[WebServer]   vite:transform 29.69ms [skipped] /art/pose-control-plates/seated-guest-neutral__front.svg?url +0ms
[WebServer]   vite:transform 29.69ms [skipped] /art/pose-control-plates/seated-at-desk__front.svg?url +0ms
[WebServer]   vite:transform 29.65ms [skipped] /art/pose-control-plates/standing-listening__front.svg?url +0ms
[WebServer]   vite:transform 29.66ms [skipped] /art/pose-control-plates/standing-podium-or-lectern__front.svg?url +0ms
[WebServer]   vite:transform 29.61ms [skipped] /art/pose-control-plates/standing-neutral__front.svg?url +0ms

[WebServer]   vite:transform 25.65ms /src/presentation/pose-families.ts +2ms

[WebServer]   vite:transform 25.76ms /src/presentation/garment-fit.ts +0ms

[WebServer]   vite:transform 25.79ms /art/manifest/garment_fit_profiles.json +0ms

[WebServer]   vite:transform 25.80ms /art/manifest/pose_families.json +0ms

[WebServer]   vite:transform 30.60ms /src/simulation/setup-young-life-bank.ts +40ms

[WebServer]   vite:transform 30.79ms /src/simulation/life-content-92c.ts +0ms

[WebServer]   vite:transform 31.72ms /src/presentation/pose-control-plate.ts +3ms

[WebServer]   vite:transform 32.95ms /src/simulation/national-places.generated.ts +4ms

[WebServer]   vite:transform 42.87ms /src/simulation/demo-jurisdiction-context.ts +4ms

[WebServer]   vite:transform 42.87ms /src/simulation/evidence-integrity.ts +0ms

[WebServer]   vite:transform 42.85ms /src/simulation/life-integrity.ts +0ms

[WebServer]   vite:transform 42.87ms /src/simulation/vitality-integrity.ts +0ms

[WebServer]   vite:transform 42.93ms /src/simulation/incident-integrity.ts +0ms

[WebServer]   vite:transform 43.00ms /src/simulation/legislation-integrity.ts +0ms

[WebServer]   vite:transform 43.01ms /src/simulation/mind-integrity.ts +0ms

[WebServer]   vite:transform 43.03ms /src/simulation/legislative-politics-integrity.ts +0ms

[WebServer]   vite:transform 43.04ms /src/simulation/municipal-government.ts +0ms
[WebServer]   vite:transform 43.03ms /src/simulation/resource-integrity.ts +1ms

[WebServer]   vite:transform 43.05ms /src/content/adapters/legislative-blueprints.ts +0ms

[WebServer]   vite:transform 43.08ms /src/content/adapters/conversation-subjects.ts +0ms

[WebServer]   vite:transform 43.07ms /src/presentation/legislative-dialogue-motifs.ts +0ms

[WebServer]   vite:transform 43.08ms /src/content/adapters/legislative-rule-packs.ts +0ms

[WebServer]   vite:transform 43.08ms /src/content/adapters/life-episodes.ts +0ms

[WebServer]   vite:transform 43.10ms /src/content/adapters/ordinary-life.ts +0ms

[WebServer]   vite:transform 43.12ms /src/content/adapters/life-situations.ts +0ms

[WebServer]   vite:transform 43.14ms /src/content/adapters/setup-questionnaire.ts +0ms

[WebServer]   vite:transform 43.20ms /src/content/adapters/simulation-catalogs.ts +0ms

[WebServer]   vite:transform 43.10ms /src/presentation/formative-context.ts +0ms

[WebServer]   vite:transform 42.95ms /src/presentation/conversation-continuity.ts +0ms

[WebServer]   vite:transform 77.22ms /src/simulation/municipal-governments.generated.ts +140ms

  1 passed (10.4s)
