
> political-life-rpg@0.2.0 corpus:prose
> node --import tsx scripts/prose-corpus/cli.ts anchors

scripts/prose-corpus/computed-anchors.json: 636 anchors (172 minted, 0 reworded, 0 retired).
scripts/prose-corpus/computed-anchor-ledger.json: 663 ids ever issued (+172 newly reserved, 27 retired and permanently burned).
scripts/prose-corpus/computed-anchor-baseline.json: checkpoint rewritten for 663 ids.
  minted MunicipalWorkspace-0001 (not present in the ledger before this run)
  minted MunicipalWorkspace-0002 (not present in the ledger before this run)
  minted MunicipalWorkspace-0003 (not present in the ledger before this run)
  minted MunicipalWorkspace-0004 (not present in the ledger before this run)
  minted MunicipalWorkspace-0005 (not present in the ledger before this run)
  minted MunicipalWorkspace-0006 (not present in the ledger before this run)
  minted MunicipalWorkspace-0007 (not present in the ledger before this run)
  minted MunicipalWorkspace-0008 (not present in the ledger before this run)
  minted MunicipalWorkspace-0009 (not present in the ledger before this run)
  minted MunicipalWorkspace-0010 (not present in the ledger before this run)
  minted MunicipalWorkspace-0011 (not present in the ledger before this run)
  minted MunicipalWorkspace-0012 (not present in the ledger before this run)
  minted MunicipalWorkspace-0013 (not present in the ledger before this run)
  minted MunicipalWorkspace-0014 (not present in the ledger before this run)
  minted MunicipalWorkspace-0015 (not present in the ledger before this run)
  minted MunicipalWorkspace-0016 (not present in the ledger before this run)
  minted MunicipalWorkspace-0017 (not present in the ledger before this run)
  minted MunicipalWorkspace-0018 (not present in the ledger before this run)
  minted MunicipalWorkspace-0019 (not present in the ledger before this run)
  minted MunicipalWorkspace-0020 (not present in the ledger before this run)
  minted MunicipalWorkspace-0021 (not present in the ledger before this run)
  minted MunicipalWorkspace-0022 (not present in the ledger before this run)
  minted MunicipalWorkspace-0023 (not present in the ledger before this run)
  minted MunicipalWorkspace-0024 (not present in the ledger before this run)
  minted MunicipalWorkspace-0025 (not present in the ledger before this run)
  minted MunicipalWorkspace-0026 (not present in the ledger before this run)
  minted MunicipalWorkspace-0027 (not present in the ledger before this run)
  minted MunicipalWorkspace-0028 (not present in the ledger before this run)
  minted MunicipalWorkspace-0029 (not present in the ledger before this run)
  minted MunicipalWorkspace-0030 (not present in the ledger before this run)
  minted MunicipalWorkspace-0031 (not present in the ledger before this run)
  minted MunicipalWorkspace-0032 (not present in the ledger before this run)
  minted MunicipalWorkspace-0033 (not present in the ledger before this run)
  minted MunicipalWorkspace-0034 (not present in the ledger before this run)
  minted MunicipalWorkspace-0035 (not present in the ledger before this run)
  minted MunicipalWorkspace-0036 (not present in the ledger before this run)
  minted MunicipalWorkspace-0037 (not present in the ledger before this run)
  minted MunicipalWorkspace-0038 (not present in the ledger before this run)
  minted MunicipalWorkspace-0039 (not present in the ledger before this run)
  minted MunicipalWorkspace-0040 (not present in the ledger before this run)
  minted MunicipalWorkspace-0041 (not present in the ledger before this run)
  minted MunicipalWorkspace-0042 (not present in the ledger before this run)
  minted MunicipalWorkspace-0043 (not present in the ledger before this run)
  minted MunicipalWorkspace-0044 (not present in the ledger before this run)
  minted MunicipalWorkspace-0045 (not present in the ledger before this run)
  minted MunicipalWorkspace-0046 (not present in the ledger before this run)
  minted MunicipalWorkspace-0047 (not present in the ledger before this run)
  minted MunicipalWorkspace-0048 (not present in the ledger before this run)
  minted MunicipalWorkspace-0049 (not present in the ledger before this run)
  minted MunicipalWorkspace-0050 (not present in the ledger before this run)
  minted MunicipalWorkspace-0051 (not present in the ledger before this run)
  minted MunicipalWorkspace-0052 (not present in the ledger before this run)
  minted MunicipalWorkspace-0053 (not present in the ledger before this run)
  minted MunicipalWorkspace-0054 (not present in the ledger before this run)
  minted MunicipalWorkspace-0055 (not present in the ledger before this run)
  minted MunicipalWorkspace-0056 (not present in the ledger before this run)
  minted act-0001 (not present in the ledger before this run)
  minted act-0002 (not present in the ledger before this run)
  minted attendMunicipalPublicMeeting-0001 (not present in the ledger before this run)
  minted attendMunicipalPublicMeeting-0002 (not present in the ledger before this run)
  minted attendMunicipalPublicMeeting-0003 (not present in the ledger before this run)
  minted attendMunicipalPublicMeeting-0004 (not present in the ledger before this run)
  minted attendMunicipalPublicMeeting-0005 (not present in the ledger before this run)
  minted attendMunicipalPublicMeeting-0006 (not present in the ledger before this run)
  minted attendMunicipalPublicMeeting-0007 (not present in the ledger before this run)
  minted attendMunicipalPublicMeeting-0008 (not present in the ledger before this run)
  minted buildFloorStages-0001 (not present in the ledger before this run)
  minted buildFloorStages-0002 (not present in the ledger before this run)
  minted buildFloorStages-0003 (not present in the ledger before this run)
  minted buildFloorStages-0004 (not present in the ledger before this run)
  minted buildFloorStages-0005 (not present in the ledger before this run)
  minted buildFloorStages-0006 (not present in the ledger before this run)
  minted createAuthoredMunicipalPublicSession-0001 (not present in the ledger before this run)
  minted directory-0001 (not present in the ledger before this run)
  minted directory-0002 (not present in the ledger before this run)
  minted executiveSource-0001 (not present in the ledger before this run)
  minted humanSeries-0001 (not present in the ledger before this run)
  minted humanSeries-0002 (not present in the ledger before this run)
  minted humanSeries-0003 (not present in the ledger before this run)
  minted humanSeries-0004 (not present in the ledger before this run)
  minted humanSeries-0005 (not present in the ledger before this run)
  minted humanSeries-0006 (not present in the ledger before this run)
  minted humanSeries-0007 (not present in the ledger before this run)
  minted installMunicipalGovernment-0001 (not present in the ledger before this run)
  minted mayorTitle-0001 (not present in the ledger before this run)
  minted municipalActionAuthority-0001 (not present in the ledger before this run)
  minted municipalActionAuthority-0002 (not present in the ledger before this run)
  minted municipalActionAuthority-0003 (not present in the ledger before this run)
  minted municipalActionAuthority-0004 (not present in the ledger before this run)
  minted municipalActionAuthority-0005 (not present in the ledger before this run)
  minted municipalActionAuthority-0006 (not present in the ledger before this run)
  minted municipalActionAuthority-0007 (not present in the ledger before this run)
  minted municipalActionAuthority-0008 (not present in the ledger before this run)
  minted municipalActionAuthority-0009 (not present in the ledger before this run)
  minted municipalActionAuthority-0010 (not present in the ledger before this run)
  minted municipalActionAuthority-0011 (not present in the ledger before this run)
  minted municipalActionAuthority-0012 (not present in the ledger before this run)
  minted municipalActionAuthority-0013 (not present in the ledger before this run)
  minted municipalActionAuthority-0014 (not present in the ledger before this run)
  minted municipalActionAuthority-0015 (not present in the ledger before this run)
  minted municipalActionAuthority-0016 (not present in the ledger before this run)
  minted municipalActionAuthority-0017 (not present in the ledger before this run)
  minted municipalActionAuthority-0018 (not present in the ledger before this run)
  minted municipalRulePackFor-0001 (not present in the ledger before this run)
  minted municipalRulePackFor-0002 (not present in the ledger before this run)
  minted municipalRulePackFor-0003 (not present in the ledger before this run)
  minted municipalRulePackFor-0004 (not present in the ledger before this run)
  minted municipalRulePackFor-0005 (not present in the ledger before this run)
  minted municipalRulePackFor-0006 (not present in the ledger before this run)
  minted municipalRulePackFor-0007 (not present in the ledger before this run)
  minted municipalRulePackFor-0008 (not present in the ledger before this run)
  minted municipalRuleSourceRef-0001 (not present in the ledger before this run)
  minted municipalRuleSourceRef-0002 (not present in the ledger before this run)
  minted municipalRuleSourceRef-0003 (not present in the ledger before this run)
  minted override-0001 (not present in the ledger before this run)
  minted override-0002 (not present in the ledger before this run)
  minted pack-0001 (not present in the ledger before this run)
  minted pack-0002 (not present in the ledger before this run)
  minted pack-0003 (not present in the ledger before this run)
  minted pack-0004 (not present in the ledger before this run)
  minted pack-0005 (not present in the ledger before this run)
  minted pack-0006 (not present in the ledger before this run)
  minted pack-0007 (not present in the ledger before this run)
  minted pack-0008 (not present in the ledger before this run)
  minted pack-0009 (not present in the ledger before this run)
  minted pack-0010 (not present in the ledger before this run)
  minted pack-0011 (not present in the ledger before this run)
  minted pack-0012 (not present in the ledger before this run)
  minted pack-0013 (not present in the ledger before this run)
  minted pack-0014 (not present in the ledger before this run)
  minted pack-0015 (not present in the ledger before this run)
  minted pack-0016 (not present in the ledger before this run)
  minted pack-0017 (not present in the ledger before this run)
  minted pack-0018 (not present in the ledger before this run)
  minted pack-0019 (not present in the ledger before this run)
  minted pack-0020 (not present in the ledger before this run)
  minted pack-0021 (not present in the ledger before this run)
  minted pack-0022 (not present in the ledger before this run)
  minted pack-0023 (not present in the ledger before this run)
  minted passage-0001 (not present in the ledger before this run)
  minted passageSource-0001 (not present in the ledger before this run)
  minted performMunicipalMeetingNotes-0001 (not present in the ledger before this run)
  minted performMunicipalMeetingNotes-0002 (not present in the ledger before this run)
  minted performMunicipalMeetingNotes-0003 (not present in the ledger before this run)
  minted performMunicipalMeetingNotes-0004 (not present in the ledger before this run)
  minted performMunicipalMeetingNotes-0005 (not present in the ledger before this run)
  minted performMunicipalMeetingNotes-0006 (not present in the ledger before this run)
  minted performMunicipalMeetingNotes-0007 (not present in the ledger before this run)
  minted performMunicipalMeetingNotes-0008 (not present in the ledger before this run)
  minted performMunicipalMeetingNotes-0009 (not present in the ledger before this run)
  minted planned-0001 (not present in the ledger before this run)
  minted planned-0002 (not present in the ledger before this run)
  minted planned-0003 (not present in the ledger before this run)
  minted prepareMunicipalMeetingNotes-0001 (not present in the ledger before this run)
  minted prepareMunicipalMeetingNotes-0002 (not present in the ledger before this run)
  minted prepareMunicipalMeetingNotes-0003 (not present in the ledger before this run)
  minted prepareMunicipalMeetingNotes-0004 (not present in the ledger before this run)
  minted prepareMunicipalMeetingNotes-0005 (not present in the ledger before this run)
  minted prepareMunicipalMeetingNotes-0006 (not present in the ledger before this run)
  minted quorum-0001 (not present in the ledger before this run)
  minted quorum-0002 (not present in the ledger before this run)
  minted recordMunicipalAttendance-0001 (not present in the ledger before this run)
  minted recordMunicipalAttendance-0002 (not present in the ledger before this run)
  minted recorded-0001 (not present in the ledger before this run)
  minted recorded-0002 (not present in the ledger before this run)
  minted scheduleMunicipalMeeting-0001 (not present in the ledger before this run)
  minted scheduleMunicipalMeeting-0002 (not present in the ledger before this run)
  minted scheduleMunicipalMeeting-0003 (not present in the ledger before this run)
  minted scheduleMunicipalMeeting-0004 (not present in the ledger before this run)
  minted scheduleMunicipalMeeting-0005 (not present in the ledger before this run)
  minted scheduleMunicipalMeeting-0006 (not present in the ledger before this run)
  minted seatMunicipalMember-0001 (not present in the ledger before this run)
