Open stopgap count: 33
Calibration references: 27; blockers: 36; empirical pass: no.
Calibration pending (P9-OUTCOME-WHOLE-LIFE): No executable P8 runner/evaluator is available. A planned route cannot count as a pass.
Calibration pending (P9-GENERATED-PRIOR-SCHOOL-TIMELINE): No executable P8 runner/evaluator is available. A planned route cannot count as a pass.
Calibration pending (P9-GENERATED-PRIOR-PARTNERSHIP-TIMELINE): No executable P8 runner/evaluator is available. A planned route cannot count as a pass.
Calibration pending (P9-GENERATED-PRIOR-CASH-EDUCATION-TIMELINE): No executable P8 runner/evaluator is available. A planned route cannot count as a pass.
Calibration pending (marriageReferenceAge): Structural reference only. The developer target catalog explains the source-linked observations, measurement gap, and non-applicability where relevant; no expected facts are injected into P8.
Calibration pending (marriageReferenceAge): blocked; source-linked observations exist, but generated-record comparison is not implemented or measured.
Calibration pending (careHours): pending. This is a concrete executable replay evaluation route when the adapter exists, not a completed run or calibration.
Calibration pending (civicHours): pending. This is a concrete executable replay evaluation route when the adapter exists, not a completed run or calibration.
Calibration pending (stressBaseline): pending. This is a concrete executable replay evaluation route when the adapter exists, not a completed run or calibration.
Calibration pending (moodBaseline): pending. This is a concrete executable replay evaluation route when the adapter exists, not a completed run or calibration.
Calibration pending (moodHalfLifeDays): pending. This is a concrete executable replay evaluation route when the adapter exists, not a completed run or calibration.
Calibration pending (stressHalfLifeDays): pending. This is a concrete executable replay evaluation route when the adapter exists, not a completed run or calibration.
Calibration pending (needWeight): pending. This is a concrete executable replay evaluation route when the adapter exists, not a completed run or calibration.
Calibration pending (goalWeight): pending. This is a concrete executable replay evaluation route when the adapter exists, not a completed run or calibration.
Calibration pending (driveWeight): pending. This is a concrete executable replay evaluation route when the adapter exists, not a completed run or calibration.
Calibration pending (traitWeight): pending. This is a concrete executable replay evaluation route when the adapter exists, not a completed run or calibration.
Calibration pending (emotionWeight): pending. This is a concrete executable replay evaluation route when the adapter exists, not a completed run or calibration.
Calibration pending (effortWeight): pending. This is a concrete executable replay evaluation route when the adapter exists, not a completed run or calibration.
Calibration pending (restEffect): pending. This is a concrete executable replay evaluation route when the adapter exists, not a completed run or calibration.
Calibration pending (careEffect): pending. This is a concrete executable replay evaluation route when the adapter exists, not a completed run or calibration.
Calibration pending (companyHorizonDays): pending. This is a concrete executable replay evaluation route when the adapter exists, not a completed run or calibration.
Calibration pending (moneyBufferDays): pending. This is a concrete executable replay evaluation route when the adapter exists, not a completed run or calibration.
Calibration pending (organizationReserveMonths): Structural reference only. The developer target catalog explains the source-linked observations, measurement gap, and non-applicability where relevant; no expected facts are injected into P8.
Calibration pending (organizationReserveMonths): blocked; source-linked observations exist, but generated-record comparison is not implemented or measured.
Calibration pending (appraisalRelationshipWeight): pending. This is a concrete executable replay evaluation route when the adapter exists, not a completed run or calibration.
Calibration pending (appraisalDistressTraitWeight): pending. This is a concrete executable replay evaluation route when the adapter exists, not a completed run or calibration.
Calibration pending (appraisalBroodingTraitWeight): pending. This is a concrete executable replay evaluation route when the adapter exists, not a completed run or calibration.
Calibration pending (relationInitial): pending. This is a concrete executable replay evaluation route when the adapter exists, not a completed run or calibration.
Calibration pending (relationContactGain): pending. This is a concrete executable replay evaluation route when the adapter exists, not a completed run or calibration.
Calibration pending (deepPastMiddleSchoolOffsetYears): Structural reference only. The developer target catalog explains the source-linked observations, measurement gap, and non-applicability where relevant; no expected facts are injected into P8.
Calibration pending (deepPastMiddleSchoolOffsetYears): blocked; source-linked observations exist, but generated-record comparison is not implemented or measured.
Calibration pending (deepPastHighSchoolOffsetYears): Structural reference only. The developer target catalog explains the source-linked observations, measurement gap, and non-applicability where relevant; no expected facts are injected into P8.
Calibration pending (deepPastHighSchoolOffsetYears): blocked; source-linked observations exist, but generated-record comparison is not implemented or measured.
Calibration pending (lookupHours): pending. This is a concrete executable replay evaluation route when the adapter exists, not a completed run or calibration.
Calibration pending (openingPeerGroupSize): A metadata reference is not empirical support for group size 24. Do not copy desired career/job/office outcomes or future acquaintance facts into P8.
Calibration pending (openingPeerGroupSize): blocked; source-linked observations exist, but generated-record comparison is not implemented or measured.
