
> political-life-rpg@0.5.0 storage
> node scripts/storage/cli.mjs run test -- node node_modules/vitest/vitest.mjs run --config src/core2/tooling/vitest.config.ts src/core2/focus.test.ts src/core2/life.test.ts src/core2/state.test.ts src/core2/emotion.test.ts src/core2/calendar.test.ts src/core2/choice-qualifiers.test.ts src/core2/emotion-date-cache.test.ts src/core2/tooling/tripwires.test.ts src/core2/tooling/calibration-guard.test.ts --maxWorkers=1 --no-file-parallelism --reporter=dot

[storage-guard] OVERRIDDEN for test: Cloud P8 focused circle, tier, calibration, and contract checks; no owner Mac
(!) Your Vite config uses features that are unsupported by `configLoader: 'native'`, which is planned to become the default in a future major version of Vite:
  - import "../parameters" without a file extension (src/core2/tooling/vitest.config.ts:2:19). Add the file extension
Set `VITE_CONFIG_NATIVE_IGNORE_WARNING=true` to suppress this warning.

 RUN  v4.1.1 /workspace/p8-core-prototype

·····································································x·······································································

⎯⎯⎯⎯⎯⎯⎯ Failed Tests 1 ⎯⎯⎯⎯⎯⎯⎯

 FAIL  src/core2/tooling/tripwires.test.ts > P8 release tripwires > validates numeric spreads as source-backed bounds with no extra fields
AssertionError: expected [ { …(3) }, { …(3) } ] to deeply equal []

- Expected
+ Received

- []
+ [
+   {
+     "code": "parameter-numeric-outside-value",
+     "file": "src/core2/data/parameters.json",
+     "message": "Numeric value at sourcedQuantity.spread.low is outside the parameter value or spread table.",
+   },
+   {
+     "code": "parameter-numeric-outside-value",
+     "file": "src/core2/data/parameters.json",
+     "message": "Numeric value at sourcedQuantity.spread.high is outside the parameter value or spread table.",
+   },
+ ]

 ❯ src/core2/tooling/tripwires.test.ts:284:52
    282|       },
    283|     });
    284|     expect(auditCore2Tripwires(valid).diagnostics).toEqual([]);
       |                                                    ^
    285|
    286|     const extraField = fixtureRoot({

⎯⎯⎯⎯⎯⎯⎯⎯⎯⎯⎯⎯⎯⎯⎯⎯⎯⎯⎯⎯⎯⎯⎯⎯[1/1]⎯


 Test Files  1 failed | 8 passed (9)
      Tests  1 failed | 140 passed (141)
   Start at  08:21:41
   Duration  12.13s (transform 2.29s, setup 0ms, import 5.05s, tests 1.53s, environment 2ms)

npm notice
npm notice New major version of npm available! 11.9.0 -> 12.2.0
npm notice Changelog: https://github.com/npm/cli/releases/tag/v12.2.0
npm notice To update run: npm install -g npm@12.2.0
npm notice
