
> political-life-rpg@0.2.0 inventory:art
> node --import tsx scripts/art-asset-factory/cli-inventory.ts

Inventory is up to date: 1870 items.
WARNING: Duplicate hashes detected:
 - Duplicate hash 75542f9be224f18302bab5fff38ec3dfcb544f7f83d39837fe4cc94b846fb438 shared by: generated/candidates/people-visual4/pv4_ocd_head_adult_light_long_older_v1.png, references/candidates/people-visual4-hair/head-target-snapshots/pv4_ocd_head_adult_light_long_older_v1.png
 - Duplicate hash 47309ea8c342ed68166964f086365702493ea589c3bca6c25d2b064184457048 shared by: generated/candidates/people-visual4/pv4_ocd_head_adult_light_oval_young_fem_v1.png, references/candidates/people-visual4-hair/head-target-snapshots/pv4_ocd_head_adult_light_oval_young_fem_v1.png
 - Duplicate hash 38c160022eb618af63d62e4d3f094c0f84868d782dad8146649ddec1982109f8 shared by: generated/candidates/people-visual4/pv4_ocd_head_adult_light_oval_young_v1.png, references/candidates/people-visual4-hair/head-target-snapshots/pv4_ocd_head_adult_light_oval_young_v1.png
 - Duplicate hash 538d800170f8183a0492fea5b2fe8e3e9b9375145578364ca89d1e941a1aeb4e shared by: generated/candidates/people-visual4/pv4_ocd_head_adult_light_square_older_lined_v1.png, references/candidates/people-visual4-hair/head-target-snapshots/pv4_ocd_head_adult_light_square_older_lined_v1.png
 - Duplicate hash 577d7f458a476a817b81067c06c05303beccece4b1b19522e0deae315e458f0b shared by: generated/candidates/people-visual4/pv4_ocd_head_adult_light_square_older_masc_v1.png, references/candidates/people-visual4-hair/head-target-snapshots/pv4_ocd_head_adult_light_square_older_masc_v1.png
 - Duplicate hash f43bf03180e39582e2b9c0eb7d3705b04c5e0943ba5026ae523d38e3cf491988 shared by: generated/candidates/people-visual4/pv4_ocd_head_adult_olive_oval_adult_v1.png, references/candidates/people-visual4-hair/head-target-snapshots/pv4_ocd_head_adult_olive_oval_adult_v1.png
 - Duplicate hash 9cd10bdd6180592ecca16367bae3cb0c0c6ea9045a7eab8d86b6c816857d30ef shared by: generated/candidates/people-visual4/pv4_ocd_head_adult_tan_oval_adult_fem_v1.png, references/candidates/people-visual4-hair/head-target-snapshots/pv4_ocd_head_adult_tan_oval_adult_fem_v1.png
 - Duplicate hash 4232f8eb48689c576f1bdd0e07275063a15d21f36009b1260ff9656a7cf1f62e shared by: generated/candidates/people-visual4/pv4_ocd_head_adult_tan_round_young_v1.png, references/candidates/people-visual4-hair/head-target-snapshots/pv4_ocd_head_adult_tan_round_young_v1.png
 - Duplicate hash 79aeaf52acde6c02a8ea25b7329426ff83bb1fe5b29f4496ccfa0fda9c7a6281 shared by: generated/candidates/people-visual4/pv4_ocd_head_adult_tan_square_adult_masc_v1.png, references/candidates/people-visual4-hair/head-target-snapshots/pv4_ocd_head_adult_tan_square_adult_masc_v1.png
 - Duplicate hash 24db7c7dc17484e4b12e1f8f735738b7e1760dee8799383c9227c101f29fae5d shared by: generated/candidates/people-visual4/pv4_wave_a_footwear_flat_green_v1_wave_a_average_woman_standing_neutral_front_a_v1_pv4.png, generated/candidates/people-visual4/pv4_wave_a_footwear_flat_green_v1_wave_a_average_woman_standing_neutral_front_b_v1_pv4.png
 - Duplicate hash 137edc5d8b09a7a74977a49fea591fc0a791bb520af0b642a17cc48435e1bc2b shared by: generated/candidates/people-visual4-hair/pv4_hair_01_light_long_older_v1_front.png, generated/candidates/people-visual4-hair/pv4_hair_01_tan_square_adult_masc_v1_front.png
 - Duplicate hash c02c6b99aa02ee423c7d92ad105564ff5556f2fcd4ecfd8e17d554d6c19d3e42 shared by: generated/candidates/people-visual4-hair/pv4_hair_01_light_oval_young_fem_v1_front.png, generated/candidates/people-visual4-hair/pv4_hair_01_olive_oval_adult_v1_front.png
 - Duplicate hash 9cf3877a70f07a517142becd57695a8a014bf70463827ebf38a6106e34191e39 shared by: generated/candidates/people-visual4-hair/pv4_hair_01_light_oval_young_v1_front.png, generated/candidates/people-visual4-hair/pv4_hair_01_tan_oval_adult_fem_v1_front.png, generated/candidates/people-visual4-hair/pv4_hair_01_tan_round_young_v1_front.png
 - Duplicate hash 90055a8f3c72585792b5204d976b5536891b9c377504587f2c3e9bc6c34549f8 shared by: generated/candidates/people-visual4-hair/pv4_hair_02_light_long_older_v1_front.png, generated/candidates/people-visual4-hair/pv4_hair_02_tan_square_adult_masc_v1_front.png
 - Duplicate hash 76d3cf9cd3e35de166680550c2b766eb2161376a263785d93c4e48a6d1c73e76 shared by: generated/candidates/people-visual4-hair/pv4_hair_02_light_oval_young_fem_v1_front.png, generated/candidates/people-visual4-hair/pv4_hair_02_olive_oval_adult_v1_front.png
 - Duplicate hash 2c07310fe17c49192be5854597e5ecbf7f7ee7844c124374c64a64f46cb12e5e shared by: generated/candidates/people-visual4-hair/pv4_hair_02_light_oval_young_v1_front.png, generated/candidates/people-visual4-hair/pv4_hair_02_tan_oval_adult_fem_v1_front.png, generated/candidates/people-visual4-hair/pv4_hair_02_tan_round_young_v1_front.png
 - Duplicate hash 62c1029cb764e87e0909b577ce7870dce36b6f8cf333a37e40ad396a3e60ecc3 shared by: generated/candidates/people-visual4-hair/pv4_hair_03_light_long_older_v1_front.png, generated/candidates/people-visual4-hair/pv4_hair_03_tan_square_adult_masc_v1_front.png
 - Duplicate hash 6f52ccd1639c2140efd1892368ba10f9e77ad95e0b94c6c181ec03d2202b33f6 shared by: generated/candidates/people-visual4-hair/pv4_hair_03_light_oval_young_fem_v1_front.png, generated/candidates/people-visual4-hair/pv4_hair_03_olive_oval_adult_v1_front.png
 - Duplicate hash 238ccbf30a3d90d464dd590deba6e6ab865f50931f7b2bed993affe604dcbfd0 shared by: generated/candidates/people-visual4-hair/pv4_hair_03_light_oval_young_v1_front.png, generated/candidates/people-visual4-hair/pv4_hair_03_tan_oval_adult_fem_v1_front.png, generated/candidates/people-visual4-hair/pv4_hair_03_tan_round_young_v1_front.png
 - Duplicate hash a2d9aa5b384a0fd9bb6c72aeec0555cf77cfb1963e63b9cd503add07d8eec1ac shared by: generated/candidates/people-visual4-hair/pv4_hair_04_light_long_older_v1_front.png, generated/candidates/people-visual4-hair/pv4_hair_04_tan_square_adult_masc_v1_front.png
 - Duplicate hash c0bfcaffb9f070316114c65d01af364db5a4cbe11ff7b3e03ed85fdfa81ec077 shared by: generated/candidates/people-visual4-hair/pv4_hair_04_light_oval_young_fem_v1_front.png, generated/candidates/people-visual4-hair/pv4_hair_04_olive_oval_adult_v1_front.png
 - Duplicate hash 1d49b21aab68965091564070c2d70b8486c5e0b5d08d800d752af0dc86668083 shared by: generated/candidates/people-visual4-hair/pv4_hair_04_light_oval_young_v1_front.png, generated/candidates/people-visual4-hair/pv4_hair_04_tan_oval_adult_fem_v1_front.png, generated/candidates/people-visual4-hair/pv4_hair_04_tan_round_young_v1_front.png
 - Duplicate hash 4f85f01375436d3db449aa74fb7077930440ecc2ef8c85595d21d5a64a7a98e1 shared by: generated/candidates/people-visual4-hair/pv4_hair_05_light_long_older_v1_front.png, generated/candidates/people-visual4-hair/pv4_hair_05_tan_square_adult_masc_v1_front.png
 - Duplicate hash e1d76eae687cfe80a4bd6d825f9048ab1f1fc6b55bc9cc6e7b351631e825819d shared by: generated/candidates/people-visual4-hair/pv4_hair_05_light_oval_young_fem_v1_front.png, generated/candidates/people-visual4-hair/pv4_hair_05_olive_oval_adult_v1_front.png
 - Duplicate hash 8d0c8fd53f52f41332bf0024ee9cc8ab7b133ce347b68fc58f2ab4c6ebd4f803 shared by: generated/candidates/people-visual4-hair/pv4_hair_05_light_oval_young_v1_front.png, generated/candidates/people-visual4-hair/pv4_hair_05_tan_oval_adult_fem_v1_front.png, generated/candidates/people-visual4-hair/pv4_hair_05_tan_round_young_v1_front.png
 - Duplicate hash 72558c1060ef10464183d3fff9b75e3ea8c4e1d52b069d1d24fc436df5b00336 shared by: generated/candidates/people-visual4-hair/pv4_hair_06_light_long_older_v1_back.png, generated/candidates/people-visual4-hair/pv4_hair_06_tan_square_adult_masc_v1_back.png
 - Duplicate hash 7e364f4c5f369bd71bf937a8c37fae616d513a74240a023aed15b53fe67acd57 shared by: generated/candidates/people-visual4-hair/pv4_hair_06_light_long_older_v1_front.png, generated/candidates/people-visual4-hair/pv4_hair_06_tan_square_adult_masc_v1_front.png
 - Duplicate hash dc74b4403e1c03500e835c00872b6d139206c3d0658bbd426adac65faa8adf48 shared by: generated/candidates/people-visual4-hair/pv4_hair_06_light_oval_young_fem_v1_back.png, generated/candidates/people-visual4-hair/pv4_hair_06_olive_oval_adult_v1_back.png
 - Duplicate hash 5f44bf6702911f772b07f9ffdfa6e07d734fe53f760664d5ce8550455d5c27e7 shared by: generated/candidates/people-visual4-hair/pv4_hair_06_light_oval_young_fem_v1_front.png, generated/candidates/people-visual4-hair/pv4_hair_06_olive_oval_adult_v1_front.png
 - Duplicate hash 0da9c7937f249f899dca1e63c071bbab8825d2d039fe52dfa8fe621c6d1ae7a0 shared by: generated/candidates/people-visual4-hair/pv4_hair_06_light_oval_young_v1_back.png, generated/candidates/people-visual4-hair/pv4_hair_06_tan_oval_adult_fem_v1_back.png, generated/candidates/people-visual4-hair/pv4_hair_06_tan_round_young_v1_back.png
 - Duplicate hash 14ab70a3e1cf1121a319c5d701f9c3691b2428706ddc19b5fbbe16d905af5c56 shared by: generated/candidates/people-visual4-hair/pv4_hair_06_light_oval_young_v1_front.png, generated/candidates/people-visual4-hair/pv4_hair_06_tan_oval_adult_fem_v1_front.png, generated/candidates/people-visual4-hair/pv4_hair_06_tan_round_young_v1_front.png
 - Duplicate hash 5f94ca54dee9b724c3192de837b8c0fd634ca3a660a0814fff9a809ac1aeca65 shared by: generated/candidates/people-visual4-hair/pv4_hair_07_light_long_older_v1_back.png, generated/candidates/people-visual4-hair/pv4_hair_07_tan_square_adult_masc_v1_back.png
 - Duplicate hash a58cc2bbe8eeb141dcdb0f8a9179a59efa884ade8333a1c934d8c71c3e4398f9 shared by: generated/candidates/people-visual4-hair/pv4_hair_07_light_long_older_v1_front.png, generated/candidates/people-visual4-hair/pv4_hair_07_tan_square_adult_masc_v1_front.png
 - Duplicate hash 7009114e8ae6363d28bf93610c78af71093d7e60cc63a88d34b83a3061fc3916 shared by: generated/candidates/people-visual4-hair/pv4_hair_07_light_oval_young_fem_v1_back.png, generated/candidates/people-visual4-hair/pv4_hair_07_olive_oval_adult_v1_back.png
 - Duplicate hash 97a89677db0029b5b4fb382648ee1cf7eda0c99be4575f5f526dd8ae81a8327a shared by: generated/candidates/people-visual4-hair/pv4_hair_07_light_oval_young_fem_v1_front.png, generated/candidates/people-visual4-hair/pv4_hair_07_olive_oval_adult_v1_front.png
 - Duplicate hash 91b8ec40cb47a53559673c9d2ed9867738a844f6b356824a97211d7303ff16c3 shared by: generated/candidates/people-visual4-hair/pv4_hair_07_light_oval_young_v1_back.png, generated/candidates/people-visual4-hair/pv4_hair_07_tan_oval_adult_fem_v1_back.png, generated/candidates/people-visual4-hair/pv4_hair_07_tan_round_young_v1_back.png
 - Duplicate hash 9df93030905c7e06e9bfa9a059fa6e0390597e9b6c833fb6360502b76665b214 shared by: generated/candidates/people-visual4-hair/pv4_hair_07_light_oval_young_v1_front.png, generated/candidates/people-visual4-hair/pv4_hair_07_tan_oval_adult_fem_v1_front.png, generated/candidates/people-visual4-hair/pv4_hair_07_tan_round_young_v1_front.png
 - Duplicate hash cd4bcc6c7f2033cc871be54721d2685fccf2a907750d7800a75d1c4e20f9626a shared by: generated/candidates/people-visual4-hair/pv4_hair_08_light_long_older_v1_front.png, generated/candidates/people-visual4-hair/pv4_hair_08_tan_square_adult_masc_v1_front.png
 - Duplicate hash f162c662f5c0fbbea799d4e17c83ca78a21306dc499dde6dd184d89826461c62 shared by: generated/candidates/people-visual4-hair/pv4_hair_08_light_oval_young_fem_v1_front.png, generated/candidates/people-visual4-hair/pv4_hair_08_olive_oval_adult_v1_front.png
 - Duplicate hash 3c26826e4110ede7927c7089ca6ac89d730f3654186a4ce90048808837f74d98 shared by: generated/candidates/people-visual4-hair/pv4_hair_08_light_oval_young_v1_front.png, generated/candidates/people-visual4-hair/pv4_hair_08_tan_oval_adult_fem_v1_front.png, generated/candidates/people-visual4-hair/pv4_hair_08_tan_round_young_v1_front.png
 - Duplicate hash dc7afbedded8919f7b127e49455a9dd7ad02c98266144d01a99bdbec7d14489f shared by: generated/candidates/people-visual4-hair/pv4_hair_09_light_long_older_v1_front.png, generated/candidates/people-visual4-hair/pv4_hair_09_tan_square_adult_masc_v1_front.png
 - Duplicate hash d9c3526840e77b0e98167e4231cfc9a5e15ca40bc19bf989c9387984e932f1ec shared by: generated/candidates/people-visual4-hair/pv4_hair_09_light_oval_young_fem_v1_front.png, generated/candidates/people-visual4-hair/pv4_hair_09_olive_oval_adult_v1_front.png
 - Duplicate hash 1026d606d74f64e2de44ef78e1755d61185acb1190f359efaffcc0952400f0e4 shared by: generated/candidates/people-visual4-hair/pv4_hair_09_light_oval_young_v1_front.png, generated/candidates/people-visual4-hair/pv4_hair_09_tan_oval_adult_fem_v1_front.png, generated/candidates/people-visual4-hair/pv4_hair_09_tan_round_young_v1_front.png
 - Duplicate hash 34ee3a4337f0cf91e56c922a7d671b2b396d927ba6f9188b554c94294efc4984 shared by: generated/candidates/people-visual4-hair/pv4_hair_10_light_long_older_v1_front.png, generated/candidates/people-visual4-hair/pv4_hair_10_tan_square_adult_masc_v1_front.png
 - Duplicate hash b965b4d0c9a187d1a0925c2d6e2ab9d305896733a66fc5c02b310c7f2636a211 shared by: generated/candidates/people-visual4-hair/pv4_hair_10_light_oval_young_fem_v1_front.png, generated/candidates/people-visual4-hair/pv4_hair_10_olive_oval_adult_v1_front.png
 - Duplicate hash 45899cfd329606bf30bb9c39c430cf190bb0a19f524735332302ee370e47dc95 shared by: generated/candidates/people-visual4-hair/pv4_hair_10_light_oval_young_v1_front.png, generated/candidates/people-visual4-hair/pv4_hair_10_tan_oval_adult_fem_v1_front.png, generated/candidates/people-visual4-hair/pv4_hair_10_tan_round_young_v1_front.png
 - Duplicate hash ada123b72789e9a66a273fdf2522a9f0cee32e954729b8e102eb504b369d3ff3 shared by: generated/candidates/people-visual4-hair/pv4_hair_11_light_long_older_v1_front.png, generated/candidates/people-visual4-hair/pv4_hair_11_tan_square_adult_masc_v1_front.png
 - Duplicate hash b8ecab85f08ab811368ea5dbee93c187469811cb00aeda8a05faf2826028bd6a shared by: generated/candidates/people-visual4-hair/pv4_hair_11_light_oval_young_fem_v1_front.png, generated/candidates/people-visual4-hair/pv4_hair_11_olive_oval_adult_v1_front.png
 - Duplicate hash 96bd0ef17cce67f2d5c2c82bdb7a22265a5bd7da852c96160e2ca8d99d6c8fe9 shared by: generated/candidates/people-visual4-hair/pv4_hair_11_light_oval_young_v1_front.png, generated/candidates/people-visual4-hair/pv4_hair_11_tan_oval_adult_fem_v1_front.png, generated/candidates/people-visual4-hair/pv4_hair_11_tan_round_young_v1_front.png
 - Duplicate hash 2385242233b0a39911919b34b1eac84108702c67e4d62b35e8cbbe3821d8a1df shared by: generated/candidates/people-visual4-hair/pv4_hair_12_light_long_older_v1_front.png, generated/candidates/people-visual4-hair/pv4_hair_12_tan_square_adult_masc_v1_front.png
 - Duplicate hash 1feebb10d40b05526335a277bee0ff32e1defbe94a7712f7209d10c81e371264 shared by: generated/candidates/people-visual4-hair/pv4_hair_12_light_oval_young_fem_v1_front.png, generated/candidates/people-visual4-hair/pv4_hair_12_olive_oval_adult_v1_front.png
 - Duplicate hash b1491fbc26b67dc2311287a37c784caa88c26d897e22ff31aa772f8c4e124e27 shared by: generated/candidates/people-visual4-hair/pv4_hair_12_light_oval_young_v1_front.png, generated/candidates/people-visual4-hair/pv4_hair_12_tan_oval_adult_fem_v1_front.png, generated/candidates/people-visual4-hair/pv4_hair_12_tan_round_young_v1_front.png
 - Duplicate hash c92587b749e846a01c5de596f9b856244276bf8c1cd54deec17e0e4615ed7bbc shared by: generated/candidates/people-visual4-hair/pv4_hair_13_light_long_older_v1_back.png, generated/candidates/people-visual4-hair/pv4_hair_13_tan_square_adult_masc_v1_back.png
 - Duplicate hash 57aec54d657afb25a88c2d3887e2b3cb5a5eab26dfd8cd341fa45c3e554e4508 shared by: generated/candidates/people-visual4-hair/pv4_hair_13_light_long_older_v1_front.png, generated/candidates/people-visual4-hair/pv4_hair_13_tan_square_adult_masc_v1_front.png
 - Duplicate hash ae193826102bbffd1b71cb2242f535a547dd40cd42c00258bae46055a1af5c54 shared by: generated/candidates/people-visual4-hair/pv4_hair_13_light_oval_young_fem_v1_back.png, generated/candidates/people-visual4-hair/pv4_hair_13_olive_oval_adult_v1_back.png
 - Duplicate hash 3bfd98102bb7bad70d4893e0118f6b1788240531772740e9e5990410397d10d2 shared by: generated/candidates/people-visual4-hair/pv4_hair_13_light_oval_young_fem_v1_front.png, generated/candidates/people-visual4-hair/pv4_hair_13_olive_oval_adult_v1_front.png
 - Duplicate hash aecb499ae5feee5e507ad5a70a750d243ee3036ddf1073ec6315380bef888d5d shared by: generated/candidates/people-visual4-hair/pv4_hair_13_light_oval_young_v1_back.png, generated/candidates/people-visual4-hair/pv4_hair_13_tan_oval_adult_fem_v1_back.png, generated/candidates/people-visual4-hair/pv4_hair_13_tan_round_young_v1_back.png
 - Duplicate hash eff0cbfb09ccd445400dad4620b851aee04db11f0362dfc98ffc15ea9d247f4d shared by: generated/candidates/people-visual4-hair/pv4_hair_13_light_oval_young_v1_front.png, generated/candidates/people-visual4-hair/pv4_hair_13_tan_oval_adult_fem_v1_front.png, generated/candidates/people-visual4-hair/pv4_hair_13_tan_round_young_v1_front.png
 - Duplicate hash 7bd604ddb8aa7d0ae43f4dada1388302941d670fc75796906a052ad6fae657f6 shared by: generated/candidates/people-visual4-hair/pv4_hair_14_light_long_older_v1_front.png, generated/candidates/people-visual4-hair/pv4_hair_14_tan_square_adult_masc_v1_front.png
 - Duplicate hash 15d2f978f6b0a427fc489adb2907b14f2650bc76d37c2adbe478ccc56168b5f3 shared by: generated/candidates/people-visual4-hair/pv4_hair_14_light_oval_young_fem_v1_front.png, generated/candidates/people-visual4-hair/pv4_hair_14_olive_oval_adult_v1_front.png
 - Duplicate hash a3404abd656c1ae93877cc8c7960a936542aa52ae6042dc18a0c56133a9211b5 shared by: generated/candidates/people-visual4-hair/pv4_hair_14_light_oval_young_v1_front.png, generated/candidates/people-visual4-hair/pv4_hair_14_tan_oval_adult_fem_v1_front.png, generated/candidates/people-visual4-hair/pv4_hair_14_tan_round_young_v1_front.png
 - Duplicate hash 8d11fe7222ee7a5327a0977f13deb8ba11a743afce4053546f7d4384fca7f1fe shared by: generated/candidates/people-visual4-hair/pv4_hair_15_light_long_older_v1_back.png, generated/candidates/people-visual4-hair/pv4_hair_15_tan_square_adult_masc_v1_back.png
 - Duplicate hash e7a4540ff8b72a9980e23694cdc1caacf5b13c2d5854501663e78a62d9abe84c shared by: generated/candidates/people-visual4-hair/pv4_hair_15_light_long_older_v1_front.png, generated/candidates/people-visual4-hair/pv4_hair_15_tan_square_adult_masc_v1_front.png
 - Duplicate hash 7e72eee57d465c71844449ef1917ceacc5adf6d0782a1fed3bde132aa52778bf shared by: generated/candidates/people-visual4-hair/pv4_hair_15_light_oval_young_fem_v1_back.png, generated/candidates/people-visual4-hair/pv4_hair_15_olive_oval_adult_v1_back.png
 - Duplicate hash 825d4f589c772f9eac20600c20adb9adda90412d9078da632ec2822eabfd06a8 shared by: generated/candidates/people-visual4-hair/pv4_hair_15_light_oval_young_fem_v1_front.png, generated/candidates/people-visual4-hair/pv4_hair_15_olive_oval_adult_v1_front.png
 - Duplicate hash f27b34d5e736cb52a60c17f4952aadee96dd492ff792a218e4728df0abe63db5 shared by: generated/candidates/people-visual4-hair/pv4_hair_15_light_oval_young_v1_back.png, generated/candidates/people-visual4-hair/pv4_hair_15_tan_oval_adult_fem_v1_back.png, generated/candidates/people-visual4-hair/pv4_hair_15_tan_round_young_v1_back.png
 - Duplicate hash 47cfe9ad16022ee48ca00d9790cfaa019c350440617e8e85b8f835149caf49c3 shared by: generated/candidates/people-visual4-hair/pv4_hair_15_light_oval_young_v1_front.png, generated/candidates/people-visual4-hair/pv4_hair_15_tan_oval_adult_fem_v1_front.png, generated/candidates/people-visual4-hair/pv4_hair_15_tan_round_young_v1_front.png
 - Duplicate hash a12f2d9474c013cd46fdf47509c00fa477f93202e9120b3a787bf6aa1e68ac68 shared by: generated/candidates/people-visual4-hair/pv4_hair_16_light_long_older_v1_front.png, generated/candidates/people-visual4-hair/pv4_hair_16_tan_square_adult_masc_v1_front.png
 - Duplicate hash 55236467b5ccc091d88ecdf97593f2f9fba7472dd718037dda968bcf6b7f6dd3 shared by: generated/candidates/people-visual4-hair/pv4_hair_16_light_oval_young_fem_v1_front.png, generated/candidates/people-visual4-hair/pv4_hair_16_olive_oval_adult_v1_front.png
 - Duplicate hash 45c00321b61736cab1c212f120a5ecf499938a8167f50a566d4b150ba01e2c4e shared by: generated/candidates/people-visual4-hair/pv4_hair_16_light_oval_young_v1_front.png, generated/candidates/people-visual4-hair/pv4_hair_16_tan_oval_adult_fem_v1_front.png, generated/candidates/people-visual4-hair/pv4_hair_16_tan_round_young_v1_front.png
 - Duplicate hash 36e08adcbc733b495ac74bad269fe8b3b6d36eb145ea0b874b2ffc48503ebd81 shared by: generated/candidates/people-visual4-hair/pv4_hair_17_light_long_older_v1_back.png, generated/candidates/people-visual4-hair/pv4_hair_17_tan_square_adult_masc_v1_back.png
 - Duplicate hash 51c87e4671e981c3d4e377f06ee347abacf1b23a2e37268c62aa91a0bd1a0d6d shared by: generated/candidates/people-visual4-hair/pv4_hair_17_light_long_older_v1_front.png, generated/candidates/people-visual4-hair/pv4_hair_17_tan_square_adult_masc_v1_front.png
 - Duplicate hash b0beea4f72cff4372063e07d8802d476fcd3c2638640d2f8ffe8e9c860eeb32f shared by: generated/candidates/people-visual4-hair/pv4_hair_17_light_oval_young_fem_v1_back.png, generated/candidates/people-visual4-hair/pv4_hair_17_olive_oval_adult_v1_back.png
 - Duplicate hash 2163f481666bb3ad68c9ad200bf9810a4df13b62d6223fec515a8604a03316f7 shared by: generated/candidates/people-visual4-hair/pv4_hair_17_light_oval_young_fem_v1_front.png, generated/candidates/people-visual4-hair/pv4_hair_17_olive_oval_adult_v1_front.png
 - Duplicate hash 76e8775613fb35bed7c966acac0650e8a70fed1032b8ba1d8a27551137ddf5c6 shared by: generated/candidates/people-visual4-hair/pv4_hair_17_light_oval_young_v1_back.png, generated/candidates/people-visual4-hair/pv4_hair_17_tan_oval_adult_fem_v1_back.png, generated/candidates/people-visual4-hair/pv4_hair_17_tan_round_young_v1_back.png
 - Duplicate hash f084ab799b9f289ba2a6c6144c5d7f30ffe1a04d54388e3036b2df9de1fbceb6 shared by: generated/candidates/people-visual4-hair/pv4_hair_17_light_oval_young_v1_front.png, generated/candidates/people-visual4-hair/pv4_hair_17_tan_oval_adult_fem_v1_front.png, generated/candidates/people-visual4-hair/pv4_hair_17_tan_round_young_v1_front.png
 - Duplicate hash 9ba0b2ce26e3f688db5bda312bf63fe085cc4b85598b8d6e8f74e46e5638d767 shared by: generated/candidates/people-visual4-hair/pv4_hair_18_light_long_older_v1_back.png, generated/candidates/people-visual4-hair/pv4_hair_18_tan_square_adult_masc_v1_back.png
 - Duplicate hash fe8ad6995bf772afe0d1eba06f128569d2b3d77561ba371d96a9150eff5fed88 shared by: generated/candidates/people-visual4-hair/pv4_hair_18_light_long_older_v1_front.png, generated/candidates/people-visual4-hair/pv4_hair_18_tan_square_adult_masc_v1_front.png
 - Duplicate hash c56a256b333d80846fc525fbd79290d3159b25c39f6279da33dd377930d8523c shared by: generated/candidates/people-visual4-hair/pv4_hair_18_light_oval_young_fem_v1_back.png, generated/candidates/people-visual4-hair/pv4_hair_18_olive_oval_adult_v1_back.png
 - Duplicate hash 63652ffca6ec99ff9ba6f86d06834ea290bdf2166b7f62bd090a3a0f9705af9e shared by: generated/candidates/people-visual4-hair/pv4_hair_18_light_oval_young_fem_v1_front.png, generated/candidates/people-visual4-hair/pv4_hair_18_olive_oval_adult_v1_front.png
 - Duplicate hash a9a7d71e4db774e17bdcee4f18aa3829f0aaf2888a1d5f6078087e21bc68c25e shared by: generated/candidates/people-visual4-hair/pv4_hair_18_light_oval_young_v1_back.png, generated/candidates/people-visual4-hair/pv4_hair_18_tan_oval_adult_fem_v1_back.png, generated/candidates/people-visual4-hair/pv4_hair_18_tan_round_young_v1_back.png
 - Duplicate hash c02626b18f0a420aa17c6f09424a04d6a2bd6cf3fb75a352f23cb20e5d8ea197 shared by: generated/candidates/people-visual4-hair/pv4_hair_18_light_oval_young_v1_front.png, generated/candidates/people-visual4-hair/pv4_hair_18_tan_oval_adult_fem_v1_front.png, generated/candidates/people-visual4-hair/pv4_hair_18_tan_round_young_v1_front.png
 - Duplicate hash 68cdcf46d4bd23aef23c3c36d08af69eedeb7bd02be5251b9e32fe44da32ea3d shared by: generated/candidates/people-visual4-hair/pv4_hair_19_light_long_older_v1_back.png, generated/candidates/people-visual4-hair/pv4_hair_19_tan_square_adult_masc_v1_back.png
 - Duplicate hash b4d6725d42fb2cf66135260574e97ead365f7f831a5a9212258a7bcb410cd9a6 shared by: generated/candidates/people-visual4-hair/pv4_hair_19_light_long_older_v1_front.png, generated/candidates/people-visual4-hair/pv4_hair_19_tan_square_adult_masc_v1_front.png
 - Duplicate hash d3b82e18c3cf5e334c0cb17f8d0ed203c2eb5bd373a698a82860d06b7ebf871f shared by: generated/candidates/people-visual4-hair/pv4_hair_19_light_oval_young_fem_v1_back.png, generated/candidates/people-visual4-hair/pv4_hair_19_olive_oval_adult_v1_back.png
 - Duplicate hash d89c5aec99264456bf1afa987fca99edf6d072c3c5142d9ae48b0770de99ce7f shared by: generated/candidates/people-visual4-hair/pv4_hair_19_light_oval_young_fem_v1_front.png, generated/candidates/people-visual4-hair/pv4_hair_19_olive_oval_adult_v1_front.png
 - Duplicate hash dd54d147d9a1e8510de0bb3d4a1d1e85c557f28026fa58ed158119f9b9550185 shared by: generated/candidates/people-visual4-hair/pv4_hair_19_light_oval_young_v1_back.png, generated/candidates/people-visual4-hair/pv4_hair_19_tan_oval_adult_fem_v1_back.png, generated/candidates/people-visual4-hair/pv4_hair_19_tan_round_young_v1_back.png
 - Duplicate hash bad4a4cd4ff0f9205bb71c22fec6566040419bf3c4ac7ec55bb80f813ddc5037 shared by: generated/candidates/people-visual4-hair/pv4_hair_19_light_oval_young_v1_front.png, generated/candidates/people-visual4-hair/pv4_hair_19_tan_oval_adult_fem_v1_front.png, generated/candidates/people-visual4-hair/pv4_hair_19_tan_round_young_v1_front.png
 - Duplicate hash bc4d5b2207d83c0459d214597c7df2c0673daf42e386376a5594580989756ee2 shared by: generated/candidates/people-visual4-hair/pv4_hair_20_light_long_older_v1_front.png, generated/candidates/people-visual4-hair/pv4_hair_20_tan_square_adult_masc_v1_front.png
 - Duplicate hash d883806594088394625d525d56a5eb0411f4e50f7e28ef44d0b3f6d22d9bc097 shared by: generated/candidates/people-visual4-hair/pv4_hair_20_light_oval_young_fem_v1_front.png, generated/candidates/people-visual4-hair/pv4_hair_20_olive_oval_adult_v1_front.png
 - Duplicate hash 50fd83961dc9587afc707948903429b0b8a3c3093d7b24fd502d17d87499d9e5 shared by: generated/candidates/people-visual4-hair/pv4_hair_20_light_oval_young_v1_front.png, generated/candidates/people-visual4-hair/pv4_hair_20_tan_oval_adult_fem_v1_front.png, generated/candidates/people-visual4-hair/pv4_hair_20_tan_round_young_v1_front.png
 - Duplicate hash c02dd1f3d47864a8b516d92bf92a3ad24635c9a883dac49a888bcbd79e3133ca shared by: generated/candidates/people-visual4-hair/pv4_hair_21_light_long_older_v1_front.png, generated/candidates/people-visual4-hair/pv4_hair_21_tan_square_adult_masc_v1_front.png
 - Duplicate hash 73e417090c6c4cacd00bc4fd9ce67e9ae65bbbd049469bb5ad0eba24f2481bf4 shared by: generated/candidates/people-visual4-hair/pv4_hair_21_light_oval_young_fem_v1_front.png, generated/candidates/people-visual4-hair/pv4_hair_21_olive_oval_adult_v1_front.png
 - Duplicate hash f3ed9508354f51c29261d17311557f7d13b0d5e30a443a2bff7301486524a281 shared by: generated/candidates/people-visual4-hair/pv4_hair_21_light_oval_young_v1_front.png, generated/candidates/people-visual4-hair/pv4_hair_21_tan_oval_adult_fem_v1_front.png, generated/candidates/people-visual4-hair/pv4_hair_21_tan_round_young_v1_front.png
 - Duplicate hash 8547f91a91f30bbddf5cf7e7d4e23e41e41404813d83c5fea6ffd757bf913104 shared by: generated/candidates/people-visual4-hair/pv4_hair_22_light_long_older_v1_back.png, generated/candidates/people-visual4-hair/pv4_hair_22_tan_square_adult_masc_v1_back.png
 - Duplicate hash fc610cf06d3198463156305f60d374cb77757675f41bad030dfff1877754249d shared by: generated/candidates/people-visual4-hair/pv4_hair_22_light_long_older_v1_front.png, generated/candidates/people-visual4-hair/pv4_hair_22_tan_square_adult_masc_v1_front.png
 - Duplicate hash c43bb7c70bacdd8379359faec478764c9099b7c15db911b35281ba49524452d3 shared by: generated/candidates/people-visual4-hair/pv4_hair_22_light_oval_young_fem_v1_back.png, generated/candidates/people-visual4-hair/pv4_hair_22_olive_oval_adult_v1_back.png
 - Duplicate hash f97cdc019dcb10258af037c93481b60cb5eb2649266006fea805091203a0222c shared by: generated/candidates/people-visual4-hair/pv4_hair_22_light_oval_young_fem_v1_front.png, generated/candidates/people-visual4-hair/pv4_hair_22_olive_oval_adult_v1_front.png
 - Duplicate hash b4991e6f2fb0aec02b8cf8a35a576ff6df23ccefd9f7b37fcde02cb3c64fa71a shared by: generated/candidates/people-visual4-hair/pv4_hair_22_light_oval_young_v1_back.png, generated/candidates/people-visual4-hair/pv4_hair_22_tan_oval_adult_fem_v1_back.png, generated/candidates/people-visual4-hair/pv4_hair_22_tan_round_young_v1_back.png
 - Duplicate hash fe0f776ec3288d1b9d74758d8e59bfb47354534691fca80e2ea1a1f792c4443e shared by: generated/candidates/people-visual4-hair/pv4_hair_22_light_oval_young_v1_front.png, generated/candidates/people-visual4-hair/pv4_hair_22_tan_oval_adult_fem_v1_front.png, generated/candidates/people-visual4-hair/pv4_hair_22_tan_round_young_v1_front.png
 - Duplicate hash 0e0e283d4b27d706e5680695f84b1d02de864880553bb44bbd7a7a7b1d807f5a shared by: generated/candidates/people-visual4-hair/pv4_hair_23_light_long_older_v1_front.png, generated/candidates/people-visual4-hair/pv4_hair_23_tan_square_adult_masc_v1_front.png
 - Duplicate hash 28db4b904e6f51371826afdd01e7120f2d2c6e1d7987e1121fa4280f6c69b87f shared by: generated/candidates/people-visual4-hair/pv4_hair_23_light_oval_young_fem_v1_front.png, generated/candidates/people-visual4-hair/pv4_hair_23_olive_oval_adult_v1_front.png
 - Duplicate hash 9be7fafe0e20e563ef99095793eb77fb90a28fb7160f18f92a3e5e2c6ca78666 shared by: generated/candidates/people-visual4-hair/pv4_hair_23_light_oval_young_v1_front.png, generated/candidates/people-visual4-hair/pv4_hair_23_tan_oval_adult_fem_v1_front.png, generated/candidates/people-visual4-hair/pv4_hair_23_tan_round_young_v1_front.png
 - Duplicate hash 4cefba882c365616879e7fa689e76c83e4f9f0ea391b9a0b96fa6dda9c4fca77 shared by: generated/candidates/people-visual4-hair/pv4_hair_24_light_long_older_v1_back.png, generated/candidates/people-visual4-hair/pv4_hair_24_tan_square_adult_masc_v1_back.png
 - Duplicate hash c0179749b069605cadc5059e56f0ac766d01265eaae082382278b7b352db88a2 shared by: generated/candidates/people-visual4-hair/pv4_hair_24_light_long_older_v1_front.png, generated/candidates/people-visual4-hair/pv4_hair_24_tan_square_adult_masc_v1_front.png
 - Duplicate hash d1e6d8089edc962a3129c8496d6cfb96847280305dd71a60864d10a9fabb2d31 shared by: generated/candidates/people-visual4-hair/pv4_hair_24_light_oval_young_fem_v1_back.png, generated/candidates/people-visual4-hair/pv4_hair_24_olive_oval_adult_v1_back.png
 - Duplicate hash 89aa3871f56f995d399f1eef20c0372576ed8cbbea76e993bd56684045f08ca8 shared by: generated/candidates/people-visual4-hair/pv4_hair_24_light_oval_young_fem_v1_front.png, generated/candidates/people-visual4-hair/pv4_hair_24_olive_oval_adult_v1_front.png
 - Duplicate hash bdd51ad4db37a2679de18e4dada396f21afb339331b979a0cf9285a6d86108f6 shared by: generated/candidates/people-visual4-hair/pv4_hair_24_light_oval_young_v1_back.png, generated/candidates/people-visual4-hair/pv4_hair_24_tan_oval_adult_fem_v1_back.png, generated/candidates/people-visual4-hair/pv4_hair_24_tan_round_young_v1_back.png
 - Duplicate hash c7166013185407dd4aa4df28508e1d4ac9d97e42653565392db82d1a5b4a7b63 shared by: generated/candidates/people-visual4-hair/pv4_hair_24_light_oval_young_v1_front.png, generated/candidates/people-visual4-hair/pv4_hair_24_tan_oval_adult_fem_v1_front.png, generated/candidates/people-visual4-hair/pv4_hair_24_tan_round_young_v1_front.png
 - Duplicate hash d5f3ea247fc83355b21a223070153d4879a2dfed2c1a3d1f2418145610608915 shared by: generated/candidates/people-visual4-hair/pv4_hair_25_light_long_older_v1_back.png, generated/candidates/people-visual4-hair/pv4_hair_25_tan_square_adult_masc_v1_back.png
 - Duplicate hash 0e528f3315dfb4209fc9ad60d89d3256c06bd8564f9b9f74bd4a1c329d546c68 shared by: generated/candidates/people-visual4-hair/pv4_hair_25_light_long_older_v1_front.png, generated/candidates/people-visual4-hair/pv4_hair_25_tan_square_adult_masc_v1_front.png
 - Duplicate hash ff6d2fa5fd235f1e6e45d404864def91f6cb2a2cc0aa07b63657dc77c63c3e0f shared by: generated/candidates/people-visual4-hair/pv4_hair_25_light_oval_young_fem_v1_back.png, generated/candidates/people-visual4-hair/pv4_hair_25_olive_oval_adult_v1_back.png
 - Duplicate hash a1bcd7681aeeaa18c2a988a5c730123e38e852fbfd7d88ad427ce92655f07202 shared by: generated/candidates/people-visual4-hair/pv4_hair_25_light_oval_young_fem_v1_front.png, generated/candidates/people-visual4-hair/pv4_hair_25_olive_oval_adult_v1_front.png
 - Duplicate hash da7beb003d6559ef8155448232ef22573482338f56e03e93cb8dd47783fc53f5 shared by: generated/candidates/people-visual4-hair/pv4_hair_25_light_oval_young_v1_back.png, generated/candidates/people-visual4-hair/pv4_hair_25_tan_oval_adult_fem_v1_back.png, generated/candidates/people-visual4-hair/pv4_hair_25_tan_round_young_v1_back.png
 - Duplicate hash e2fd4d7ba9abce671d0c51311d9dffc9c375ef1ae61193dab41c8fd7117493b9 shared by: generated/candidates/people-visual4-hair/pv4_hair_25_light_oval_young_v1_front.png, generated/candidates/people-visual4-hair/pv4_hair_25_tan_oval_adult_fem_v1_front.png, generated/candidates/people-visual4-hair/pv4_hair_25_tan_round_young_v1_front.png
 - Duplicate hash 3640d8ce031a64b258f4353fe1703fcf3acda3b01369130bf274ca0a94b3575a shared by: generated/candidates/people-visual4-hair/pv4_hair_27_light_long_older_v1_back.png, generated/candidates/people-visual4-hair/pv4_hair_27_tan_square_adult_masc_v1_back.png
 - Duplicate hash 16b6b7eee232a467ee6de6c24efa320842e17f1fe94b670a30902a458e2a9ae5 shared by: generated/candidates/people-visual4-hair/pv4_hair_27_light_long_older_v1_front.png, generated/candidates/people-visual4-hair/pv4_hair_27_tan_square_adult_masc_v1_front.png
 - Duplicate hash ede5b912fd58169e5b6d2dcb49f2416bc5b78e24fc3ff655832517a18f9e7d95 shared by: generated/candidates/people-visual4-hair/pv4_hair_27_light_oval_young_fem_v1_back.png, generated/candidates/people-visual4-hair/pv4_hair_27_olive_oval_adult_v1_back.png
 - Duplicate hash 0ab9e8d30b18e47d5485147d30f3e0a7dd12c7581455f2924b680aac5ae9ce68 shared by: generated/candidates/people-visual4-hair/pv4_hair_27_light_oval_young_fem_v1_front.png, generated/candidates/people-visual4-hair/pv4_hair_27_olive_oval_adult_v1_front.png
 - Duplicate hash 9c6f4b5e495ca250f6fc48bc6293b2b0f9c70597ac08f4897c6f7df134a293b4 shared by: generated/candidates/people-visual4-hair/pv4_hair_27_light_oval_young_v1_back.png, generated/candidates/people-visual4-hair/pv4_hair_27_tan_oval_adult_fem_v1_back.png, generated/candidates/people-visual4-hair/pv4_hair_27_tan_round_young_v1_back.png
 - Duplicate hash 13000c5efce7e6f9d326a78c04315cbd5760ee741e6c907f042fb38a54b8e134 shared by: generated/candidates/people-visual4-hair/pv4_hair_27_light_oval_young_v1_front.png, generated/candidates/people-visual4-hair/pv4_hair_27_tan_oval_adult_fem_v1_front.png, generated/candidates/people-visual4-hair/pv4_hair_27_tan_round_young_v1_front.png
 - Duplicate hash 477acdda895481bbb0ec68b3e799f121ce72a0879c9a5535d32874793eb007fd shared by: generated/candidates/people-visual4-hair/pv4_hair_28_light_long_older_v1_front.png, generated/candidates/people-visual4-hair/pv4_hair_28_tan_square_adult_masc_v1_front.png
 - Duplicate hash 5226e4d966189e209c454e5ae46dc7eead27f78a949119c49e942332be5c1179 shared by: generated/candidates/people-visual4-hair/pv4_hair_28_light_oval_young_fem_v1_front.png, generated/candidates/people-visual4-hair/pv4_hair_28_olive_oval_adult_v1_front.png
 - Duplicate hash 842920e3aea06a729a3cdbb3998a09821486ec958616871aa1efd8bd783de406 shared by: generated/candidates/people-visual4-hair/pv4_hair_28_light_oval_young_v1_front.png, generated/candidates/people-visual4-hair/pv4_hair_28_tan_oval_adult_fem_v1_front.png, generated/candidates/people-visual4-hair/pv4_hair_28_tan_round_young_v1_front.png
 - Duplicate hash b9d3c02134533a1706b037860e5b43671484b1913d1a58f490698b1345b58999 shared by: generated/candidates/people-visual4-hair/pv4_hair_29_light_long_older_v1_front.png, generated/candidates/people-visual4-hair/pv4_hair_29_tan_square_adult_masc_v1_front.png
 - Duplicate hash 2d2fef6eb18a0e1cba9d4190bf66062f6bdee562fa8419d023b59e35c555e982 shared by: generated/candidates/people-visual4-hair/pv4_hair_29_light_oval_young_fem_v1_front.png, generated/candidates/people-visual4-hair/pv4_hair_29_olive_oval_adult_v1_front.png
 - Duplicate hash 9b75c372180f93674cb80606505cdcfb89a0df5080b602efaa0002b2a0f76e92 shared by: generated/candidates/people-visual4-hair/pv4_hair_29_light_oval_young_v1_front.png, generated/candidates/people-visual4-hair/pv4_hair_29_tan_oval_adult_fem_v1_front.png, generated/candidates/people-visual4-hair/pv4_hair_29_tan_round_young_v1_front.png
 - Duplicate hash f4d0c5f59a0a97a755a9fa03d55c696c9d01accce2b7cf73b39fb0f8eab6394a shared by: generated/candidates/people-visual4-hair/pv4_hair_30_light_long_older_v1_front.png, generated/candidates/people-visual4-hair/pv4_hair_30_tan_square_adult_masc_v1_front.png
 - Duplicate hash edf4ba39657f3add5b2859d49a8f3935765cd118c192d2e38763dbf9a4b3a55b shared by: generated/candidates/people-visual4-hair/pv4_hair_30_light_oval_young_fem_v1_front.png, generated/candidates/people-visual4-hair/pv4_hair_30_olive_oval_adult_v1_front.png
 - Duplicate hash 39dc197793970ef8428e708252d0634654ec94c8335ffc3df6fd249daa3fbdc8 shared by: generated/candidates/people-visual4-hair/pv4_hair_30_light_oval_young_v1_front.png, generated/candidates/people-visual4-hair/pv4_hair_30_tan_oval_adult_fem_v1_front.png, generated/candidates/people-visual4-hair/pv4_hair_30_tan_round_young_v1_front.png
 - Duplicate hash 515f23714560c9e1a6d6cbdb28fca877bf4e35c21a8f7f3b8de3cd54e8666d9c shared by: generated/candidates/people-visual4-hair/pv4_hair_31_light_long_older_v1_front.png, generated/candidates/people-visual4-hair/pv4_hair_31_tan_square_adult_masc_v1_front.png
 - Duplicate hash c28439b670a7c28f0271481149c9f19e7c86dafbdd80138f8b1a2add14cd1cd1 shared by: generated/candidates/people-visual4-hair/pv4_hair_31_light_oval_young_fem_v1_front.png, generated/candidates/people-visual4-hair/pv4_hair_31_olive_oval_adult_v1_front.png
 - Duplicate hash a91256a3b7ae27d509f95bc384dc389f42ff30688bb3768408c85ce1742342ec shared by: generated/candidates/people-visual4-hair/pv4_hair_31_light_oval_young_v1_front.png, generated/candidates/people-visual4-hair/pv4_hair_31_tan_oval_adult_fem_v1_front.png, generated/candidates/people-visual4-hair/pv4_hair_31_tan_round_young_v1_front.png
 - Duplicate hash 88ca7ab24042c634271ebb9a69e8ce2959a7c14d70da3c39637dd74abf412599 shared by: generated/candidates/people-visual4-hair/pv4_hair_32_light_long_older_v1_front.png, generated/candidates/people-visual4-hair/pv4_hair_32_tan_square_adult_masc_v1_front.png
 - Duplicate hash 99f8c273326aa8bc4bde5ce071e4002b59ccdded07161b7578f3755d509807e1 shared by: generated/candidates/people-visual4-hair/pv4_hair_32_light_oval_young_fem_v1_front.png, generated/candidates/people-visual4-hair/pv4_hair_32_olive_oval_adult_v1_front.png
 - Duplicate hash f435d5d3a7f5d62a76a4c69342a3e5f4d3def6c8111ee304a97b4146fbb7a016 shared by: generated/candidates/people-visual4-hair/pv4_hair_32_light_oval_young_v1_front.png, generated/candidates/people-visual4-hair/pv4_hair_32_tan_oval_adult_fem_v1_front.png, generated/candidates/people-visual4-hair/pv4_hair_32_tan_round_young_v1_front.png
 - Duplicate hash 7471b76f8dc438797be22066c20c69f0b820f0a365acddddc635c35ff0e3d3e5 shared by: generated/candidates/people-visual4-hair/pv4_hair_33_light_long_older_v1_back.png, generated/candidates/people-visual4-hair/pv4_hair_33_tan_square_adult_masc_v1_back.png
 - Duplicate hash 18f84fcb20658a074572008344fa6d2c16f14cd528a6357cbfa9b200aa399722 shared by: generated/candidates/people-visual4-hair/pv4_hair_33_light_long_older_v1_front.png, generated/candidates/people-visual4-hair/pv4_hair_33_tan_square_adult_masc_v1_front.png
 - Duplicate hash ad3f3bfea17a868de0ee89bb65b07581fd034c29c4012aa1a8291abe691f9700 shared by: generated/candidates/people-visual4-hair/pv4_hair_33_light_oval_young_fem_v1_back.png, generated/candidates/people-visual4-hair/pv4_hair_33_olive_oval_adult_v1_back.png
 - Duplicate hash 867ee0a063f1980951292e16a9077ea4d83f4812c0bd7d139e47dafae9ebdc07 shared by: generated/candidates/people-visual4-hair/pv4_hair_33_light_oval_young_fem_v1_front.png, generated/candidates/people-visual4-hair/pv4_hair_33_olive_oval_adult_v1_front.png
 - Duplicate hash 2ee4caf909ca7a70c04d7a99f4e9aed7119a2b1b9f30be5a4f13b7d3bb62087c shared by: generated/candidates/people-visual4-hair/pv4_hair_33_light_oval_young_v1_back.png, generated/candidates/people-visual4-hair/pv4_hair_33_tan_oval_adult_fem_v1_back.png, generated/candidates/people-visual4-hair/pv4_hair_33_tan_round_young_v1_back.png
 - Duplicate hash e9a4a32aedbd1b3ab5598f31cb18436f5bd982d16ae74338ed722ae457d5b41a shared by: generated/candidates/people-visual4-hair/pv4_hair_33_light_oval_young_v1_front.png, generated/candidates/people-visual4-hair/pv4_hair_33_tan_oval_adult_fem_v1_front.png, generated/candidates/people-visual4-hair/pv4_hair_33_tan_round_young_v1_front.png
 - Duplicate hash 67b80c76f4344ac5ce480aa751438feafdfd9bef26f913d1f6db0dd107a5d47c shared by: generated/candidates/people-visual4-hair/pv4_hair_34_light_long_older_v1_front.png, generated/candidates/people-visual4-hair/pv4_hair_34_tan_square_adult_masc_v1_front.png
 - Duplicate hash 7fafaeb2c3bda9a62373c28c235fd584f6ca7a7cc8493a93b51f04e144210ed8 shared by: generated/candidates/people-visual4-hair/pv4_hair_34_light_oval_young_fem_v1_front.png, generated/candidates/people-visual4-hair/pv4_hair_34_olive_oval_adult_v1_front.png
 - Duplicate hash 63df5bc67894e5372e632a98459027728a4b4c84275ae33ff325feaa6dc3269e shared by: generated/candidates/people-visual4-hair/pv4_hair_34_light_oval_young_v1_front.png, generated/candidates/people-visual4-hair/pv4_hair_34_tan_oval_adult_fem_v1_front.png, generated/candidates/people-visual4-hair/pv4_hair_34_tan_round_young_v1_front.png
 - Duplicate hash 083cf62eb1140ef709dc32b9bc15254c35af560594888e504e42e8a6c08bd438 shared by: generated/candidates/people-visual4-hair/pv4_hair_36_light_long_older_v1_front.png, generated/candidates/people-visual4-hair/pv4_hair_36_tan_square_adult_masc_v1_front.png
 - Duplicate hash b32db5d7efaa78a73318645121828168f1952a5950b709fb73a22d1ead7040a3 shared by: generated/candidates/people-visual4-hair/pv4_hair_36_light_oval_young_fem_v1_front.png, generated/candidates/people-visual4-hair/pv4_hair_36_olive_oval_adult_v1_front.png
 - Duplicate hash d59483ad8fbe462d456348bfb98b8d73936237ebcd255b284ba2e8186c32618e shared by: generated/candidates/people-visual4-hair/pv4_hair_36_light_oval_young_v1_front.png, generated/candidates/people-visual4-hair/pv4_hair_36_tan_oval_adult_fem_v1_front.png, generated/candidates/people-visual4-hair/pv4_hair_36_tan_round_young_v1_front.png
 - Duplicate hash 418fa5b76f07388cec1d6d72cd2c7f2100b8359cfebf82c008688ed7ef6bf8de shared by: generated/candidates/people-visual4-hair/pv4_hair_37_light_long_older_v1_front.png, generated/candidates/people-visual4-hair/pv4_hair_37_tan_square_adult_masc_v1_front.png
 - Duplicate hash 3e7b942a3b1cc35fddb2bffec2be223029583663cdeccfbfb1974b55c924512b shared by: generated/candidates/people-visual4-hair/pv4_hair_37_light_oval_young_fem_v1_front.png, generated/candidates/people-visual4-hair/pv4_hair_37_olive_oval_adult_v1_front.png
 - Duplicate hash a5b435ea6e4e43ee48d4ba348e48c164c66bdc532d95f4617dce6ee7a1ff208d shared by: generated/candidates/people-visual4-hair/pv4_hair_37_light_oval_young_v1_front.png, generated/candidates/people-visual4-hair/pv4_hair_37_tan_oval_adult_fem_v1_front.png, generated/candidates/people-visual4-hair/pv4_hair_37_tan_round_young_v1_front.png
 - Duplicate hash 6185ad9b06daea63780e51efce091b20ff4872a8ca39c4a78ec4bb1925b0dcb5 shared by: generated/candidates/people-visual4-hair/pv4_hair_38_light_long_older_v1_front.png, generated/candidates/people-visual4-hair/pv4_hair_38_tan_square_adult_masc_v1_front.png
 - Duplicate hash 7d3842f3b3c6085b92b75e6499731fd8e4652a38b2b3e63d81869029f317e8db shared by: generated/candidates/people-visual4-hair/pv4_hair_38_light_oval_young_fem_v1_front.png, generated/candidates/people-visual4-hair/pv4_hair_38_olive_oval_adult_v1_front.png
 - Duplicate hash e5a29c9267d8942124c17bcce8034d36904469b2d59bc1b37672c1546c97f3f5 shared by: generated/candidates/people-visual4-hair/pv4_hair_38_light_oval_young_v1_front.png, generated/candidates/people-visual4-hair/pv4_hair_38_tan_oval_adult_fem_v1_front.png, generated/candidates/people-visual4-hair/pv4_hair_38_tan_round_young_v1_front.png
 - Duplicate hash 810abf2a092e534fe14782354e4cb2a190d7b759c115049ed15693c15fa054bb shared by: generated/candidates/people-visual4-hair/pv4_hair_39_light_long_older_v1_front.png, generated/candidates/people-visual4-hair/pv4_hair_39_tan_square_adult_masc_v1_front.png
 - Duplicate hash 57d131ba8c3be047d1d81edb1b657a6fe6d812ae4e6bafb6c60c5a58f534d945 shared by: generated/candidates/people-visual4-hair/pv4_hair_39_light_oval_young_fem_v1_front.png, generated/candidates/people-visual4-hair/pv4_hair_39_olive_oval_adult_v1_front.png
 - Duplicate hash 7efc749d0f1cecaf003803eb660eb0994fcece051b72511cf4009c945a64a16f shared by: generated/candidates/people-visual4-hair/pv4_hair_39_light_oval_young_v1_front.png, generated/candidates/people-visual4-hair/pv4_hair_39_tan_oval_adult_fem_v1_front.png, generated/candidates/people-visual4-hair/pv4_hair_39_tan_round_young_v1_front.png
 - Duplicate hash e2db668d8e9157b9c8869e407b193e5ec4ac96eb794290637b9a7d530671891c shared by: generated/candidates/people-visual4-hair/pv4_hair_40_light_long_older_v1_front.png, generated/candidates/people-visual4-hair/pv4_hair_40_tan_square_adult_masc_v1_front.png
 - Duplicate hash 6132269861235918ba25ec48aa8c82ce939cdf39869bbf859f2011278af0e310 shared by: generated/candidates/people-visual4-hair/pv4_hair_40_light_oval_young_fem_v1_front.png, generated/candidates/people-visual4-hair/pv4_hair_40_olive_oval_adult_v1_front.png
 - Duplicate hash 84124eada36387a2950293c1ae5f7b7b4619b21658e5a229a47a46144c554f52 shared by: generated/candidates/people-visual4-hair/pv4_hair_40_light_oval_young_v1_front.png, generated/candidates/people-visual4-hair/pv4_hair_40_tan_oval_adult_fem_v1_front.png, generated/candidates/people-visual4-hair/pv4_hair_40_tan_round_young_v1_front.png
 - Duplicate hash 4e76449fd47cfca6a6cb33edac39e6d3ccc223b0554d25992fdc99899ccb5135 shared by: generated/candidates/people-visual4-hair/pv4_hair_41_light_long_older_v1_back.png, generated/candidates/people-visual4-hair/pv4_hair_41_tan_square_adult_masc_v1_back.png
 - Duplicate hash b31feacf7b5d1e06c35d146cd1becaafaa53abcb8db9b8dc6b5cf93842bb142c shared by: generated/candidates/people-visual4-hair/pv4_hair_41_light_long_older_v1_front.png, generated/candidates/people-visual4-hair/pv4_hair_41_tan_square_adult_masc_v1_front.png
 - Duplicate hash 16f65925512d11aaed5b6c6843ee24140ee5cee7893f1e7878d2862ead7e0740 shared by: generated/candidates/people-visual4-hair/pv4_hair_41_light_oval_young_fem_v1_back.png, generated/candidates/people-visual4-hair/pv4_hair_41_olive_oval_adult_v1_back.png
 - Duplicate hash 26c825801a0194d37189bfadeb5b13e10f3b40948f50a1f0ed6a26ca4516f7b6 shared by: generated/candidates/people-visual4-hair/pv4_hair_41_light_oval_young_fem_v1_front.png, generated/candidates/people-visual4-hair/pv4_hair_41_olive_oval_adult_v1_front.png
 - Duplicate hash dacf0530d6721548477f681f984db12cb4e3289f1616a20a1263fd67610295bd shared by: generated/candidates/people-visual4-hair/pv4_hair_41_light_oval_young_v1_back.png, generated/candidates/people-visual4-hair/pv4_hair_41_tan_oval_adult_fem_v1_back.png, generated/candidates/people-visual4-hair/pv4_hair_41_tan_round_young_v1_back.png
 - Duplicate hash 7d5e45c0a6073d39570dd4d7e3320b55ba9be1836bcc305f926312c0bf42d810 shared by: generated/candidates/people-visual4-hair/pv4_hair_41_light_oval_young_v1_front.png, generated/candidates/people-visual4-hair/pv4_hair_41_tan_oval_adult_fem_v1_front.png, generated/candidates/people-visual4-hair/pv4_hair_41_tan_round_young_v1_front.png
 - Duplicate hash 33a879fba05f238bfe6bbd1a57c7f8af50cc2c62b01dbdf73353a7d39a52d199 shared by: generated/candidates/people-visual4-hair/pv4_hair_42_light_long_older_v1_front.png, generated/candidates/people-visual4-hair/pv4_hair_42_tan_square_adult_masc_v1_front.png
 - Duplicate hash 3ccc4166805ddd93f0378e6ba3f6f71bc3d93a311e3d9c73b22fd86133fe8c1c shared by: generated/candidates/people-visual4-hair/pv4_hair_42_light_oval_young_fem_v1_front.png, generated/candidates/people-visual4-hair/pv4_hair_42_olive_oval_adult_v1_front.png
 - Duplicate hash 6654aa58b6c3300faa9bb013c8ab809d033c9e97d1c4c6cfa633e58ebae26e3a shared by: generated/candidates/people-visual4-hair/pv4_hair_42_light_oval_young_v1_front.png, generated/candidates/people-visual4-hair/pv4_hair_42_tan_oval_adult_fem_v1_front.png, generated/candidates/people-visual4-hair/pv4_hair_42_tan_round_young_v1_front.png
 - Duplicate hash 114b80ac14ab8b1f2c4a36d3ec3dc6898440d2eeb5df5d4198a1d449fa0149d6 shared by: generated/candidates/people-visual4-hair/pv4_hair_43_light_long_older_v1_front.png, generated/candidates/people-visual4-hair/pv4_hair_43_tan_square_adult_masc_v1_front.png
 - Duplicate hash d7265c37c268fe24bcf3892f3231a4001069df8bdd35fd79a1167ded4354ebd1 shared by: generated/candidates/people-visual4-hair/pv4_hair_43_light_oval_young_fem_v1_front.png, generated/candidates/people-visual4-hair/pv4_hair_43_olive_oval_adult_v1_front.png
 - Duplicate hash 549e810e44e153a96bde6322b887c1e5179e05917a6a4e510dfb702f51c183b8 shared by: generated/candidates/people-visual4-hair/pv4_hair_43_light_oval_young_v1_front.png, generated/candidates/people-visual4-hair/pv4_hair_43_tan_oval_adult_fem_v1_front.png, generated/candidates/people-visual4-hair/pv4_hair_43_tan_round_young_v1_front.png
 - Duplicate hash ebb9757e59ebf5d6ca717bc848ed401fdb96f20ff7bcfd6eb74f8aec4880a86d shared by: generated/candidates/people-visual4-hair/pv4_hair_44_light_long_older_v1_front.png, generated/candidates/people-visual4-hair/pv4_hair_44_tan_square_adult_masc_v1_front.png
 - Duplicate hash 4a4d511a3302cca980191b8b01a397d3838bf17df0b37537ca5a8b5be82195a8 shared by: generated/candidates/people-visual4-hair/pv4_hair_44_light_oval_young_fem_v1_front.png, generated/candidates/people-visual4-hair/pv4_hair_44_olive_oval_adult_v1_front.png
 - Duplicate hash e6346796958397a50b9dbdf67c883623985860b44cb01c11ead2f2a4fd67bb4c shared by: generated/candidates/people-visual4-hair/pv4_hair_44_light_oval_young_v1_front.png, generated/candidates/people-visual4-hair/pv4_hair_44_tan_oval_adult_fem_v1_front.png, generated/candidates/people-visual4-hair/pv4_hair_44_tan_round_young_v1_front.png
 - Duplicate hash f65526ed4251c145bac8df6b6bc16c5b3b8c44a25dbc122c169f25834fe8036a shared by: generated/candidates/people-visual4-hair/pv4_hair_45_light_long_older_v1_front.png, generated/candidates/people-visual4-hair/pv4_hair_45_tan_square_adult_masc_v1_front.png
 - Duplicate hash 5f975c54750f10122ba4fc8523cac7d2d4e9f4f3db411e524828b6f66bf982f1 shared by: generated/candidates/people-visual4-hair/pv4_hair_45_light_oval_young_fem_v1_front.png, generated/candidates/people-visual4-hair/pv4_hair_45_olive_oval_adult_v1_front.png
 - Duplicate hash 15f9417fe0f6d8b36a99af2e034298eba279a3a61622f04094c005c31bb425f8 shared by: generated/candidates/people-visual4-hair/pv4_hair_45_light_oval_young_v1_front.png, generated/candidates/people-visual4-hair/pv4_hair_45_tan_oval_adult_fem_v1_front.png, generated/candidates/people-visual4-hair/pv4_hair_45_tan_round_young_v1_front.png
 - Duplicate hash c1397f62a90cb0f0007734460476280c1ed0cfa25ce54f8f45c0d5dc3b20dfa0 shared by: generated/candidates/people-visual4-hair/pv4_hair_46_light_long_older_v1_front.png, generated/candidates/people-visual4-hair/pv4_hair_46_tan_square_adult_masc_v1_front.png
 - Duplicate hash 8611cc33af6ca0d25709f8cc460c8b50fa02861c07c79b4899ef17a16f7a32c3 shared by: generated/candidates/people-visual4-hair/pv4_hair_46_light_oval_young_fem_v1_front.png, generated/candidates/people-visual4-hair/pv4_hair_46_olive_oval_adult_v1_front.png
 - Duplicate hash f70122ec7fe2fb571248a92426250bb44d0e23fea80d41ff411fc72af8978ea1 shared by: generated/candidates/people-visual4-hair/pv4_hair_46_light_oval_young_v1_front.png, generated/candidates/people-visual4-hair/pv4_hair_46_tan_oval_adult_fem_v1_front.png, generated/candidates/people-visual4-hair/pv4_hair_46_tan_round_young_v1_front.png
 - Duplicate hash 0f56b6f7a8c03b2e6ac30d931239d5360b91e6fbe330ee6313a27c7be8ee8476 shared by: generated/candidates/people-visual4-hair/pv4_hair_47_light_long_older_v1_front.png, generated/candidates/people-visual4-hair/pv4_hair_47_tan_square_adult_masc_v1_front.png
 - Duplicate hash 8c9b8c89d65386aa97c48bb84220555fd20686aec32fc722299bfd234ae5363e shared by: generated/candidates/people-visual4-hair/pv4_hair_47_light_oval_young_fem_v1_front.png, generated/candidates/people-visual4-hair/pv4_hair_47_olive_oval_adult_v1_front.png
 - Duplicate hash 8ed966f49690bb8994c834897345f875538c6cb2e64abb30422537b5bd444d72 shared by: generated/candidates/people-visual4-hair/pv4_hair_47_light_oval_young_v1_front.png, generated/candidates/people-visual4-hair/pv4_hair_47_tan_oval_adult_fem_v1_front.png, generated/candidates/people-visual4-hair/pv4_hair_47_tan_round_young_v1_front.png
 - Duplicate hash dde46a5206a9963943eba90d277035d166c83b5579e46a001438d2d6ed762c54 shared by: generated/candidates/people-visual4-hair/pv4_hair_48_light_long_older_v1_front.png, generated/candidates/people-visual4-hair/pv4_hair_48_tan_square_adult_masc_v1_front.png
 - Duplicate hash fd38f2cb5738d4aeeed3046d48f7215d10e067a2e2d7bb2c87c6b2a5c1ed127b shared by: generated/candidates/people-visual4-hair/pv4_hair_48_light_oval_young_fem_v1_front.png, generated/candidates/people-visual4-hair/pv4_hair_48_olive_oval_adult_v1_front.png
 - Duplicate hash c59a30dac24ae1c809d7853130ff084de09b761ce9fe4e2222728fa0d2818bfb shared by: generated/candidates/people-visual4-hair/pv4_hair_48_light_oval_young_v1_front.png, generated/candidates/people-visual4-hair/pv4_hair_48_tan_oval_adult_fem_v1_front.png, generated/candidates/people-visual4-hair/pv4_hair_48_tan_round_young_v1_front.png
 - Duplicate hash 1c771a970af5352a81e1e7990dc0a76a06c7fa89135de56f573df3dd87f2b945 shared by: generated/candidates/people-visual4-hair/pv4_hair_49_light_long_older_v1_front.png, generated/candidates/people-visual4-hair/pv4_hair_49_tan_square_adult_masc_v1_front.png
 - Duplicate hash 25ff2d472caa0d81411e59c85734cd5cf700e2cf491bd140133127d0df1e8cfd shared by: generated/candidates/people-visual4-hair/pv4_hair_49_light_oval_young_fem_v1_front.png, generated/candidates/people-visual4-hair/pv4_hair_49_olive_oval_adult_v1_front.png
 - Duplicate hash 673b144dbe0223a234c6455449404b4acd13cd51808f36bd5d1fd6bcca97c4f0 shared by: generated/candidates/people-visual4-hair/pv4_hair_49_light_oval_young_v1_front.png, generated/candidates/people-visual4-hair/pv4_hair_49_tan_oval_adult_fem_v1_front.png, generated/candidates/people-visual4-hair/pv4_hair_49_tan_round_young_v1_front.png
 - Duplicate hash 3475b7cffa9a5ea93dcc5f5ecf1705a49d4a41877b089884648b70931d7c11e1 shared by: generated/candidates/people-visual4-hair/pv4_hair_50_light_long_older_v1_front.png, generated/candidates/people-visual4-hair/pv4_hair_50_tan_square_adult_masc_v1_front.png
 - Duplicate hash 670fe1b7e05c6301162b36afa327cf79cf4c779021af7931592bd09b7e1aae94 shared by: generated/candidates/people-visual4-hair/pv4_hair_50_light_oval_young_fem_v1_front.png, generated/candidates/people-visual4-hair/pv4_hair_50_olive_oval_adult_v1_front.png
 - Duplicate hash 9eb3c69b033a4cb0df16fa0c9a70922746d910ac45fac42374d5f892bd4987e5 shared by: generated/candidates/people-visual4-hair/pv4_hair_50_light_oval_young_v1_front.png, generated/candidates/people-visual4-hair/pv4_hair_50_tan_oval_adult_fem_v1_front.png, generated/candidates/people-visual4-hair/pv4_hair_50_tan_round_young_v1_front.png
 - Duplicate hash 5b15a7007273816fa8a3ca50791439762aa1d2867a3af534c2322e2378c594be shared by: generated/candidates/people-visual4-hair/pv4_hair_51_light_long_older_v1_front.png, generated/candidates/people-visual4-hair/pv4_hair_51_tan_square_adult_masc_v1_front.png
 - Duplicate hash 65ee512e273d564413b8a6e102273580f0685e1a776032abb4151d023e0326b2 shared by: generated/candidates/people-visual4-hair/pv4_hair_51_light_oval_young_fem_v1_front.png, generated/candidates/people-visual4-hair/pv4_hair_51_olive_oval_adult_v1_front.png
 - Duplicate hash 6edbda75a5802eb64506d7fe92ffb00e6ad1506b7015804c2270360cf01352fd shared by: generated/candidates/people-visual4-hair/pv4_hair_51_light_oval_young_v1_front.png, generated/candidates/people-visual4-hair/pv4_hair_51_tan_oval_adult_fem_v1_front.png, generated/candidates/people-visual4-hair/pv4_hair_51_tan_round_young_v1_front.png
 - Duplicate hash 03ea9ff9e3b24250d882ac432f6d5f5e5863648b00c4a6c92908848fd21eb177 shared by: generated/candidates/people-visual4-hair/pv4_hair_52_light_long_older_v1_front.png, generated/candidates/people-visual4-hair/pv4_hair_52_tan_square_adult_masc_v1_front.png
 - Duplicate hash 720b790469dd5063dc013c66e738a31bb89964087e1a4967ca7afa36833de579 shared by: generated/candidates/people-visual4-hair/pv4_hair_52_light_oval_young_fem_v1_front.png, generated/candidates/people-visual4-hair/pv4_hair_52_olive_oval_adult_v1_front.png
 - Duplicate hash 775bf3e5806991ea44be2742bf716c48526617701e370ce161a0a8dc847004cf shared by: generated/candidates/people-visual4-hair/pv4_hair_52_light_oval_young_v1_front.png, generated/candidates/people-visual4-hair/pv4_hair_52_tan_oval_adult_fem_v1_front.png, generated/candidates/people-visual4-hair/pv4_hair_52_tan_round_young_v1_front.png
 - Duplicate hash 4938ddc1a6a5a712b99225db0a8cd501c9c7ad0b840650f3e95414a1d4b5b24d shared by: generated/candidates/people-visual4-hair/pv4_hair_53_light_long_older_v1_front.png, generated/candidates/people-visual4-hair/pv4_hair_53_tan_square_adult_masc_v1_front.png
 - Duplicate hash d0cb12ae5aec52d035af58ae51062aaccc999839b247c5ef5052ec9b276e2a6e shared by: generated/candidates/people-visual4-hair/pv4_hair_53_light_oval_young_fem_v1_front.png, generated/candidates/people-visual4-hair/pv4_hair_53_olive_oval_adult_v1_front.png
 - Duplicate hash 84def71ebbcaaa949a5d6abe51f48f2083f073120f6e4f2531bb0036d305a55e shared by: generated/candidates/people-visual4-hair/pv4_hair_53_light_oval_young_v1_front.png, generated/candidates/people-visual4-hair/pv4_hair_53_tan_oval_adult_fem_v1_front.png, generated/candidates/people-visual4-hair/pv4_hair_53_tan_round_young_v1_front.png
 - Duplicate hash 851d71ebb77c77f66d03092763f345244b95f03ecdcdcba826871a2dbc6f9e70 shared by: generated/candidates/people-visual4-hair/pv4_hair_54_light_long_older_v1_front.png, generated/candidates/people-visual4-hair/pv4_hair_54_tan_square_adult_masc_v1_front.png
 - Duplicate hash 716b6c6d1e89ee0334d235dd8059fba5c0903d9211956df0a6f4f8a118c9b7bc shared by: generated/candidates/people-visual4-hair/pv4_hair_54_light_oval_young_fem_v1_front.png, generated/candidates/people-visual4-hair/pv4_hair_54_olive_oval_adult_v1_front.png
 - Duplicate hash 1cf27157ef39aff60f9892898c0a60d0abd070ef3edc00a4d555aea3e632e034 shared by: generated/candidates/people-visual4-hair/pv4_hair_54_light_oval_young_v1_front.png, generated/candidates/people-visual4-hair/pv4_hair_54_tan_oval_adult_fem_v1_front.png, generated/candidates/people-visual4-hair/pv4_hair_54_tan_round_young_v1_front.png
 - Duplicate hash 99a46725e47141ab310d4ab2d2c01e3c26176c85eeb6f08673f814336d60ed23 shared by: generated/candidates/people-visual4-hair/pv4_hair_55_light_long_older_v1_front.png, generated/candidates/people-visual4-hair/pv4_hair_55_tan_square_adult_masc_v1_front.png
 - Duplicate hash 12d73553b94335db815538cd208b0b1ff230cccd757d05f37b58800333f1a50e shared by: generated/candidates/people-visual4-hair/pv4_hair_55_light_oval_young_fem_v1_front.png, generated/candidates/people-visual4-hair/pv4_hair_55_olive_oval_adult_v1_front.png
 - Duplicate hash 0eebe72c3c0f897254bb8993061c72dd6a8138baecf1fdc21506bd23d917e31e shared by: generated/candidates/people-visual4-hair/pv4_hair_55_light_oval_young_v1_front.png, generated/candidates/people-visual4-hair/pv4_hair_55_tan_oval_adult_fem_v1_front.png, generated/candidates/people-visual4-hair/pv4_hair_55_tan_round_young_v1_front.png
 - Duplicate hash 2e90333770524d692d8866931d58dc67a0ab3a9ba17523b326c6f3d78df64843 shared by: generated/candidates/people-visual4-hair/pv4_hair_56_light_long_older_v1_front.png, generated/candidates/people-visual4-hair/pv4_hair_56_tan_square_adult_masc_v1_front.png
 - Duplicate hash 1ccae60704e13b4c631d5a9b2778898e78ed8c7da93ebcfd42002f5dba0924ae shared by: generated/candidates/people-visual4-hair/pv4_hair_56_light_oval_young_fem_v1_front.png, generated/candidates/people-visual4-hair/pv4_hair_56_olive_oval_adult_v1_front.png
 - Duplicate hash 3e1d8ca2080147fdfe983e438af1efe4606526ae2f81e8bf6fc75a47e7e29f74 shared by: generated/candidates/people-visual4-hair/pv4_hair_56_light_oval_young_v1_front.png, generated/candidates/people-visual4-hair/pv4_hair_56_tan_oval_adult_fem_v1_front.png, generated/candidates/people-visual4-hair/pv4_hair_56_tan_round_young_v1_front.png
 - Duplicate hash c9bd67d9255dbab579b05d32323be7efffd63866333f1a829b9fce5e0327071e shared by: generated/candidates/people-visual4-hair/pv4_hair_57_light_long_older_v1_front.png, generated/candidates/people-visual4-hair/pv4_hair_57_tan_square_adult_masc_v1_front.png
 - Duplicate hash 1d3ab83a6223566293a71027c51bac24e3c5cea04318345ef47be1ffcd2a0576 shared by: generated/candidates/people-visual4-hair/pv4_hair_57_light_oval_young_fem_v1_front.png, generated/candidates/people-visual4-hair/pv4_hair_57_olive_oval_adult_v1_front.png
 - Duplicate hash bbc2803f067f6f1c96680df19f391cb0e109c1090c906c776710b84b6748c52f shared by: generated/candidates/people-visual4-hair/pv4_hair_57_light_oval_young_v1_front.png, generated/candidates/people-visual4-hair/pv4_hair_57_tan_oval_adult_fem_v1_front.png, generated/candidates/people-visual4-hair/pv4_hair_57_tan_round_young_v1_front.png
 - Duplicate hash 26332f1e231eb1a8972ae23b388ed820ff8716209aebbff4cc8bef9ecf83d41c shared by: generated/candidates/people-visual4-hair/pv4_hair_58_light_long_older_v1_front.png, generated/candidates/people-visual4-hair/pv4_hair_58_tan_square_adult_masc_v1_front.png
 - Duplicate hash 90197ff12ae955c8446cac5c415e0e42e8003d78b04f842020c760d6f55bd381 shared by: generated/candidates/people-visual4-hair/pv4_hair_58_light_oval_young_fem_v1_front.png, generated/candidates/people-visual4-hair/pv4_hair_58_olive_oval_adult_v1_front.png
 - Duplicate hash 7875ad786527f5e037af77dc0585caac0335aad919d429bb4b77ebb6d54b527e shared by: generated/candidates/people-visual4-hair/pv4_hair_58_light_oval_young_v1_front.png, generated/candidates/people-visual4-hair/pv4_hair_58_tan_oval_adult_fem_v1_front.png, generated/candidates/people-visual4-hair/pv4_hair_58_tan_round_young_v1_front.png
 - Duplicate hash 0ddac08db89c31070276035594ab5ae5f181ceba859f016c3fe559e9a6a2db9f shared by: generated/candidates/people-visual4-hair/pv4_hair_59_light_long_older_v1_front.png, generated/candidates/people-visual4-hair/pv4_hair_59_tan_square_adult_masc_v1_front.png
 - Duplicate hash 379c4a657d193557c57b50a9fce7cf666a3a3f34ac96f41d7603408a1ece7111 shared by: generated/candidates/people-visual4-hair/pv4_hair_59_light_oval_young_fem_v1_front.png, generated/candidates/people-visual4-hair/pv4_hair_59_olive_oval_adult_v1_front.png
 - Duplicate hash 6100a1192bf67a98348aa34df1f243d90300571bec1fec3f0d16821302a60e0e shared by: generated/candidates/people-visual4-hair/pv4_hair_59_light_oval_young_v1_front.png, generated/candidates/people-visual4-hair/pv4_hair_59_tan_oval_adult_fem_v1_front.png, generated/candidates/people-visual4-hair/pv4_hair_59_tan_round_young_v1_front.png
 - Duplicate hash 3751bc3f29805f62662fdd1eab7ec1e9f13b35cc3af5cd28576b6460091e867f shared by: generated/candidates/people-visual4-hair/pv4_hair_60_light_long_older_v1_front.png, generated/candidates/people-visual4-hair/pv4_hair_60_tan_square_adult_masc_v1_front.png
 - Duplicate hash 8fdeb0c8e75507e8ba54e7a191c822420fcaf7da88949789c037604a6738e750 shared by: generated/candidates/people-visual4-hair/pv4_hair_60_light_oval_young_fem_v1_front.png, generated/candidates/people-visual4-hair/pv4_hair_60_olive_oval_adult_v1_front.png
 - Duplicate hash 4a9d64cb2e55939f9cc19971c401291a2245a312595c84f142dca0cf4fe0d180 shared by: generated/candidates/people-visual4-hair/pv4_hair_60_light_oval_young_v1_front.png, generated/candidates/people-visual4-hair/pv4_hair_60_tan_oval_adult_fem_v1_front.png, generated/candidates/people-visual4-hair/pv4_hair_60_tan_round_young_v1_front.png
 - Duplicate hash 29ab6ef7aebe8a649b3fa1b3fecd981380520e9d8323a40f389a9d09142b5857 shared by: generated/candidates/people-visual4-hair/pv4_hair_61_light_long_older_v1_front.png, generated/candidates/people-visual4-hair/pv4_hair_61_tan_square_adult_masc_v1_front.png
 - Duplicate hash bbd77c40599ae74220c9a79d303b8b6c25ea8c291ca318149b1767d5a17c9168 shared by: generated/candidates/people-visual4-hair/pv4_hair_61_light_oval_young_fem_v1_front.png, generated/candidates/people-visual4-hair/pv4_hair_61_olive_oval_adult_v1_front.png
 - Duplicate hash c31d0de741205e54644ff2e7d47a99748700d556fae6ad99e779ba6b5f4a9ff0 shared by: generated/candidates/people-visual4-hair/pv4_hair_61_light_oval_young_v1_front.png, generated/candidates/people-visual4-hair/pv4_hair_61_tan_oval_adult_fem_v1_front.png, generated/candidates/people-visual4-hair/pv4_hair_61_tan_round_young_v1_front.png
 - Duplicate hash 1f1f75f33d8d279d6a861aea58329e1ac4d47df1b829e2c95c2c1f87b9cf11f2 shared by: generated/candidates/people-visual4-hair/pv4_hair_62_light_long_older_v1_front.png, generated/candidates/people-visual4-hair/pv4_hair_62_tan_square_adult_masc_v1_front.png
 - Duplicate hash fcb1f76060482dd3d405d73236af0c97bc409adfa12d842f1332d8cc2bdb8774 shared by: generated/candidates/people-visual4-hair/pv4_hair_62_light_oval_young_fem_v1_front.png, generated/candidates/people-visual4-hair/pv4_hair_62_olive_oval_adult_v1_front.png
 - Duplicate hash 07f400d7aa84ccec4a9cd3db9a1f8518e2df53958787ee322932e712c48acc0f shared by: generated/candidates/people-visual4-hair/pv4_hair_62_light_oval_young_v1_front.png, generated/candidates/people-visual4-hair/pv4_hair_62_tan_oval_adult_fem_v1_front.png, generated/candidates/people-visual4-hair/pv4_hair_62_tan_round_young_v1_front.png
 - Duplicate hash 616a8f369b3f5437a57d662df74ed1cab7f078c135b15a3aba52f4aefd68d6fc shared by: generated/candidates/people-visual4-hair/pv4_hair_63_light_long_older_v1_front.png, generated/candidates/people-visual4-hair/pv4_hair_63_tan_square_adult_masc_v1_front.png
 - Duplicate hash 17fdbb760050969a564ee9c76048d2721ba371bd8e4da191050398a29d66632a shared by: generated/candidates/people-visual4-hair/pv4_hair_63_light_oval_young_fem_v1_front.png, generated/candidates/people-visual4-hair/pv4_hair_63_olive_oval_adult_v1_front.png
 - Duplicate hash 25ac7e18dcf4a76cd31f66e7c25734057c231aef2b464898ae3c37d4f3718ce5 shared by: generated/candidates/people-visual4-hair/pv4_hair_63_light_oval_young_v1_front.png, generated/candidates/people-visual4-hair/pv4_hair_63_tan_oval_adult_fem_v1_front.png, generated/candidates/people-visual4-hair/pv4_hair_63_tan_round_young_v1_front.png
