[WebServer] (node:15750) Warning: The 'NO_COLOR' env is ignored due to the 'FORCE_COLOR' env being set.
[WebServer] (Use `node --trace-warnings ...` to show where the warning was created)

[WebServer] (node:15753) Warning: The 'NO_COLOR' env is ignored due to the 'FORCE_COLOR' env being set.
[WebServer] (Use `node --trace-warnings ...` to show where the warning was created)

[WebServer] (!) Your Vite config uses features that are unsupported by `configLoader: 'native'`, which is planned to become the default in a future major version of Vite:
[WebServer]   - import "./scripts/dev-lab/vite-identity" without a file extension (vite.config.ts:6:33). Add the file extension
[WebServer]   - import "./identity" without a file extension (scripts/dev-lab/vite-identity.ts:3:32). Add the file extension
[WebServer] Set `VITE_CONFIG_NATIVE_IGNORE_WARNING=true` to suppress this warning.


Running 1 test using 1 worker

(node:15952) Warning: The 'NO_COLOR' env is ignored due to the 'FORCE_COLOR' env being set.
(Use `node --trace-warnings ...` to show where the warning was created)


[1/1] [chromium] › tests/e2e/edu-path7-normal.spec.ts:9:1 › normal dated education offer, attendance, interruption and repeated saving
  1) [chromium] › tests/e2e/edu-path7-normal.spec.ts:9:1 › normal dated education offer, attendance, interruption and repeated saving 

    Error: expect(locator).toContainText(expected) failed

    Locator: locator('article').filter({ has: getByRole('heading', { name: 'Workforce Education — noncredit study', exact: true }) })
    Expected substring: "1 attended sessions"
    Received string:    "Workforce Education — noncredit studyactive. 0 attended sessions.Schedule next sessionInterruptLeave2026-01-07, 18:00 — 2 hours. Attending advances the clock to the end of this session.Attend Workforce Education — noncredit study"
    Timeout: 5000ms

    Call log:
      - Expect "toContainText" with timeout 5000ms
      - waiting for locator('article').filter({ has: getByRole('heading', { name: 'Workforce Education — noncredit study', exact: true }) })
        14 × locator resolved to <article>…</article>
           - unexpected value "Workforce Education — noncredit studyactive. 0 attended sessions.Schedule next sessionInterruptLeave2026-01-07, 18:00 — 2 hours. Attending advances the clock to the end of this session.Attend Workforce Education — noncredit study"


      119 |     })
      120 |     .click();
    > 121 |   await expect(study).toContainText("1 attended sessions");
          |                       ^
      122 |   await study
      123 |     .getByRole("button", { name: "Interrupt", exact: true })
      124 |     .press("Space");
        at /private/tmp/pg-ui-core-release-transfer/tests/e2e/edu-path7-normal.spec.ts:121:23

    attachment #1: screenshot (image/png) ──────────────────────────────────────────────────────────
    ../ui-core-transfer-recovery/browser/ui-return7-edu-c66407e/results/edu-path7-normal-normal-da-b41e7-ruption-and-repeated-saving-chromium/test-failed-1.png
    ────────────────────────────────────────────────────────────────────────────────────────────────

    Error Context: ../ui-core-transfer-recovery/browser/ui-return7-edu-c66407e/results/edu-path7-normal-normal-da-b41e7-ruption-and-repeated-saving-chromium/error-context.md

    attachment #4: trace (application/zip) ─────────────────────────────────────────────────────────
    ../ui-core-transfer-recovery/browser/ui-return7-edu-c66407e/results/edu-path7-normal-normal-da-b41e7-ruption-and-repeated-saving-chromium/trace.zip
    Usage:

        npx playwright show-trace ../ui-core-transfer-recovery/browser/ui-return7-edu-c66407e/results/edu-path7-normal-normal-da-b41e7-ruption-and-repeated-saving-chromium/trace.zip

    ────────────────────────────────────────────────────────────────────────────────────────────────


  1 failed
    [chromium] › tests/e2e/edu-path7-normal.spec.ts:9:1 › normal dated education offer, attendance, interruption and repeated saving 
