
 RUN  v4.1.1 /private/tmp/pg-opening-life1

 ❯ src/presentation/narrative-life.test.ts (35 tests | 1 failed | 34 skipped) 15ms
     × keeps one household episode running across more than one beat 13ms

⎯⎯⎯⎯⎯⎯⎯ Failed Tests 1 ⎯⎯⎯⎯⎯⎯⎯

 FAIL  src/presentation/narrative-life.test.ts > Play-proof 3 — an adult thread runs across several beats > keeps one household episode running across more than one beat
AssertionError: expected false to be true // Object.is equality

- Expected
+ Received

- true
+ false

 ❯ src/presentation/narrative-life.test.ts:551:62
    549|     // And the second stage happened later, not in the same moment.
    550|     for (const instance of running) {
    551|       expect(instance.lastPlayedAt > instance.firstPlayedAt).toBe(true…
       |                                                              ^
    552|     }
    553|   });

⎯⎯⎯⎯⎯⎯⎯⎯⎯⎯⎯⎯⎯⎯⎯⎯⎯⎯⎯⎯⎯⎯⎯⎯[1/1]⎯


 Test Files  1 failed (1)
      Tests  1 failed | 34 skipped (35)
   Start at  14:04:38
   Duration  6.41s (transform 2.27s, setup 0ms, import 6.07s, tests 15ms, environment 0ms)

